     0,                  Time [s],                            Time [s]
     1,            delta GENROU 1,                   $\delta$ GENROU 1
     2,            delta GENROU 2,                   $\delta$ GENROU 2
     3,            delta GENROU 3,                   $\delta$ GENROU 3
     4,            delta GENROU 4,                   $\delta$ GENROU 4
     5,            delta GENROU 5,                   $\delta$ GENROU 5
     6,            delta GENROU 6,                   $\delta$ GENROU 6
     7,            delta GENROU 7,                   $\delta$ GENROU 7
     8,            delta GENROU 8,                   $\delta$ GENROU 8
     9,            delta GENROU 9,                   $\delta$ GENROU 9
    10,           delta GENROU 10,                  $\delta$ GENROU 10
    11,           delta GENROU 11,                  $\delta$ GENROU 11
    12,           delta GENROU 12,                  $\delta$ GENROU 12
    13,           delta GENROU 13,                  $\delta$ GENROU 13
    14,           delta GENROU 14,                  $\delta$ GENROU 14
    15,           delta GENROU 15,                  $\delta$ GENROU 15
    16,           delta GENROU 16,                  $\delta$ GENROU 16
    17,           delta GENROU 17,                  $\delta$ GENROU 17
    18,           delta GENROU 18,                  $\delta$ GENROU 18
    19,           delta GENROU 19,                  $\delta$ GENROU 19
    20,            omega GENROU 1,                   $\omega$ GENROU 1
    21,            omega GENROU 2,                   $\omega$ GENROU 2
    22,            omega GENROU 3,                   $\omega$ GENROU 3
    23,            omega GENROU 4,                   $\omega$ GENROU 4
    24,            omega GENROU 5,                   $\omega$ GENROU 5
    25,            omega GENROU 6,                   $\omega$ GENROU 6
    26,            omega GENROU 7,                   $\omega$ GENROU 7
    27,            omega GENROU 8,                   $\omega$ GENROU 8
    28,            omega GENROU 9,                   $\omega$ GENROU 9
    29,           omega GENROU 10,                  $\omega$ GENROU 10
    30,           omega GENROU 11,                  $\omega$ GENROU 11
    31,           omega GENROU 12,                  $\omega$ GENROU 12
    32,           omega GENROU 13,                  $\omega$ GENROU 13
    33,           omega GENROU 14,                  $\omega$ GENROU 14
    34,           omega GENROU 15,                  $\omega$ GENROU 15
    35,           omega GENROU 16,                  $\omega$ GENROU 16
    36,           omega GENROU 17,                  $\omega$ GENROU 17
    37,           omega GENROU 18,                  $\omega$ GENROU 18
    38,           omega GENROU 19,                  $\omega$ GENROU 19
    39,              e1q GENROU 1,                   ${e'_q}$ GENROU 1
    40,              e1q GENROU 2,                   ${e'_q}$ GENROU 2
    41,              e1q GENROU 3,                   ${e'_q}$ GENROU 3
    42,              e1q GENROU 4,                   ${e'_q}$ GENROU 4
    43,              e1q GENROU 5,                   ${e'_q}$ GENROU 5
    44,              e1q GENROU 6,                   ${e'_q}$ GENROU 6
    45,              e1q GENROU 7,                   ${e'_q}$ GENROU 7
    46,              e1q GENROU 8,                   ${e'_q}$ GENROU 8
    47,              e1q GENROU 9,                   ${e'_q}$ GENROU 9
    48,             e1q GENROU 10,                  ${e'_q}$ GENROU 10
    49,             e1q GENROU 11,                  ${e'_q}$ GENROU 11
    50,             e1q GENROU 12,                  ${e'_q}$ GENROU 12
    51,             e1q GENROU 13,                  ${e'_q}$ GENROU 13
    52,             e1q GENROU 14,                  ${e'_q}$ GENROU 14
    53,             e1q GENROU 15,                  ${e'_q}$ GENROU 15
    54,             e1q GENROU 16,                  ${e'_q}$ GENROU 16
    55,             e1q GENROU 17,                  ${e'_q}$ GENROU 17
    56,             e1q GENROU 18,                  ${e'_q}$ GENROU 18
    57,             e1q GENROU 19,                  ${e'_q}$ GENROU 19
    58,              e1d GENROU 1,                   ${e'_d}$ GENROU 1
    59,              e1d GENROU 2,                   ${e'_d}$ GENROU 2
    60,              e1d GENROU 3,                   ${e'_d}$ GENROU 3
    61,              e1d GENROU 4,                   ${e'_d}$ GENROU 4
    62,              e1d GENROU 5,                   ${e'_d}$ GENROU 5
    63,              e1d GENROU 6,                   ${e'_d}$ GENROU 6
    64,              e1d GENROU 7,                   ${e'_d}$ GENROU 7
    65,              e1d GENROU 8,                   ${e'_d}$ GENROU 8
    66,              e1d GENROU 9,                   ${e'_d}$ GENROU 9
    67,             e1d GENROU 10,                  ${e'_d}$ GENROU 10
    68,             e1d GENROU 11,                  ${e'_d}$ GENROU 11
    69,             e1d GENROU 12,                  ${e'_d}$ GENROU 12
    70,             e1d GENROU 13,                  ${e'_d}$ GENROU 13
    71,             e1d GENROU 14,                  ${e'_d}$ GENROU 14
    72,             e1d GENROU 15,                  ${e'_d}$ GENROU 15
    73,             e1d GENROU 16,                  ${e'_d}$ GENROU 16
    74,             e1d GENROU 17,                  ${e'_d}$ GENROU 17
    75,             e1d GENROU 18,                  ${e'_d}$ GENROU 18
    76,             e1d GENROU 19,                  ${e'_d}$ GENROU 19
    77,              e2d GENROU 1,                  ${e''_d}$ GENROU 1
    78,              e2d GENROU 2,                  ${e''_d}$ GENROU 2
    79,              e2d GENROU 3,                  ${e''_d}$ GENROU 3
    80,              e2d GENROU 4,                  ${e''_d}$ GENROU 4
    81,              e2d GENROU 5,                  ${e''_d}$ GENROU 5
    82,              e2d GENROU 6,                  ${e''_d}$ GENROU 6
    83,              e2d GENROU 7,                  ${e''_d}$ GENROU 7
    84,              e2d GENROU 8,                  ${e''_d}$ GENROU 8
    85,              e2d GENROU 9,                  ${e''_d}$ GENROU 9
    86,             e2d GENROU 10,                 ${e''_d}$ GENROU 10
    87,             e2d GENROU 11,                 ${e''_d}$ GENROU 11
    88,             e2d GENROU 12,                 ${e''_d}$ GENROU 12
    89,             e2d GENROU 13,                 ${e''_d}$ GENROU 13
    90,             e2d GENROU 14,                 ${e''_d}$ GENROU 14
    91,             e2d GENROU 15,                 ${e''_d}$ GENROU 15
    92,             e2d GENROU 16,                 ${e''_d}$ GENROU 16
    93,             e2d GENROU 17,                 ${e''_d}$ GENROU 17
    94,             e2d GENROU 18,                 ${e''_d}$ GENROU 18
    95,             e2d GENROU 19,                 ${e''_d}$ GENROU 19
    96,              e2q GENROU 1,                  ${e''_q}$ GENROU 1
    97,              e2q GENROU 2,                  ${e''_q}$ GENROU 2
    98,              e2q GENROU 3,                  ${e''_q}$ GENROU 3
    99,              e2q GENROU 4,                  ${e''_q}$ GENROU 4
   100,              e2q GENROU 5,                  ${e''_q}$ GENROU 5
   101,              e2q GENROU 6,                  ${e''_q}$ GENROU 6
   102,              e2q GENROU 7,                  ${e''_q}$ GENROU 7
   103,              e2q GENROU 8,                  ${e''_q}$ GENROU 8
   104,              e2q GENROU 9,                  ${e''_q}$ GENROU 9
   105,             e2q GENROU 10,                 ${e''_q}$ GENROU 10
   106,             e2q GENROU 11,                 ${e''_q}$ GENROU 11
   107,             e2q GENROU 12,                 ${e''_q}$ GENROU 12
   108,             e2q GENROU 13,                 ${e''_q}$ GENROU 13
   109,             e2q GENROU 14,                 ${e''_q}$ GENROU 14
   110,             e2q GENROU 15,                 ${e''_q}$ GENROU 15
   111,             e2q GENROU 16,                 ${e''_q}$ GENROU 16
   112,             e2q GENROU 17,                 ${e''_q}$ GENROU 17
   113,             e2q GENROU 18,                 ${e''_q}$ GENROU 18
   114,             e2q GENROU 19,                 ${e''_q}$ GENROU 19
   115,             LAG_y TGOV1 1,                   $y_{LAG}$ TGOV1 1
   116,             LAG_y TGOV1 2,                   $y_{LAG}$ TGOV1 2
   117,             LAG_y TGOV1 3,                   $y_{LAG}$ TGOV1 3
   118,             LAG_y TGOV1 4,                   $y_{LAG}$ TGOV1 4
   119,             LAG_y TGOV1 5,                   $y_{LAG}$ TGOV1 5
   120,             LAG_y TGOV1 6,                   $y_{LAG}$ TGOV1 6
   121,             LAG_y TGOV1 7,                   $y_{LAG}$ TGOV1 7
   122,             LAG_y TGOV1 8,                   $y_{LAG}$ TGOV1 8
   123,             LAG_y TGOV1 9,                   $y_{LAG}$ TGOV1 9
   124,            LAG_y TGOV1 10,                  $y_{LAG}$ TGOV1 10
   125,            LAG_y TGOV1 11,                  $y_{LAG}$ TGOV1 11
   126,            LAG_y TGOV1 12,                  $y_{LAG}$ TGOV1 12
   127,            LAG_y TGOV1 13,                  $y_{LAG}$ TGOV1 13
   128,            LAG_y TGOV1 14,                  $y_{LAG}$ TGOV1 14
   129,            LAG_y TGOV1 15,                  $y_{LAG}$ TGOV1 15
   130,            LAG_y TGOV1 16,                  $y_{LAG}$ TGOV1 16
   131,            LAG_y TGOV1 17,                  $y_{LAG}$ TGOV1 17
   132,            LAG_y TGOV1 18,                  $y_{LAG}$ TGOV1 18
   133,            LAG_y TGOV1 19,                  $y_{LAG}$ TGOV1 19
   134,              LL_x TGOV1 1,                   $x'_{LL}$ TGOV1 1
   135,              LL_x TGOV1 2,                   $x'_{LL}$ TGOV1 2
   136,              LL_x TGOV1 3,                   $x'_{LL}$ TGOV1 3
   137,              LL_x TGOV1 4,                   $x'_{LL}$ TGOV1 4
   138,              LL_x TGOV1 5,                   $x'_{LL}$ TGOV1 5
   139,              LL_x TGOV1 6,                   $x'_{LL}$ TGOV1 6
   140,              LL_x TGOV1 7,                   $x'_{LL}$ TGOV1 7
   141,              LL_x TGOV1 8,                   $x'_{LL}$ TGOV1 8
   142,              LL_x TGOV1 9,                   $x'_{LL}$ TGOV1 9
   143,             LL_x TGOV1 10,                  $x'_{LL}$ TGOV1 10
   144,             LL_x TGOV1 11,                  $x'_{LL}$ TGOV1 11
   145,             LL_x TGOV1 12,                  $x'_{LL}$ TGOV1 12
   146,             LL_x TGOV1 13,                  $x'_{LL}$ TGOV1 13
   147,             LL_x TGOV1 14,                  $x'_{LL}$ TGOV1 14
   148,             LL_x TGOV1 15,                  $x'_{LL}$ TGOV1 15
   149,             LL_x TGOV1 16,                  $x'_{LL}$ TGOV1 16
   150,             LL_x TGOV1 17,                  $x'_{LL}$ TGOV1 17
   151,             LL_x TGOV1 18,                  $x'_{LL}$ TGOV1 18
   152,             LL_x TGOV1 19,                  $x'_{LL}$ TGOV1 19
   153,              LG_y EXST1 1,                    $y_{LG}$ EXST1 1
   154,              LG_y EXST1 2,                    $y_{LG}$ EXST1 2
   155,              LG_y EXST1 3,                    $y_{LG}$ EXST1 3
   156,              LG_y EXST1 4,                    $y_{LG}$ EXST1 4
   157,              LG_y EXST1 5,                    $y_{LG}$ EXST1 5
   158,              LG_y EXST1 6,                    $y_{LG}$ EXST1 6
   159,              LG_y EXST1 7,                    $y_{LG}$ EXST1 7
   160,              LG_y EXST1 8,                    $y_{LG}$ EXST1 8
   161,              LG_y EXST1 9,                    $y_{LG}$ EXST1 9
   162,             LG_y EXST1 10,                   $y_{LG}$ EXST1 10
   163,             LG_y EXST1 11,                   $y_{LG}$ EXST1 11
   164,             LG_y EXST1 12,                   $y_{LG}$ EXST1 12
   165,             LG_y EXST1 13,                   $y_{LG}$ EXST1 13
   166,             LG_y EXST1 14,                   $y_{LG}$ EXST1 14
   167,             LG_y EXST1 15,                   $y_{LG}$ EXST1 15
   168,             LG_y EXST1 16,                   $y_{LG}$ EXST1 16
   169,             LG_y EXST1 17,                   $y_{LG}$ EXST1 17
   170,             LG_y EXST1 18,                   $y_{LG}$ EXST1 18
   171,             LG_y EXST1 19,                   $y_{LG}$ EXST1 19
   172,              LL_x EXST1 1,                   $x'_{LL}$ EXST1 1
   173,              LL_x EXST1 2,                   $x'_{LL}$ EXST1 2
   174,              LL_x EXST1 3,                   $x'_{LL}$ EXST1 3
   175,              LL_x EXST1 4,                   $x'_{LL}$ EXST1 4
   176,              LL_x EXST1 5,                   $x'_{LL}$ EXST1 5
   177,              LL_x EXST1 6,                   $x'_{LL}$ EXST1 6
   178,              LL_x EXST1 7,                   $x'_{LL}$ EXST1 7
   179,              LL_x EXST1 8,                   $x'_{LL}$ EXST1 8
   180,              LL_x EXST1 9,                   $x'_{LL}$ EXST1 9
   181,             LL_x EXST1 10,                  $x'_{LL}$ EXST1 10
   182,             LL_x EXST1 11,                  $x'_{LL}$ EXST1 11
   183,             LL_x EXST1 12,                  $x'_{LL}$ EXST1 12
   184,             LL_x EXST1 13,                  $x'_{LL}$ EXST1 13
   185,             LL_x EXST1 14,                  $x'_{LL}$ EXST1 14
   186,             LL_x EXST1 15,                  $x'_{LL}$ EXST1 15
   187,             LL_x EXST1 16,                  $x'_{LL}$ EXST1 16
   188,             LL_x EXST1 17,                  $x'_{LL}$ EXST1 17
   189,             LL_x EXST1 18,                  $x'_{LL}$ EXST1 18
   190,             LL_x EXST1 19,                  $x'_{LL}$ EXST1 19
   191,              LR_y EXST1 1,                    $y_{LR}$ EXST1 1
   192,              LR_y EXST1 2,                    $y_{LR}$ EXST1 2
   193,              LR_y EXST1 3,                    $y_{LR}$ EXST1 3
   194,              LR_y EXST1 4,                    $y_{LR}$ EXST1 4
   195,              LR_y EXST1 5,                    $y_{LR}$ EXST1 5
   196,              LR_y EXST1 6,                    $y_{LR}$ EXST1 6
   197,              LR_y EXST1 7,                    $y_{LR}$ EXST1 7
   198,              LR_y EXST1 8,                    $y_{LR}$ EXST1 8
   199,              LR_y EXST1 9,                    $y_{LR}$ EXST1 9
   200,             LR_y EXST1 10,                   $y_{LR}$ EXST1 10
   201,             LR_y EXST1 11,                   $y_{LR}$ EXST1 11
   202,             LR_y EXST1 12,                   $y_{LR}$ EXST1 12
   203,             LR_y EXST1 13,                   $y_{LR}$ EXST1 13
   204,             LR_y EXST1 14,                   $y_{LR}$ EXST1 14
   205,             LR_y EXST1 15,                   $y_{LR}$ EXST1 15
   206,             LR_y EXST1 16,                   $y_{LR}$ EXST1 16
   207,             LR_y EXST1 17,                   $y_{LR}$ EXST1 17
   208,             LR_y EXST1 18,                   $y_{LR}$ EXST1 18
   209,             LR_y EXST1 19,                   $y_{LR}$ EXST1 19
   210,              WF_x EXST1 1,                   $x'_{WF}$ EXST1 1
   211,              WF_x EXST1 2,                   $x'_{WF}$ EXST1 2
   212,              WF_x EXST1 3,                   $x'_{WF}$ EXST1 3
   213,              WF_x EXST1 4,                   $x'_{WF}$ EXST1 4
   214,              WF_x EXST1 5,                   $x'_{WF}$ EXST1 5
   215,              WF_x EXST1 6,                   $x'_{WF}$ EXST1 6
   216,              WF_x EXST1 7,                   $x'_{WF}$ EXST1 7
   217,              WF_x EXST1 8,                   $x'_{WF}$ EXST1 8
   218,              WF_x EXST1 9,                   $x'_{WF}$ EXST1 9
   219,             WF_x EXST1 10,                  $x'_{WF}$ EXST1 10
   220,             WF_x EXST1 11,                  $x'_{WF}$ EXST1 11
   221,             WF_x EXST1 12,                  $x'_{WF}$ EXST1 12
   222,             WF_x EXST1 13,                  $x'_{WF}$ EXST1 13
   223,             WF_x EXST1 14,                  $x'_{WF}$ EXST1 14
   224,             WF_x EXST1 15,                  $x'_{WF}$ EXST1 15
   225,             WF_x EXST1 16,                  $x'_{WF}$ EXST1 16
   226,             WF_x EXST1 17,                  $x'_{WF}$ EXST1 17
   227,             WF_x EXST1 18,                  $x'_{WF}$ EXST1 18
   228,             WF_x EXST1 19,                  $x'_{WF}$ EXST1 19
   229,                   a Bus 1,                      $\theta$ Bus 1
   230,                   a Bus 2,                      $\theta$ Bus 2
   231,                   a Bus 3,                      $\theta$ Bus 3
   232,                   a Bus 4,                      $\theta$ Bus 4
   233,                   a Bus 5,                      $\theta$ Bus 5
   234,                   a Bus 6,                      $\theta$ Bus 6
   235,                   a Bus 7,                      $\theta$ Bus 7
   236,                   a Bus 8,                      $\theta$ Bus 8
   237,                   a Bus 9,                      $\theta$ Bus 9
   238,                  a Bus 10,                     $\theta$ Bus 10
   239,                  a Bus 11,                     $\theta$ Bus 11
   240,                  a Bus 12,                     $\theta$ Bus 12
   241,                  a Bus 13,                     $\theta$ Bus 13
   242,                  a Bus 14,                     $\theta$ Bus 14
   243,                  a Bus 15,                     $\theta$ Bus 15
   244,                  a Bus 16,                     $\theta$ Bus 16
   245,                  a Bus 17,                     $\theta$ Bus 17
   246,                  a Bus 18,                     $\theta$ Bus 18
   247,                  a Bus 19,                     $\theta$ Bus 19
   248,                  a Bus 20,                     $\theta$ Bus 20
   249,                  a Bus 21,                     $\theta$ Bus 21
   250,                  a Bus 22,                     $\theta$ Bus 22
   251,                  a Bus 23,                     $\theta$ Bus 23
   252,                  a Bus 24,                     $\theta$ Bus 24
   253,                  a Bus 25,                     $\theta$ Bus 25
   254,                  a Bus 26,                     $\theta$ Bus 26
   255,                  a Bus 27,                     $\theta$ Bus 27
   256,                  a Bus 28,                     $\theta$ Bus 28
   257,                  a Bus 29,                     $\theta$ Bus 29
   258,                  a Bus 30,                     $\theta$ Bus 30
   259,                  a Bus 31,                     $\theta$ Bus 31
   260,                  a Bus 32,                     $\theta$ Bus 32
   261,                  a Bus 33,                     $\theta$ Bus 33
   262,                  a Bus 34,                     $\theta$ Bus 34
   263,                  a Bus 35,                     $\theta$ Bus 35
   264,                  a Bus 36,                     $\theta$ Bus 36
   265,                  a Bus 37,                     $\theta$ Bus 37
   266,                  a Bus 38,                     $\theta$ Bus 38
   267,                  a Bus 39,                     $\theta$ Bus 39
   268,                  a Bus 40,                     $\theta$ Bus 40
   269,                  a Bus 41,                     $\theta$ Bus 41
   270,                  a Bus 42,                     $\theta$ Bus 42
   271,                  a Bus 43,                     $\theta$ Bus 43
   272,                  a Bus 44,                     $\theta$ Bus 44
   273,                  a Bus 45,                     $\theta$ Bus 45
   274,                  a Bus 46,                     $\theta$ Bus 46
   275,                  a Bus 47,                     $\theta$ Bus 47
   276,                  a Bus 48,                     $\theta$ Bus 48
   277,                  a Bus 49,                     $\theta$ Bus 49
   278,                  a Bus 50,                     $\theta$ Bus 50
   279,                  a Bus 51,                     $\theta$ Bus 51
   280,                  a Bus 52,                     $\theta$ Bus 52
   281,                  a Bus 53,                     $\theta$ Bus 53
   282,                  a Bus 54,                     $\theta$ Bus 54
   283,                  a Bus 55,                     $\theta$ Bus 55
   284,                  a Bus 56,                     $\theta$ Bus 56
   285,                  a Bus 57,                     $\theta$ Bus 57
   286,                  a Bus 58,                     $\theta$ Bus 58
   287,                  a Bus 59,                     $\theta$ Bus 59
   288,                  a Bus 60,                     $\theta$ Bus 60
   289,                  a Bus 61,                     $\theta$ Bus 61
   290,                  a Bus 62,                     $\theta$ Bus 62
   291,                  a Bus 63,                     $\theta$ Bus 63
   292,                  a Bus 64,                     $\theta$ Bus 64
   293,                  a Bus 65,                     $\theta$ Bus 65
   294,                  a Bus 66,                     $\theta$ Bus 66
   295,                  a Bus 67,                     $\theta$ Bus 67
   296,                  a Bus 68,                     $\theta$ Bus 68
   297,                  a Bus 69,                     $\theta$ Bus 69
   298,                  a Bus 70,                     $\theta$ Bus 70
   299,                  a Bus 71,                     $\theta$ Bus 71
   300,                  a Bus 72,                     $\theta$ Bus 72
   301,                  a Bus 73,                     $\theta$ Bus 73
   302,                  a Bus 74,                     $\theta$ Bus 74
   303,                  a Bus 75,                     $\theta$ Bus 75
   304,                  a Bus 76,                     $\theta$ Bus 76
   305,                  a Bus 77,                     $\theta$ Bus 77
   306,                  a Bus 78,                     $\theta$ Bus 78
   307,                  a Bus 79,                     $\theta$ Bus 79
   308,                  a Bus 80,                     $\theta$ Bus 80
   309,                  a Bus 81,                     $\theta$ Bus 81
   310,                  a Bus 82,                     $\theta$ Bus 82
   311,                  a Bus 83,                     $\theta$ Bus 83
   312,                  a Bus 84,                     $\theta$ Bus 84
   313,                  a Bus 85,                     $\theta$ Bus 85
   314,                  a Bus 86,                     $\theta$ Bus 86
   315,                  a Bus 87,                     $\theta$ Bus 87
   316,                  a Bus 88,                     $\theta$ Bus 88
   317,                  a Bus 89,                     $\theta$ Bus 89
   318,                  a Bus 90,                     $\theta$ Bus 90
   319,                  a Bus 91,                     $\theta$ Bus 91
   320,                  a Bus 92,                     $\theta$ Bus 92
   321,                  a Bus 93,                     $\theta$ Bus 93
   322,                  a Bus 94,                     $\theta$ Bus 94
   323,                  a Bus 95,                     $\theta$ Bus 95
   324,                  a Bus 96,                     $\theta$ Bus 96
   325,                  a Bus 97,                     $\theta$ Bus 97
   326,                  a Bus 98,                     $\theta$ Bus 98
   327,                  a Bus 99,                     $\theta$ Bus 99
   328,                 a Bus 100,                    $\theta$ Bus 100
   329,                 a Bus 101,                    $\theta$ Bus 101
   330,                 a Bus 102,                    $\theta$ Bus 102
   331,                 a Bus 103,                    $\theta$ Bus 103
   332,                 a Bus 104,                    $\theta$ Bus 104
   333,                 a Bus 105,                    $\theta$ Bus 105
   334,                 a Bus 106,                    $\theta$ Bus 106
   335,                 a Bus 107,                    $\theta$ Bus 107
   336,                 a Bus 108,                    $\theta$ Bus 108
   337,                 a Bus 109,                    $\theta$ Bus 109
   338,                 a Bus 110,                    $\theta$ Bus 110
   339,                 a Bus 111,                    $\theta$ Bus 111
   340,                 a Bus 112,                    $\theta$ Bus 112
   341,                 a Bus 113,                    $\theta$ Bus 113
   342,                 a Bus 114,                    $\theta$ Bus 114
   343,                 a Bus 115,                    $\theta$ Bus 115
   344,                 a Bus 116,                    $\theta$ Bus 116
   345,                 a Bus 117,                    $\theta$ Bus 117
   346,                 a Bus 118,                    $\theta$ Bus 118
   347,                   v Bus 1,                           $V$ Bus 1
   348,                   v Bus 2,                           $V$ Bus 2
   349,                   v Bus 3,                           $V$ Bus 3
   350,                   v Bus 4,                           $V$ Bus 4
   351,                   v Bus 5,                           $V$ Bus 5
   352,                   v Bus 6,                           $V$ Bus 6
   353,                   v Bus 7,                           $V$ Bus 7
   354,                   v Bus 8,                           $V$ Bus 8
   355,                   v Bus 9,                           $V$ Bus 9
   356,                  v Bus 10,                          $V$ Bus 10
   357,                  v Bus 11,                          $V$ Bus 11
   358,                  v Bus 12,                          $V$ Bus 12
   359,                  v Bus 13,                          $V$ Bus 13
   360,                  v Bus 14,                          $V$ Bus 14
   361,                  v Bus 15,                          $V$ Bus 15
   362,                  v Bus 16,                          $V$ Bus 16
   363,                  v Bus 17,                          $V$ Bus 17
   364,                  v Bus 18,                          $V$ Bus 18
   365,                  v Bus 19,                          $V$ Bus 19
   366,                  v Bus 20,                          $V$ Bus 20
   367,                  v Bus 21,                          $V$ Bus 21
   368,                  v Bus 22,                          $V$ Bus 22
   369,                  v Bus 23,                          $V$ Bus 23
   370,                  v Bus 24,                          $V$ Bus 24
   371,                  v Bus 25,                          $V$ Bus 25
   372,                  v Bus 26,                          $V$ Bus 26
   373,                  v Bus 27,                          $V$ Bus 27
   374,                  v Bus 28,                          $V$ Bus 28
   375,                  v Bus 29,                          $V$ Bus 29
   376,                  v Bus 30,                          $V$ Bus 30
   377,                  v Bus 31,                          $V$ Bus 31
   378,                  v Bus 32,                          $V$ Bus 32
   379,                  v Bus 33,                          $V$ Bus 33
   380,                  v Bus 34,                          $V$ Bus 34
   381,                  v Bus 35,                          $V$ Bus 35
   382,                  v Bus 36,                          $V$ Bus 36
   383,                  v Bus 37,                          $V$ Bus 37
   384,                  v Bus 38,                          $V$ Bus 38
   385,                  v Bus 39,                          $V$ Bus 39
   386,                  v Bus 40,                          $V$ Bus 40
   387,                  v Bus 41,                          $V$ Bus 41
   388,                  v Bus 42,                          $V$ Bus 42
   389,                  v Bus 43,                          $V$ Bus 43
   390,                  v Bus 44,                          $V$ Bus 44
   391,                  v Bus 45,                          $V$ Bus 45
   392,                  v Bus 46,                          $V$ Bus 46
   393,                  v Bus 47,                          $V$ Bus 47
   394,                  v Bus 48,                          $V$ Bus 48
   395,                  v Bus 49,                          $V$ Bus 49
   396,                  v Bus 50,                          $V$ Bus 50
   397,                  v Bus 51,                          $V$ Bus 51
   398,                  v Bus 52,                          $V$ Bus 52
   399,                  v Bus 53,                          $V$ Bus 53
   400,                  v Bus 54,                          $V$ Bus 54
   401,                  v Bus 55,                          $V$ Bus 55
   402,                  v Bus 56,                          $V$ Bus 56
   403,                  v Bus 57,                          $V$ Bus 57
   404,                  v Bus 58,                          $V$ Bus 58
   405,                  v Bus 59,                          $V$ Bus 59
   406,                  v Bus 60,                          $V$ Bus 60
   407,                  v Bus 61,                          $V$ Bus 61
   408,                  v Bus 62,                          $V$ Bus 62
   409,                  v Bus 63,                          $V$ Bus 63
   410,                  v Bus 64,                          $V$ Bus 64
   411,                  v Bus 65,                          $V$ Bus 65
   412,                  v Bus 66,                          $V$ Bus 66
   413,                  v Bus 67,                          $V$ Bus 67
   414,                  v Bus 68,                          $V$ Bus 68
   415,                  v Bus 69,                          $V$ Bus 69
   416,                  v Bus 70,                          $V$ Bus 70
   417,                  v Bus 71,                          $V$ Bus 71
   418,                  v Bus 72,                          $V$ Bus 72
   419,                  v Bus 73,                          $V$ Bus 73
   420,                  v Bus 74,                          $V$ Bus 74
   421,                  v Bus 75,                          $V$ Bus 75
   422,                  v Bus 76,                          $V$ Bus 76
   423,                  v Bus 77,                          $V$ Bus 77
   424,                  v Bus 78,                          $V$ Bus 78
   425,                  v Bus 79,                          $V$ Bus 79
   426,                  v Bus 80,                          $V$ Bus 80
   427,                  v Bus 81,                          $V$ Bus 81
   428,                  v Bus 82,                          $V$ Bus 82
   429,                  v Bus 83,                          $V$ Bus 83
   430,                  v Bus 84,                          $V$ Bus 84
   431,                  v Bus 85,                          $V$ Bus 85
   432,                  v Bus 86,                          $V$ Bus 86
   433,                  v Bus 87,                          $V$ Bus 87
   434,                  v Bus 88,                          $V$ Bus 88
   435,                  v Bus 89,                          $V$ Bus 89
   436,                  v Bus 90,                          $V$ Bus 90
   437,                  v Bus 91,                          $V$ Bus 91
   438,                  v Bus 92,                          $V$ Bus 92
   439,                  v Bus 93,                          $V$ Bus 93
   440,                  v Bus 94,                          $V$ Bus 94
   441,                  v Bus 95,                          $V$ Bus 95
   442,                  v Bus 96,                          $V$ Bus 96
   443,                  v Bus 97,                          $V$ Bus 97
   444,                  v Bus 98,                          $V$ Bus 98
   445,                  v Bus 99,                          $V$ Bus 99
   446,                 v Bus 100,                         $V$ Bus 100
   447,                 v Bus 101,                         $V$ Bus 101
   448,                 v Bus 102,                         $V$ Bus 102
   449,                 v Bus 103,                         $V$ Bus 103
   450,                 v Bus 104,                         $V$ Bus 104
   451,                 v Bus 105,                         $V$ Bus 105
   452,                 v Bus 106,                         $V$ Bus 106
   453,                 v Bus 107,                         $V$ Bus 107
   454,                 v Bus 108,                         $V$ Bus 108
   455,                 v Bus 109,                         $V$ Bus 109
   456,                 v Bus 110,                         $V$ Bus 110
   457,                 v Bus 111,                         $V$ Bus 111
   458,                 v Bus 112,                         $V$ Bus 112
   459,                 v Bus 113,                         $V$ Bus 113
   460,                 v Bus 114,                         $V$ Bus 114
   461,                 v Bus 115,                         $V$ Bus 115
   462,                 v Bus 116,                         $V$ Bus 116
   463,                 v Bus 117,                         $V$ Bus 117
   464,                 v Bus 118,                         $V$ Bus 118
   465,                    q PV 1,                            $q$ PV 1
   466,                    q PV 2,                            $q$ PV 2
   467,                    q PV 3,                            $q$ PV 3
   468,                    q PV 4,                            $q$ PV 4
   469,                    q PV 5,                            $q$ PV 5
   470,                    q PV 6,                            $q$ PV 6
   471,                    q PV 7,                            $q$ PV 7
   472,                    q PV 8,                            $q$ PV 8
   473,                    q PV 9,                            $q$ PV 9
   474,                   q PV 10,                           $q$ PV 10
   475,                   q PV 11,                           $q$ PV 11
   476,                   q PV 12,                           $q$ PV 12
   477,                   q PV 14,                           $q$ PV 14
   478,                   q PV 15,                           $q$ PV 15
   479,                   q PV 16,                           $q$ PV 16
   480,                   q PV 17,                           $q$ PV 17
   481,                   q PV 18,                           $q$ PV 18
   482,                   q PV 19,                           $q$ PV 19
   483,                q Slack 13,                        $q$ Slack 13
   484,                p Slack 13,                        $p$ Slack 13
   485,               Id GENROU 1,                      $I_d$ GENROU 1
   486,               Id GENROU 2,                      $I_d$ GENROU 2
   487,               Id GENROU 3,                      $I_d$ GENROU 3
   488,               Id GENROU 4,                      $I_d$ GENROU 4
   489,               Id GENROU 5,                      $I_d$ GENROU 5
   490,               Id GENROU 6,                      $I_d$ GENROU 6
   491,               Id GENROU 7,                      $I_d$ GENROU 7
   492,               Id GENROU 8,                      $I_d$ GENROU 8
   493,               Id GENROU 9,                      $I_d$ GENROU 9
   494,              Id GENROU 10,                     $I_d$ GENROU 10
   495,              Id GENROU 11,                     $I_d$ GENROU 11
   496,              Id GENROU 12,                     $I_d$ GENROU 12
   497,              Id GENROU 13,                     $I_d$ GENROU 13
   498,              Id GENROU 14,                     $I_d$ GENROU 14
   499,              Id GENROU 15,                     $I_d$ GENROU 15
   500,              Id GENROU 16,                     $I_d$ GENROU 16
   501,              Id GENROU 17,                     $I_d$ GENROU 17
   502,              Id GENROU 18,                     $I_d$ GENROU 18
   503,              Id GENROU 19,                     $I_d$ GENROU 19
   504,               Iq GENROU 1,                      $I_q$ GENROU 1
   505,               Iq GENROU 2,                      $I_q$ GENROU 2
   506,               Iq GENROU 3,                      $I_q$ GENROU 3
   507,               Iq GENROU 4,                      $I_q$ GENROU 4
   508,               Iq GENROU 5,                      $I_q$ GENROU 5
   509,               Iq GENROU 6,                      $I_q$ GENROU 6
   510,               Iq GENROU 7,                      $I_q$ GENROU 7
   511,               Iq GENROU 8,                      $I_q$ GENROU 8
   512,               Iq GENROU 9,                      $I_q$ GENROU 9
   513,              Iq GENROU 10,                     $I_q$ GENROU 10
   514,              Iq GENROU 11,                     $I_q$ GENROU 11
   515,              Iq GENROU 12,                     $I_q$ GENROU 12
   516,              Iq GENROU 13,                     $I_q$ GENROU 13
   517,              Iq GENROU 14,                     $I_q$ GENROU 14
   518,              Iq GENROU 15,                     $I_q$ GENROU 15
   519,              Iq GENROU 16,                     $I_q$ GENROU 16
   520,              Iq GENROU 17,                     $I_q$ GENROU 17
   521,              Iq GENROU 18,                     $I_q$ GENROU 18
   522,              Iq GENROU 19,                     $I_q$ GENROU 19
   523,               vd GENROU 1,                      $V_d$ GENROU 1
   524,               vd GENROU 2,                      $V_d$ GENROU 2
   525,               vd GENROU 3,                      $V_d$ GENROU 3
   526,               vd GENROU 4,                      $V_d$ GENROU 4
   527,               vd GENROU 5,                      $V_d$ GENROU 5
   528,               vd GENROU 6,                      $V_d$ GENROU 6
   529,               vd GENROU 7,                      $V_d$ GENROU 7
   530,               vd GENROU 8,                      $V_d$ GENROU 8
   531,               vd GENROU 9,                      $V_d$ GENROU 9
   532,              vd GENROU 10,                     $V_d$ GENROU 10
   533,              vd GENROU 11,                     $V_d$ GENROU 11
   534,              vd GENROU 12,                     $V_d$ GENROU 12
   535,              vd GENROU 13,                     $V_d$ GENROU 13
   536,              vd GENROU 14,                     $V_d$ GENROU 14
   537,              vd GENROU 15,                     $V_d$ GENROU 15
   538,              vd GENROU 16,                     $V_d$ GENROU 16
   539,              vd GENROU 17,                     $V_d$ GENROU 17
   540,              vd GENROU 18,                     $V_d$ GENROU 18
   541,              vd GENROU 19,                     $V_d$ GENROU 19
   542,               vq GENROU 1,                      $V_q$ GENROU 1
   543,               vq GENROU 2,                      $V_q$ GENROU 2
   544,               vq GENROU 3,                      $V_q$ GENROU 3
   545,               vq GENROU 4,                      $V_q$ GENROU 4
   546,               vq GENROU 5,                      $V_q$ GENROU 5
   547,               vq GENROU 6,                      $V_q$ GENROU 6
   548,               vq GENROU 7,                      $V_q$ GENROU 7
   549,               vq GENROU 8,                      $V_q$ GENROU 8
   550,               vq GENROU 9,                      $V_q$ GENROU 9
   551,              vq GENROU 10,                     $V_q$ GENROU 10
   552,              vq GENROU 11,                     $V_q$ GENROU 11
   553,              vq GENROU 12,                     $V_q$ GENROU 12
   554,              vq GENROU 13,                     $V_q$ GENROU 13
   555,              vq GENROU 14,                     $V_q$ GENROU 14
   556,              vq GENROU 15,                     $V_q$ GENROU 15
   557,              vq GENROU 16,                     $V_q$ GENROU 16
   558,              vq GENROU 17,                     $V_q$ GENROU 17
   559,              vq GENROU 18,                     $V_q$ GENROU 18
   560,              vq GENROU 19,                     $V_q$ GENROU 19
   561,               tm GENROU 1,                   $\tau_m$ GENROU 1
   562,               tm GENROU 2,                   $\tau_m$ GENROU 2
   563,               tm GENROU 3,                   $\tau_m$ GENROU 3
   564,               tm GENROU 4,                   $\tau_m$ GENROU 4
   565,               tm GENROU 5,                   $\tau_m$ GENROU 5
   566,               tm GENROU 6,                   $\tau_m$ GENROU 6
   567,               tm GENROU 7,                   $\tau_m$ GENROU 7
   568,               tm GENROU 8,                   $\tau_m$ GENROU 8
   569,               tm GENROU 9,                   $\tau_m$ GENROU 9
   570,              tm GENROU 10,                  $\tau_m$ GENROU 10
   571,              tm GENROU 11,                  $\tau_m$ GENROU 11
   572,              tm GENROU 12,                  $\tau_m$ GENROU 12
   573,              tm GENROU 13,                  $\tau_m$ GENROU 13
   574,              tm GENROU 14,                  $\tau_m$ GENROU 14
   575,              tm GENROU 15,                  $\tau_m$ GENROU 15
   576,              tm GENROU 16,                  $\tau_m$ GENROU 16
   577,              tm GENROU 17,                  $\tau_m$ GENROU 17
   578,              tm GENROU 18,                  $\tau_m$ GENROU 18
   579,              tm GENROU 19,                  $\tau_m$ GENROU 19
   580,               te GENROU 1,                   $\tau_e$ GENROU 1
   581,               te GENROU 2,                   $\tau_e$ GENROU 2
   582,               te GENROU 3,                   $\tau_e$ GENROU 3
   583,               te GENROU 4,                   $\tau_e$ GENROU 4
   584,               te GENROU 5,                   $\tau_e$ GENROU 5
   585,               te GENROU 6,                   $\tau_e$ GENROU 6
   586,               te GENROU 7,                   $\tau_e$ GENROU 7
   587,               te GENROU 8,                   $\tau_e$ GENROU 8
   588,               te GENROU 9,                   $\tau_e$ GENROU 9
   589,              te GENROU 10,                  $\tau_e$ GENROU 10
   590,              te GENROU 11,                  $\tau_e$ GENROU 11
   591,              te GENROU 12,                  $\tau_e$ GENROU 12
   592,              te GENROU 13,                  $\tau_e$ GENROU 13
   593,              te GENROU 14,                  $\tau_e$ GENROU 14
   594,              te GENROU 15,                  $\tau_e$ GENROU 15
   595,              te GENROU 16,                  $\tau_e$ GENROU 16
   596,              te GENROU 17,                  $\tau_e$ GENROU 17
   597,              te GENROU 18,                  $\tau_e$ GENROU 18
   598,              te GENROU 19,                  $\tau_e$ GENROU 19
   599,               vf GENROU 1,                      $v_f$ GENROU 1
   600,               vf GENROU 2,                      $v_f$ GENROU 2
   601,               vf GENROU 3,                      $v_f$ GENROU 3
   602,               vf GENROU 4,                      $v_f$ GENROU 4
   603,               vf GENROU 5,                      $v_f$ GENROU 5
   604,               vf GENROU 6,                      $v_f$ GENROU 6
   605,               vf GENROU 7,                      $v_f$ GENROU 7
   606,               vf GENROU 8,                      $v_f$ GENROU 8
   607,               vf GENROU 9,                      $v_f$ GENROU 9
   608,              vf GENROU 10,                     $v_f$ GENROU 10
   609,              vf GENROU 11,                     $v_f$ GENROU 11
   610,              vf GENROU 12,                     $v_f$ GENROU 12
   611,              vf GENROU 13,                     $v_f$ GENROU 13
   612,              vf GENROU 14,                     $v_f$ GENROU 14
   613,              vf GENROU 15,                     $v_f$ GENROU 15
   614,              vf GENROU 16,                     $v_f$ GENROU 16
   615,              vf GENROU 17,                     $v_f$ GENROU 17
   616,              vf GENROU 18,                     $v_f$ GENROU 18
   617,              vf GENROU 19,                     $v_f$ GENROU 19
   618,           XadIfd GENROU 1,             $X_{ad}I_{fd}$ GENROU 1
   619,           XadIfd GENROU 2,             $X_{ad}I_{fd}$ GENROU 2
   620,           XadIfd GENROU 3,             $X_{ad}I_{fd}$ GENROU 3
   621,           XadIfd GENROU 4,             $X_{ad}I_{fd}$ GENROU 4
   622,           XadIfd GENROU 5,             $X_{ad}I_{fd}$ GENROU 5
   623,           XadIfd GENROU 6,             $X_{ad}I_{fd}$ GENROU 6
   624,           XadIfd GENROU 7,             $X_{ad}I_{fd}$ GENROU 7
   625,           XadIfd GENROU 8,             $X_{ad}I_{fd}$ GENROU 8
   626,           XadIfd GENROU 9,             $X_{ad}I_{fd}$ GENROU 9
   627,          XadIfd GENROU 10,            $X_{ad}I_{fd}$ GENROU 10
   628,          XadIfd GENROU 11,            $X_{ad}I_{fd}$ GENROU 11
   629,          XadIfd GENROU 12,            $X_{ad}I_{fd}$ GENROU 12
   630,          XadIfd GENROU 13,            $X_{ad}I_{fd}$ GENROU 13
   631,          XadIfd GENROU 14,            $X_{ad}I_{fd}$ GENROU 14
   632,          XadIfd GENROU 15,            $X_{ad}I_{fd}$ GENROU 15
   633,          XadIfd GENROU 16,            $X_{ad}I_{fd}$ GENROU 16
   634,          XadIfd GENROU 17,            $X_{ad}I_{fd}$ GENROU 17
   635,          XadIfd GENROU 18,            $X_{ad}I_{fd}$ GENROU 18
   636,          XadIfd GENROU 19,            $X_{ad}I_{fd}$ GENROU 19
   637,               Pe GENROU 1,                      $P_e$ GENROU 1
   638,               Pe GENROU 2,                      $P_e$ GENROU 2
   639,               Pe GENROU 3,                      $P_e$ GENROU 3
   640,               Pe GENROU 4,                      $P_e$ GENROU 4
   641,               Pe GENROU 5,                      $P_e$ GENROU 5
   642,               Pe GENROU 6,                      $P_e$ GENROU 6
   643,               Pe GENROU 7,                      $P_e$ GENROU 7
   644,               Pe GENROU 8,                      $P_e$ GENROU 8
   645,               Pe GENROU 9,                      $P_e$ GENROU 9
   646,              Pe GENROU 10,                     $P_e$ GENROU 10
   647,              Pe GENROU 11,                     $P_e$ GENROU 11
   648,              Pe GENROU 12,                     $P_e$ GENROU 12
   649,              Pe GENROU 13,                     $P_e$ GENROU 13
   650,              Pe GENROU 14,                     $P_e$ GENROU 14
   651,              Pe GENROU 15,                     $P_e$ GENROU 15
   652,              Pe GENROU 16,                     $P_e$ GENROU 16
   653,              Pe GENROU 17,                     $P_e$ GENROU 17
   654,              Pe GENROU 18,                     $P_e$ GENROU 18
   655,              Pe GENROU 19,                     $P_e$ GENROU 19
   656,               Qe GENROU 1,                      $Q_e$ GENROU 1
   657,               Qe GENROU 2,                      $Q_e$ GENROU 2
   658,               Qe GENROU 3,                      $Q_e$ GENROU 3
   659,               Qe GENROU 4,                      $Q_e$ GENROU 4
   660,               Qe GENROU 5,                      $Q_e$ GENROU 5
   661,               Qe GENROU 6,                      $Q_e$ GENROU 6
   662,               Qe GENROU 7,                      $Q_e$ GENROU 7
   663,               Qe GENROU 8,                      $Q_e$ GENROU 8
   664,               Qe GENROU 9,                      $Q_e$ GENROU 9
   665,              Qe GENROU 10,                     $Q_e$ GENROU 10
   666,              Qe GENROU 11,                     $Q_e$ GENROU 11
   667,              Qe GENROU 12,                     $Q_e$ GENROU 12
   668,              Qe GENROU 13,                     $Q_e$ GENROU 13
   669,              Qe GENROU 14,                     $Q_e$ GENROU 14
   670,              Qe GENROU 15,                     $Q_e$ GENROU 15
   671,              Qe GENROU 16,                     $Q_e$ GENROU 16
   672,              Qe GENROU 17,                     $Q_e$ GENROU 17
   673,              Qe GENROU 18,                     $Q_e$ GENROU 18
   674,              Qe GENROU 19,                     $Q_e$ GENROU 19
   675,             psid GENROU 1,                   $\psi_d$ GENROU 1
   676,             psid GENROU 2,                   $\psi_d$ GENROU 2
   677,             psid GENROU 3,                   $\psi_d$ GENROU 3
   678,             psid GENROU 4,                   $\psi_d$ GENROU 4
   679,             psid GENROU 5,                   $\psi_d$ GENROU 5
   680,             psid GENROU 6,                   $\psi_d$ GENROU 6
   681,             psid GENROU 7,                   $\psi_d$ GENROU 7
   682,             psid GENROU 8,                   $\psi_d$ GENROU 8
   683,             psid GENROU 9,                   $\psi_d$ GENROU 9
   684,            psid GENROU 10,                  $\psi_d$ GENROU 10
   685,            psid GENROU 11,                  $\psi_d$ GENROU 11
   686,            psid GENROU 12,                  $\psi_d$ GENROU 12
   687,            psid GENROU 13,                  $\psi_d$ GENROU 13
   688,            psid GENROU 14,                  $\psi_d$ GENROU 14
   689,            psid GENROU 15,                  $\psi_d$ GENROU 15
   690,            psid GENROU 16,                  $\psi_d$ GENROU 16
   691,            psid GENROU 17,                  $\psi_d$ GENROU 17
   692,            psid GENROU 18,                  $\psi_d$ GENROU 18
   693,            psid GENROU 19,                  $\psi_d$ GENROU 19
   694,             psiq GENROU 1,                   $\psi_q$ GENROU 1
   695,             psiq GENROU 2,                   $\psi_q$ GENROU 2
   696,             psiq GENROU 3,                   $\psi_q$ GENROU 3
   697,             psiq GENROU 4,                   $\psi_q$ GENROU 4
   698,             psiq GENROU 5,                   $\psi_q$ GENROU 5
   699,             psiq GENROU 6,                   $\psi_q$ GENROU 6
   700,             psiq GENROU 7,                   $\psi_q$ GENROU 7
   701,             psiq GENROU 8,                   $\psi_q$ GENROU 8
   702,             psiq GENROU 9,                   $\psi_q$ GENROU 9
   703,            psiq GENROU 10,                  $\psi_q$ GENROU 10
   704,            psiq GENROU 11,                  $\psi_q$ GENROU 11
   705,            psiq GENROU 12,                  $\psi_q$ GENROU 12
   706,            psiq GENROU 13,                  $\psi_q$ GENROU 13
   707,            psiq GENROU 14,                  $\psi_q$ GENROU 14
   708,            psiq GENROU 15,                  $\psi_q$ GENROU 15
   709,            psiq GENROU 16,                  $\psi_q$ GENROU 16
   710,            psiq GENROU 17,                  $\psi_q$ GENROU 17
   711,            psiq GENROU 18,                  $\psi_q$ GENROU 18
   712,            psiq GENROU 19,                  $\psi_q$ GENROU 19
   713,            psi2q GENROU 1,                $\psi_{aq}$ GENROU 1
   714,            psi2q GENROU 2,                $\psi_{aq}$ GENROU 2
   715,            psi2q GENROU 3,                $\psi_{aq}$ GENROU 3
   716,            psi2q GENROU 4,                $\psi_{aq}$ GENROU 4
   717,            psi2q GENROU 5,                $\psi_{aq}$ GENROU 5
   718,            psi2q GENROU 6,                $\psi_{aq}$ GENROU 6
   719,            psi2q GENROU 7,                $\psi_{aq}$ GENROU 7
   720,            psi2q GENROU 8,                $\psi_{aq}$ GENROU 8
   721,            psi2q GENROU 9,                $\psi_{aq}$ GENROU 9
   722,           psi2q GENROU 10,               $\psi_{aq}$ GENROU 10
   723,           psi2q GENROU 11,               $\psi_{aq}$ GENROU 11
   724,           psi2q GENROU 12,               $\psi_{aq}$ GENROU 12
   725,           psi2q GENROU 13,               $\psi_{aq}$ GENROU 13
   726,           psi2q GENROU 14,               $\psi_{aq}$ GENROU 14
   727,           psi2q GENROU 15,               $\psi_{aq}$ GENROU 15
   728,           psi2q GENROU 16,               $\psi_{aq}$ GENROU 16
   729,           psi2q GENROU 17,               $\psi_{aq}$ GENROU 17
   730,           psi2q GENROU 18,               $\psi_{aq}$ GENROU 18
   731,           psi2q GENROU 19,               $\psi_{aq}$ GENROU 19
   732,            psi2d GENROU 1,                $\psi_{ad}$ GENROU 1
   733,            psi2d GENROU 2,                $\psi_{ad}$ GENROU 2
   734,            psi2d GENROU 3,                $\psi_{ad}$ GENROU 3
   735,            psi2d GENROU 4,                $\psi_{ad}$ GENROU 4
   736,            psi2d GENROU 5,                $\psi_{ad}$ GENROU 5
   737,            psi2d GENROU 6,                $\psi_{ad}$ GENROU 6
   738,            psi2d GENROU 7,                $\psi_{ad}$ GENROU 7
   739,            psi2d GENROU 8,                $\psi_{ad}$ GENROU 8
   740,            psi2d GENROU 9,                $\psi_{ad}$ GENROU 9
   741,           psi2d GENROU 10,               $\psi_{ad}$ GENROU 10
   742,           psi2d GENROU 11,               $\psi_{ad}$ GENROU 11
   743,           psi2d GENROU 12,               $\psi_{ad}$ GENROU 12
   744,           psi2d GENROU 13,               $\psi_{ad}$ GENROU 13
   745,           psi2d GENROU 14,               $\psi_{ad}$ GENROU 14
   746,           psi2d GENROU 15,               $\psi_{ad}$ GENROU 15
   747,           psi2d GENROU 16,               $\psi_{ad}$ GENROU 16
   748,           psi2d GENROU 17,               $\psi_{ad}$ GENROU 17
   749,           psi2d GENROU 18,               $\psi_{ad}$ GENROU 18
   750,           psi2d GENROU 19,               $\psi_{ad}$ GENROU 19
   751,             psi2 GENROU 1,                   $\psi_a$ GENROU 1
   752,             psi2 GENROU 2,                   $\psi_a$ GENROU 2
   753,             psi2 GENROU 3,                   $\psi_a$ GENROU 3
   754,             psi2 GENROU 4,                   $\psi_a$ GENROU 4
   755,             psi2 GENROU 5,                   $\psi_a$ GENROU 5
   756,             psi2 GENROU 6,                   $\psi_a$ GENROU 6
   757,             psi2 GENROU 7,                   $\psi_a$ GENROU 7
   758,             psi2 GENROU 8,                   $\psi_a$ GENROU 8
   759,             psi2 GENROU 9,                   $\psi_a$ GENROU 9
   760,            psi2 GENROU 10,                  $\psi_a$ GENROU 10
   761,            psi2 GENROU 11,                  $\psi_a$ GENROU 11
   762,            psi2 GENROU 12,                  $\psi_a$ GENROU 12
   763,            psi2 GENROU 13,                  $\psi_a$ GENROU 13
   764,            psi2 GENROU 14,                  $\psi_a$ GENROU 14
   765,            psi2 GENROU 15,                  $\psi_a$ GENROU 15
   766,            psi2 GENROU 16,                  $\psi_a$ GENROU 16
   767,            psi2 GENROU 17,                  $\psi_a$ GENROU 17
   768,            psi2 GENROU 18,                  $\psi_a$ GENROU 18
   769,            psi2 GENROU 19,                  $\psi_a$ GENROU 19
   770,               Se GENROU 1,          $S_e(|\psi_{a}|)$ GENROU 1
   771,               Se GENROU 2,          $S_e(|\psi_{a}|)$ GENROU 2
   772,               Se GENROU 3,          $S_e(|\psi_{a}|)$ GENROU 3
   773,               Se GENROU 4,          $S_e(|\psi_{a}|)$ GENROU 4
   774,               Se GENROU 5,          $S_e(|\psi_{a}|)$ GENROU 5
   775,               Se GENROU 6,          $S_e(|\psi_{a}|)$ GENROU 6
   776,               Se GENROU 7,          $S_e(|\psi_{a}|)$ GENROU 7
   777,               Se GENROU 8,          $S_e(|\psi_{a}|)$ GENROU 8
   778,               Se GENROU 9,          $S_e(|\psi_{a}|)$ GENROU 9
   779,              Se GENROU 10,         $S_e(|\psi_{a}|)$ GENROU 10
   780,              Se GENROU 11,         $S_e(|\psi_{a}|)$ GENROU 11
   781,              Se GENROU 12,         $S_e(|\psi_{a}|)$ GENROU 12
   782,              Se GENROU 13,         $S_e(|\psi_{a}|)$ GENROU 13
   783,              Se GENROU 14,         $S_e(|\psi_{a}|)$ GENROU 14
   784,              Se GENROU 15,         $S_e(|\psi_{a}|)$ GENROU 15
   785,              Se GENROU 16,         $S_e(|\psi_{a}|)$ GENROU 16
   786,              Se GENROU 17,         $S_e(|\psi_{a}|)$ GENROU 17
   787,              Se GENROU 18,         $S_e(|\psi_{a}|)$ GENROU 18
   788,              Se GENROU 19,         $S_e(|\psi_{a}|)$ GENROU 19
   789,           XaqI1q GENROU 1,             $X_{aq}I_{1q}$ GENROU 1
   790,           XaqI1q GENROU 2,             $X_{aq}I_{1q}$ GENROU 2
   791,           XaqI1q GENROU 3,             $X_{aq}I_{1q}$ GENROU 3
   792,           XaqI1q GENROU 4,             $X_{aq}I_{1q}$ GENROU 4
   793,           XaqI1q GENROU 5,             $X_{aq}I_{1q}$ GENROU 5
   794,           XaqI1q GENROU 6,             $X_{aq}I_{1q}$ GENROU 6
   795,           XaqI1q GENROU 7,             $X_{aq}I_{1q}$ GENROU 7
   796,           XaqI1q GENROU 8,             $X_{aq}I_{1q}$ GENROU 8
   797,           XaqI1q GENROU 9,             $X_{aq}I_{1q}$ GENROU 9
   798,          XaqI1q GENROU 10,            $X_{aq}I_{1q}$ GENROU 10
   799,          XaqI1q GENROU 11,            $X_{aq}I_{1q}$ GENROU 11
   800,          XaqI1q GENROU 12,            $X_{aq}I_{1q}$ GENROU 12
   801,          XaqI1q GENROU 13,            $X_{aq}I_{1q}$ GENROU 13
   802,          XaqI1q GENROU 14,            $X_{aq}I_{1q}$ GENROU 14
   803,          XaqI1q GENROU 15,            $X_{aq}I_{1q}$ GENROU 15
   804,          XaqI1q GENROU 16,            $X_{aq}I_{1q}$ GENROU 16
   805,          XaqI1q GENROU 17,            $X_{aq}I_{1q}$ GENROU 17
   806,          XaqI1q GENROU 18,            $X_{aq}I_{1q}$ GENROU 18
   807,          XaqI1q GENROU 19,            $X_{aq}I_{1q}$ GENROU 19
   808,              paux TGOV1 1,                   $P_{aux}$ TGOV1 1
   809,              paux TGOV1 2,                   $P_{aux}$ TGOV1 2
   810,              paux TGOV1 3,                   $P_{aux}$ TGOV1 3
   811,              paux TGOV1 4,                   $P_{aux}$ TGOV1 4
   812,              paux TGOV1 5,                   $P_{aux}$ TGOV1 5
   813,              paux TGOV1 6,                   $P_{aux}$ TGOV1 6
   814,              paux TGOV1 7,                   $P_{aux}$ TGOV1 7
   815,              paux TGOV1 8,                   $P_{aux}$ TGOV1 8
   816,              paux TGOV1 9,                   $P_{aux}$ TGOV1 9
   817,             paux TGOV1 10,                  $P_{aux}$ TGOV1 10
   818,             paux TGOV1 11,                  $P_{aux}$ TGOV1 11
   819,             paux TGOV1 12,                  $P_{aux}$ TGOV1 12
   820,             paux TGOV1 13,                  $P_{aux}$ TGOV1 13
   821,             paux TGOV1 14,                  $P_{aux}$ TGOV1 14
   822,             paux TGOV1 15,                  $P_{aux}$ TGOV1 15
   823,             paux TGOV1 16,                  $P_{aux}$ TGOV1 16
   824,             paux TGOV1 17,                  $P_{aux}$ TGOV1 17
   825,             paux TGOV1 18,                  $P_{aux}$ TGOV1 18
   826,             paux TGOV1 19,                  $P_{aux}$ TGOV1 19
   827,              pout TGOV1 1,                   $P_{out}$ TGOV1 1
   828,              pout TGOV1 2,                   $P_{out}$ TGOV1 2
   829,              pout TGOV1 3,                   $P_{out}$ TGOV1 3
   830,              pout TGOV1 4,                   $P_{out}$ TGOV1 4
   831,              pout TGOV1 5,                   $P_{out}$ TGOV1 5
   832,              pout TGOV1 6,                   $P_{out}$ TGOV1 6
   833,              pout TGOV1 7,                   $P_{out}$ TGOV1 7
   834,              pout TGOV1 8,                   $P_{out}$ TGOV1 8
   835,              pout TGOV1 9,                   $P_{out}$ TGOV1 9
   836,             pout TGOV1 10,                  $P_{out}$ TGOV1 10
   837,             pout TGOV1 11,                  $P_{out}$ TGOV1 11
   838,             pout TGOV1 12,                  $P_{out}$ TGOV1 12
   839,             pout TGOV1 13,                  $P_{out}$ TGOV1 13
   840,             pout TGOV1 14,                  $P_{out}$ TGOV1 14
   841,             pout TGOV1 15,                  $P_{out}$ TGOV1 15
   842,             pout TGOV1 16,                  $P_{out}$ TGOV1 16
   843,             pout TGOV1 17,                  $P_{out}$ TGOV1 17
   844,             pout TGOV1 18,                  $P_{out}$ TGOV1 18
   845,             pout TGOV1 19,                  $P_{out}$ TGOV1 19
   846,              wref TGOV1 1,              $\omega_{ref}$ TGOV1 1
   847,              wref TGOV1 2,              $\omega_{ref}$ TGOV1 2
   848,              wref TGOV1 3,              $\omega_{ref}$ TGOV1 3
   849,              wref TGOV1 4,              $\omega_{ref}$ TGOV1 4
   850,              wref TGOV1 5,              $\omega_{ref}$ TGOV1 5
   851,              wref TGOV1 6,              $\omega_{ref}$ TGOV1 6
   852,              wref TGOV1 7,              $\omega_{ref}$ TGOV1 7
   853,              wref TGOV1 8,              $\omega_{ref}$ TGOV1 8
   854,              wref TGOV1 9,              $\omega_{ref}$ TGOV1 9
   855,             wref TGOV1 10,             $\omega_{ref}$ TGOV1 10
   856,             wref TGOV1 11,             $\omega_{ref}$ TGOV1 11
   857,             wref TGOV1 12,             $\omega_{ref}$ TGOV1 12
   858,             wref TGOV1 13,             $\omega_{ref}$ TGOV1 13
   859,             wref TGOV1 14,             $\omega_{ref}$ TGOV1 14
   860,             wref TGOV1 15,             $\omega_{ref}$ TGOV1 15
   861,             wref TGOV1 16,             $\omega_{ref}$ TGOV1 16
   862,             wref TGOV1 17,             $\omega_{ref}$ TGOV1 17
   863,             wref TGOV1 18,             $\omega_{ref}$ TGOV1 18
   864,             wref TGOV1 19,             $\omega_{ref}$ TGOV1 19
   865,              pref TGOV1 1,                   $P_{ref}$ TGOV1 1
   866,              pref TGOV1 2,                   $P_{ref}$ TGOV1 2
   867,              pref TGOV1 3,                   $P_{ref}$ TGOV1 3
   868,              pref TGOV1 4,                   $P_{ref}$ TGOV1 4
   869,              pref TGOV1 5,                   $P_{ref}$ TGOV1 5
   870,              pref TGOV1 6,                   $P_{ref}$ TGOV1 6
   871,              pref TGOV1 7,                   $P_{ref}$ TGOV1 7
   872,              pref TGOV1 8,                   $P_{ref}$ TGOV1 8
   873,              pref TGOV1 9,                   $P_{ref}$ TGOV1 9
   874,             pref TGOV1 10,                  $P_{ref}$ TGOV1 10
   875,             pref TGOV1 11,                  $P_{ref}$ TGOV1 11
   876,             pref TGOV1 12,                  $P_{ref}$ TGOV1 12
   877,             pref TGOV1 13,                  $P_{ref}$ TGOV1 13
   878,             pref TGOV1 14,                  $P_{ref}$ TGOV1 14
   879,             pref TGOV1 15,                  $P_{ref}$ TGOV1 15
   880,             pref TGOV1 16,                  $P_{ref}$ TGOV1 16
   881,             pref TGOV1 17,                  $P_{ref}$ TGOV1 17
   882,             pref TGOV1 18,                  $P_{ref}$ TGOV1 18
   883,             pref TGOV1 19,                  $P_{ref}$ TGOV1 19
   884,                wd TGOV1 1,              $\omega_{dev}$ TGOV1 1
   885,                wd TGOV1 2,              $\omega_{dev}$ TGOV1 2
   886,                wd TGOV1 3,              $\omega_{dev}$ TGOV1 3
   887,                wd TGOV1 4,              $\omega_{dev}$ TGOV1 4
   888,                wd TGOV1 5,              $\omega_{dev}$ TGOV1 5
   889,                wd TGOV1 6,              $\omega_{dev}$ TGOV1 6
   890,                wd TGOV1 7,              $\omega_{dev}$ TGOV1 7
   891,                wd TGOV1 8,              $\omega_{dev}$ TGOV1 8
   892,                wd TGOV1 9,              $\omega_{dev}$ TGOV1 9
   893,               wd TGOV1 10,             $\omega_{dev}$ TGOV1 10
   894,               wd TGOV1 11,             $\omega_{dev}$ TGOV1 11
   895,               wd TGOV1 12,             $\omega_{dev}$ TGOV1 12
   896,               wd TGOV1 13,             $\omega_{dev}$ TGOV1 13
   897,               wd TGOV1 14,             $\omega_{dev}$ TGOV1 14
   898,               wd TGOV1 15,             $\omega_{dev}$ TGOV1 15
   899,               wd TGOV1 16,             $\omega_{dev}$ TGOV1 16
   900,               wd TGOV1 17,             $\omega_{dev}$ TGOV1 17
   901,               wd TGOV1 18,             $\omega_{dev}$ TGOV1 18
   902,               wd TGOV1 19,             $\omega_{dev}$ TGOV1 19
   903,                pd TGOV1 1,                       $P_d$ TGOV1 1
   904,                pd TGOV1 2,                       $P_d$ TGOV1 2
   905,                pd TGOV1 3,                       $P_d$ TGOV1 3
   906,                pd TGOV1 4,                       $P_d$ TGOV1 4
   907,                pd TGOV1 5,                       $P_d$ TGOV1 5
   908,                pd TGOV1 6,                       $P_d$ TGOV1 6
   909,                pd TGOV1 7,                       $P_d$ TGOV1 7
   910,                pd TGOV1 8,                       $P_d$ TGOV1 8
   911,                pd TGOV1 9,                       $P_d$ TGOV1 9
   912,               pd TGOV1 10,                      $P_d$ TGOV1 10
   913,               pd TGOV1 11,                      $P_d$ TGOV1 11
   914,               pd TGOV1 12,                      $P_d$ TGOV1 12
   915,               pd TGOV1 13,                      $P_d$ TGOV1 13
   916,               pd TGOV1 14,                      $P_d$ TGOV1 14
   917,               pd TGOV1 15,                      $P_d$ TGOV1 15
   918,               pd TGOV1 16,                      $P_d$ TGOV1 16
   919,               pd TGOV1 17,                      $P_d$ TGOV1 17
   920,               pd TGOV1 18,                      $P_d$ TGOV1 18
   921,               pd TGOV1 19,                      $P_d$ TGOV1 19
   922,              LL_y TGOV1 1,                    $y_{LL}$ TGOV1 1
   923,              LL_y TGOV1 2,                    $y_{LL}$ TGOV1 2
   924,              LL_y TGOV1 3,                    $y_{LL}$ TGOV1 3
   925,              LL_y TGOV1 4,                    $y_{LL}$ TGOV1 4
   926,              LL_y TGOV1 5,                    $y_{LL}$ TGOV1 5
   927,              LL_y TGOV1 6,                    $y_{LL}$ TGOV1 6
   928,              LL_y TGOV1 7,                    $y_{LL}$ TGOV1 7
   929,              LL_y TGOV1 8,                    $y_{LL}$ TGOV1 8
   930,              LL_y TGOV1 9,                    $y_{LL}$ TGOV1 9
   931,             LL_y TGOV1 10,                   $y_{LL}$ TGOV1 10
   932,             LL_y TGOV1 11,                   $y_{LL}$ TGOV1 11
   933,             LL_y TGOV1 12,                   $y_{LL}$ TGOV1 12
   934,             LL_y TGOV1 13,                   $y_{LL}$ TGOV1 13
   935,             LL_y TGOV1 14,                   $y_{LL}$ TGOV1 14
   936,             LL_y TGOV1 15,                   $y_{LL}$ TGOV1 15
   937,             LL_y TGOV1 16,                   $y_{LL}$ TGOV1 16
   938,             LL_y TGOV1 17,                   $y_{LL}$ TGOV1 17
   939,             LL_y TGOV1 18,                   $y_{LL}$ TGOV1 18
   940,             LL_y TGOV1 19,                   $y_{LL}$ TGOV1 19
   941,                 v EXST1 1,                  $E_{term}$ EXST1 1
   942,                 v EXST1 2,                  $E_{term}$ EXST1 2
   943,                 v EXST1 3,                  $E_{term}$ EXST1 3
   944,                 v EXST1 4,                  $E_{term}$ EXST1 4
   945,                 v EXST1 5,                  $E_{term}$ EXST1 5
   946,                 v EXST1 6,                  $E_{term}$ EXST1 6
   947,                 v EXST1 7,                  $E_{term}$ EXST1 7
   948,                 v EXST1 8,                  $E_{term}$ EXST1 8
   949,                 v EXST1 9,                  $E_{term}$ EXST1 9
   950,                v EXST1 10,                 $E_{term}$ EXST1 10
   951,                v EXST1 11,                 $E_{term}$ EXST1 11
   952,                v EXST1 12,                 $E_{term}$ EXST1 12
   953,                v EXST1 13,                 $E_{term}$ EXST1 13
   954,                v EXST1 14,                 $E_{term}$ EXST1 14
   955,                v EXST1 15,                 $E_{term}$ EXST1 15
   956,                v EXST1 16,                 $E_{term}$ EXST1 16
   957,                v EXST1 17,                 $E_{term}$ EXST1 17
   958,                v EXST1 18,                 $E_{term}$ EXST1 18
   959,                v EXST1 19,                 $E_{term}$ EXST1 19
   960,              vout EXST1 1,                   $v_{out}$ EXST1 1
   961,              vout EXST1 2,                   $v_{out}$ EXST1 2
   962,              vout EXST1 3,                   $v_{out}$ EXST1 3
   963,              vout EXST1 4,                   $v_{out}$ EXST1 4
   964,              vout EXST1 5,                   $v_{out}$ EXST1 5
   965,              vout EXST1 6,                   $v_{out}$ EXST1 6
   966,              vout EXST1 7,                   $v_{out}$ EXST1 7
   967,              vout EXST1 8,                   $v_{out}$ EXST1 8
   968,              vout EXST1 9,                   $v_{out}$ EXST1 9
   969,             vout EXST1 10,                  $v_{out}$ EXST1 10
   970,             vout EXST1 11,                  $v_{out}$ EXST1 11
   971,             vout EXST1 12,                  $v_{out}$ EXST1 12
   972,             vout EXST1 13,                  $v_{out}$ EXST1 13
   973,             vout EXST1 14,                  $v_{out}$ EXST1 14
   974,             vout EXST1 15,                  $v_{out}$ EXST1 15
   975,             vout EXST1 16,                  $v_{out}$ EXST1 16
   976,             vout EXST1 17,                  $v_{out}$ EXST1 17
   977,             vout EXST1 18,                  $v_{out}$ EXST1 18
   978,             vout EXST1 19,                  $v_{out}$ EXST1 19
   979,              vref EXST1 1,                   $V_{ref}$ EXST1 1
   980,              vref EXST1 2,                   $V_{ref}$ EXST1 2
   981,              vref EXST1 3,                   $V_{ref}$ EXST1 3
   982,              vref EXST1 4,                   $V_{ref}$ EXST1 4
   983,              vref EXST1 5,                   $V_{ref}$ EXST1 5
   984,              vref EXST1 6,                   $V_{ref}$ EXST1 6
   985,              vref EXST1 7,                   $V_{ref}$ EXST1 7
   986,              vref EXST1 8,                   $V_{ref}$ EXST1 8
   987,              vref EXST1 9,                   $V_{ref}$ EXST1 9
   988,             vref EXST1 10,                  $V_{ref}$ EXST1 10
   989,             vref EXST1 11,                  $V_{ref}$ EXST1 11
   990,             vref EXST1 12,                  $V_{ref}$ EXST1 12
   991,             vref EXST1 13,                  $V_{ref}$ EXST1 13
   992,             vref EXST1 14,                  $V_{ref}$ EXST1 14
   993,             vref EXST1 15,                  $V_{ref}$ EXST1 15
   994,             vref EXST1 16,                  $V_{ref}$ EXST1 16
   995,             vref EXST1 17,                  $V_{ref}$ EXST1 17
   996,             vref EXST1 18,                  $V_{ref}$ EXST1 18
   997,             vref EXST1 19,                  $V_{ref}$ EXST1 19
   998,                vi EXST1 1,                       $V_i$ EXST1 1
   999,                vi EXST1 2,                       $V_i$ EXST1 2
  1000,                vi EXST1 3,                       $V_i$ EXST1 3
  1001,                vi EXST1 4,                       $V_i$ EXST1 4
  1002,                vi EXST1 5,                       $V_i$ EXST1 5
  1003,                vi EXST1 6,                       $V_i$ EXST1 6
  1004,                vi EXST1 7,                       $V_i$ EXST1 7
  1005,                vi EXST1 8,                       $V_i$ EXST1 8
  1006,                vi EXST1 9,                       $V_i$ EXST1 9
  1007,               vi EXST1 10,                      $V_i$ EXST1 10
  1008,               vi EXST1 11,                      $V_i$ EXST1 11
  1009,               vi EXST1 12,                      $V_i$ EXST1 12
  1010,               vi EXST1 13,                      $V_i$ EXST1 13
  1011,               vi EXST1 14,                      $V_i$ EXST1 14
  1012,               vi EXST1 15,                      $V_i$ EXST1 15
  1013,               vi EXST1 16,                      $V_i$ EXST1 16
  1014,               vi EXST1 17,                      $V_i$ EXST1 17
  1015,               vi EXST1 18,                      $V_i$ EXST1 18
  1016,               vi EXST1 19,                      $V_i$ EXST1 19
  1017,                vl EXST1 1,                       $V_l$ EXST1 1
  1018,                vl EXST1 2,                       $V_l$ EXST1 2
  1019,                vl EXST1 3,                       $V_l$ EXST1 3
  1020,                vl EXST1 4,                       $V_l$ EXST1 4
  1021,                vl EXST1 5,                       $V_l$ EXST1 5
  1022,                vl EXST1 6,                       $V_l$ EXST1 6
  1023,                vl EXST1 7,                       $V_l$ EXST1 7
  1024,                vl EXST1 8,                       $V_l$ EXST1 8
  1025,                vl EXST1 9,                       $V_l$ EXST1 9
  1026,               vl EXST1 10,                      $V_l$ EXST1 10
  1027,               vl EXST1 11,                      $V_l$ EXST1 11
  1028,               vl EXST1 12,                      $V_l$ EXST1 12
  1029,               vl EXST1 13,                      $V_l$ EXST1 13
  1030,               vl EXST1 14,                      $V_l$ EXST1 14
  1031,               vl EXST1 15,                      $V_l$ EXST1 15
  1032,               vl EXST1 16,                      $V_l$ EXST1 16
  1033,               vl EXST1 17,                      $V_l$ EXST1 17
  1034,               vl EXST1 18,                      $V_l$ EXST1 18
  1035,               vl EXST1 19,                      $V_l$ EXST1 19
  1036,              LL_y EXST1 1,                    $y_{LL}$ EXST1 1
  1037,              LL_y EXST1 2,                    $y_{LL}$ EXST1 2
  1038,              LL_y EXST1 3,                    $y_{LL}$ EXST1 3
  1039,              LL_y EXST1 4,                    $y_{LL}$ EXST1 4
  1040,              LL_y EXST1 5,                    $y_{LL}$ EXST1 5
  1041,              LL_y EXST1 6,                    $y_{LL}$ EXST1 6
  1042,              LL_y EXST1 7,                    $y_{LL}$ EXST1 7
  1043,              LL_y EXST1 8,                    $y_{LL}$ EXST1 8
  1044,              LL_y EXST1 9,                    $y_{LL}$ EXST1 9
  1045,             LL_y EXST1 10,                   $y_{LL}$ EXST1 10
  1046,             LL_y EXST1 11,                   $y_{LL}$ EXST1 11
  1047,             LL_y EXST1 12,                   $y_{LL}$ EXST1 12
  1048,             LL_y EXST1 13,                   $y_{LL}$ EXST1 13
  1049,             LL_y EXST1 14,                   $y_{LL}$ EXST1 14
  1050,             LL_y EXST1 15,                   $y_{LL}$ EXST1 15
  1051,             LL_y EXST1 16,                   $y_{LL}$ EXST1 16
  1052,             LL_y EXST1 17,                   $y_{LL}$ EXST1 17
  1053,             LL_y EXST1 18,                   $y_{LL}$ EXST1 18
  1054,             LL_y EXST1 19,                   $y_{LL}$ EXST1 19
  1055,              WF_y EXST1 1,                    $y_{WF}$ EXST1 1
  1056,              WF_y EXST1 2,                    $y_{WF}$ EXST1 2
  1057,              WF_y EXST1 3,                    $y_{WF}$ EXST1 3
  1058,              WF_y EXST1 4,                    $y_{WF}$ EXST1 4
  1059,              WF_y EXST1 5,                    $y_{WF}$ EXST1 5
  1060,              WF_y EXST1 6,                    $y_{WF}$ EXST1 6
  1061,              WF_y EXST1 7,                    $y_{WF}$ EXST1 7
  1062,              WF_y EXST1 8,                    $y_{WF}$ EXST1 8
  1063,              WF_y EXST1 9,                    $y_{WF}$ EXST1 9
  1064,             WF_y EXST1 10,                   $y_{WF}$ EXST1 10
  1065,             WF_y EXST1 11,                   $y_{WF}$ EXST1 11
  1066,             WF_y EXST1 12,                   $y_{WF}$ EXST1 12
  1067,             WF_y EXST1 13,                   $y_{WF}$ EXST1 13
  1068,             WF_y EXST1 14,                   $y_{WF}$ EXST1 14
  1069,             WF_y EXST1 15,                   $y_{WF}$ EXST1 15
  1070,             WF_y EXST1 16,                   $y_{WF}$ EXST1 16
  1071,             WF_y EXST1 17,                   $y_{WF}$ EXST1 17
  1072,             WF_y EXST1 18,                   $y_{WF}$ EXST1 18
  1073,             WF_y EXST1 19,                   $y_{WF}$ EXST1 19
  1074,             vfmax EXST1 1,                  $V_{fmax}$ EXST1 1
  1075,             vfmax EXST1 2,                  $V_{fmax}$ EXST1 2
  1076,             vfmax EXST1 3,                  $V_{fmax}$ EXST1 3
  1077,             vfmax EXST1 4,                  $V_{fmax}$ EXST1 4
  1078,             vfmax EXST1 5,                  $V_{fmax}$ EXST1 5
  1079,             vfmax EXST1 6,                  $V_{fmax}$ EXST1 6
  1080,             vfmax EXST1 7,                  $V_{fmax}$ EXST1 7
  1081,             vfmax EXST1 8,                  $V_{fmax}$ EXST1 8
  1082,             vfmax EXST1 9,                  $V_{fmax}$ EXST1 9
  1083,            vfmax EXST1 10,                 $V_{fmax}$ EXST1 10
  1084,            vfmax EXST1 11,                 $V_{fmax}$ EXST1 11
  1085,            vfmax EXST1 12,                 $V_{fmax}$ EXST1 12
  1086,            vfmax EXST1 13,                 $V_{fmax}$ EXST1 13
  1087,            vfmax EXST1 14,                 $V_{fmax}$ EXST1 14
  1088,            vfmax EXST1 15,                 $V_{fmax}$ EXST1 15
  1089,            vfmax EXST1 16,                 $V_{fmax}$ EXST1 16
  1090,            vfmax EXST1 17,                 $V_{fmax}$ EXST1 17
  1091,            vfmax EXST1 18,                 $V_{fmax}$ EXST1 18
  1092,            vfmax EXST1 19,                 $V_{fmax}$ EXST1 19
  1093,             vfmin EXST1 1,                  $V_{fmin}$ EXST1 1
  1094,             vfmin EXST1 2,                  $V_{fmin}$ EXST1 2
  1095,             vfmin EXST1 3,                  $V_{fmin}$ EXST1 3
  1096,             vfmin EXST1 4,                  $V_{fmin}$ EXST1 4
  1097,             vfmin EXST1 5,                  $V_{fmin}$ EXST1 5
  1098,             vfmin EXST1 6,                  $V_{fmin}$ EXST1 6
  1099,             vfmin EXST1 7,                  $V_{fmin}$ EXST1 7
  1100,             vfmin EXST1 8,                  $V_{fmin}$ EXST1 8
  1101,             vfmin EXST1 9,                  $V_{fmin}$ EXST1 9
  1102,            vfmin EXST1 10,                 $V_{fmin}$ EXST1 10
  1103,            vfmin EXST1 11,                 $V_{fmin}$ EXST1 11
  1104,            vfmin EXST1 12,                 $V_{fmin}$ EXST1 12
  1105,            vfmin EXST1 13,                 $V_{fmin}$ EXST1 13
  1106,            vfmin EXST1 14,                 $V_{fmin}$ EXST1 14
  1107,            vfmin EXST1 15,                 $V_{fmin}$ EXST1 15
  1108,            vfmin EXST1 16,                 $V_{fmin}$ EXST1 16
  1109,            vfmin EXST1 17,                 $V_{fmin}$ EXST1 17
  1110,            vfmin EXST1 18,                 $V_{fmin}$ EXST1 18
  1111,            vfmin EXST1 19,                 $V_{fmin}$ EXST1 19
