Transmission: HELICS interfaces created.
Transmission config: case=/home/teng/benchmark_118_10_8500_Andes_OpenDSS/ieee14_fault.xlsx interface_bus=14 feeders=1 interface_base=100.000 MVA broker=tcp://127.0.0.1:23406 voltage_topic=TxInterfaceVoltage uninterruptible=False
Transmission base alignment: interface_base=100.000 MVA, andes_base=100.000 MVA, interface_to_system_scale=1.000000
Transmission embedded workbook events: disabled
Transmission disturbance: 3-phase bus fault on bus 14 at t=1.000s for 0.080s (rf=0, xf=0.3)
Transmission primary disturbance: bus fault at bus 14 from t=1.000s to t=1.080s
Transmission: co-simulation step schedule = 0.005s until t=1.580s, then 0.020s
Transmission: entered HELICS initialization mode.
[TX init 01] updated=1/1 P=0.035948 Q=0.016954 (interface=0.035948+j0.016954 pu) |V|=1.008734 ang=-0.177451 dV=1.431e-02 dS=inf
[TX init 02] updated=1/1 P=0.035880 Q=0.017161 (interface=0.035880+j0.017161 pu) |V|=1.008695 ang=-0.177410 dV=5.669e-05 dS=2.182e-04
[TX init 03] updated=1/1 P=0.035845 Q=0.017285 (interface=0.035845+j0.017285 pu) |V|=1.008671 ang=-0.177388 dV=3.268e-05 dS=1.283e-04
[TX init 04] updated=1/1 P=0.035846 Q=0.017286 (interface=0.035846+j0.017286 pu) |V|=1.008671 ang=-0.177388 dV=5.173e-07 dS=1.860e-06
[TX init 05] updated=1/1 P=0.035846 Q=0.017287 (interface=0.035846+j0.017287 pu) |V|=1.008670 ang=-0.177388 dV=1.230e-07 dS=5.216e-07
[TX init 06] updated=0/1 P=0.035846 Q=0.017287 (interface=0.035846+j0.017287 pu) |V|=1.008670 ang=-0.177388 dV=0.000e+00 dS=0.000e+00
Transmission: initialization handshake converged.
/home/teng/miniforge3/envs/cosim/lib/python3.12/site-packages/andes/routines/tds.py:370: RuntimeWarning: invalid value encountered in scalar divide
  perc = round((dae.t - config.t0) / (config.tf - config.t0) * 100, 2)
Interface bus 14 initial voltage: 0.992842-0.177989j
Interface bus 14 initial voltage mag: 1.008670
Interface bus 14 initial voltage angle: -0.177388
DistLoad p0=0.035846, q0=0.017287
Transmission: target simulation time = 120.000 s
[TX progress] t=0.500s/120.000s state=NEXT_STEP updated=0/1 P=0.035846 Q=0.017287 (interface=0.035846+j0.017287 pu) |V|=1.008670 ang=-0.177388 dt=0.005s
<Fault Fault_Interface>: Applying fault on Bus (idx=14) at t=1.0 sec.
[TX progress] t=1.000s/120.000s state=NEXT_STEP updated=0/1 P=0.035846 Q=0.017287 (interface=0.035846+j0.017287 pu) |V|=1.008670 ang=-0.177388 dt=0.005s
[TX ALERT] t=1.005s Alert.1 Fault Alert V=0.437715 pu | normalized drop=0.566 pu from 1.000 pu over 0.005 s (ref=1.009 pu)
<Fault Fault_Interface>: Clearing fault on Bus (idx=14) at t=1.08 sec.
[TX progress] t=1.500s/120.000s state=NEXT_STEP updated=1/1 P=0.066012 Q=0.068217 (interface=0.066012+j0.068217 pu) |V|=1.011238 ang=-0.225907 dt=0.005s
[TX progress] t=2.005s/120.000s state=NEXT_STEP updated=0/1 P=0.062073 Q=0.063271 (interface=0.062073+j0.063271 pu) |V|=0.996256 ang=-0.322894 dt=0.020s
[TX progress] t=2.505s/120.000s state=NEXT_STEP updated=0/1 P=0.061498 Q=0.062629 (interface=0.061498+j0.062629 pu) |V|=0.993566 ang=-0.405911 dt=0.020s
[TX progress] t=3.005s/120.000s state=NEXT_STEP updated=0/1 P=0.061288 Q=0.062395 (interface=0.061288+j0.062395 pu) |V|=0.992380 ang=-0.482829 dt=0.020s
[TX progress] t=3.505s/120.000s state=NEXT_STEP updated=0/1 P=0.061328 Q=0.062440 (interface=0.061328+j0.062440 pu) |V|=0.992636 ang=-0.550513 dt=0.020s
[TX progress] t=4.005s/120.000s state=NEXT_STEP updated=0/1 P=0.061360 Q=0.062475 (interface=0.061360+j0.062475 pu) |V|=0.992806 ang=-0.612191 dt=0.020s
[TX progress] t=4.505s/120.000s state=NEXT_STEP updated=0/1 P=0.061392 Q=0.062511 (interface=0.061392+j0.062511 pu) |V|=0.992987 ang=-0.668792 dt=0.020s
[TX progress] t=5.005s/120.000s state=NEXT_STEP updated=0/1 P=0.061320 Q=0.062424 (interface=0.061320+j0.062424 pu) |V|=0.993186 ang=-0.722202 dt=0.020s
[TX progress] t=5.505s/120.000s state=NEXT_STEP updated=0/1 P=0.061072 Q=0.062138 (interface=0.061072+j0.062138 pu) |V|=0.993442 ang=-0.773446 dt=0.020s
[TX progress] t=6.005s/120.000s state=NEXT_STEP updated=0/1 P=0.060723 Q=0.061732 (interface=0.060723+j0.061732 pu) |V|=0.993708 ang=-0.823251 dt=0.020s
[TX progress] t=6.505s/120.000s state=NEXT_STEP updated=0/1 P=0.060019 Q=0.060728 (interface=0.060019+j0.060728 pu) |V|=0.994271 ang=-0.871741 dt=0.020s
[TX progress] t=7.005s/120.000s state=NEXT_STEP updated=0/1 P=0.059464 Q=0.060065 (interface=0.059464+j0.060065 pu) |V|=0.994534 ang=-0.918918 dt=0.020s
[TX progress] t=7.505s/120.000s state=NEXT_STEP updated=0/1 P=0.058724 Q=0.059120 (interface=0.058724+j0.059120 pu) |V|=0.994962 ang=-0.964520 dt=0.020s
[TX progress] t=8.005s/120.000s state=NEXT_STEP updated=0/1 P=0.057925 Q=0.058092 (interface=0.057925+j0.058092 pu) |V|=0.995401 ang=-1.008447 dt=0.020s
[TX progress] t=8.505s/120.000s state=NEXT_STEP updated=0/1 P=0.057132 Q=0.057079 (interface=0.057132+j0.057079 pu) |V|=0.995803 ang=-1.050559 dt=0.020s
[TX progress] t=9.005s/120.000s state=NEXT_STEP updated=0/1 P=0.056347 Q=0.056082 (interface=0.056347+j0.056082 pu) |V|=0.996186 ang=-1.090811 dt=0.020s
[TX progress] t=9.505s/120.000s state=NEXT_STEP updated=0/1 P=0.055573 Q=0.055103 (interface=0.055573+j0.055103 pu) |V|=0.996555 ang=-1.129246 dt=0.020s
[TX progress] t=10.005s/120.000s state=NEXT_STEP updated=0/1 P=0.054809 Q=0.054142 (interface=0.054809+j0.054142 pu) |V|=0.996912 ang=-1.165943 dt=0.020s
[TX progress] t=10.505s/120.000s state=NEXT_STEP updated=0/1 P=0.053857 Q=0.052816 (interface=0.053857+j0.052816 pu) |V|=0.997476 ang=-1.200881 dt=0.020s
[TX progress] t=11.005s/120.000s state=NEXT_STEP updated=0/1 P=0.053116 Q=0.051889 (interface=0.053116+j0.051889 pu) |V|=0.997764 ang=-1.234106 dt=0.020s
[TX progress] t=11.505s/120.000s state=NEXT_STEP updated=0/1 P=0.052390 Q=0.050985 (interface=0.052390+j0.050985 pu) |V|=0.998072 ang=-1.265611 dt=0.020s
[TX progress] t=12.005s/120.000s state=NEXT_STEP updated=0/1 P=0.051677 Q=0.050100 (interface=0.051677+j0.050100 pu) |V|=0.998385 ang=-1.295584 dt=0.020s
[TX progress] t=12.505s/120.000s state=NEXT_STEP updated=0/1 P=0.050975 Q=0.049233 (interface=0.050975+j0.049233 pu) |V|=0.998695 ang=-1.324148 dt=0.020s
[TX progress] t=13.005s/120.000s state=NEXT_STEP updated=0/1 P=0.050283 Q=0.048383 (interface=0.050283+j0.048383 pu) |V|=0.999000 ang=-1.351375 dt=0.020s
[TX progress] t=13.505s/120.000s state=NEXT_STEP updated=0/1 P=0.049601 Q=0.047549 (interface=0.049601+j0.047549 pu) |V|=0.999299 ang=-1.377303 dt=0.020s
[TX progress] t=14.005s/120.000s state=NEXT_STEP updated=0/1 P=0.048930 Q=0.046732 (interface=0.048930+j0.046732 pu) |V|=0.999593 ang=-1.401952 dt=0.020s
[TX progress] t=14.505s/120.000s state=NEXT_STEP updated=0/1 P=0.048269 Q=0.045931 (interface=0.048269+j0.045931 pu) |V|=0.999883 ang=-1.425332 dt=0.020s
[TX progress] t=15.005s/120.000s state=NEXT_STEP updated=0/1 P=0.056255 Q=0.057584 (interface=0.056255+j0.057584 pu) |V|=0.994322 ang=-1.453666 dt=0.020s
[TX progress] t=15.505s/120.000s state=NEXT_STEP updated=0/1 P=0.057753 Q=0.059895 (interface=0.057753+j0.059895 pu) |V|=0.993671 ang=-1.485199 dt=0.020s
[TX progress] t=16.005s/120.000s state=NEXT_STEP updated=0/1 P=0.053938 Q=0.054335 (interface=0.053938+j0.054335 pu) |V|=0.996411 ang=-1.517175 dt=0.020s
[TX progress] t=16.505s/120.000s state=NEXT_STEP updated=0/1 P=0.053455 Q=0.053736 (interface=0.053455+j0.053736 pu) |V|=0.996601 ang=-1.549518 dt=0.020s
[TX progress] t=17.005s/120.000s state=NEXT_STEP updated=0/1 P=0.052309 Q=0.052222 (interface=0.052309+j0.052222 pu) |V|=0.997422 ang=-1.580555 dt=0.020s
[TX progress] t=17.505s/120.000s state=NEXT_STEP updated=0/1 P=0.051106 Q=0.050708 (interface=0.051106+j0.050708 pu) |V|=0.998062 ang=-1.609424 dt=0.020s
[TX progress] t=18.005s/120.000s state=NEXT_STEP updated=0/1 P=0.049905 Q=0.049044 (interface=0.049905+j0.049044 pu) |V|=0.998390 ang=-1.636737 dt=0.020s
[TX progress] t=18.505s/120.000s state=NEXT_STEP updated=0/1 P=0.048531 Q=0.047262 (interface=0.048531+j0.047262 pu) |V|=0.999316 ang=-1.662359 dt=0.020s
[TX progress] t=19.005s/120.000s state=NEXT_STEP updated=0/1 P=0.049247 Q=0.048378 (interface=0.049247+j0.048378 pu) |V|=0.998982 ang=-1.686904 dt=0.020s
[TX progress] t=19.505s/120.000s state=NEXT_STEP updated=0/1 P=0.046453 Q=0.044756 (interface=0.046453+j0.044756 pu) |V|=1.000388 ang=-1.709736 dt=0.020s
[TX progress] t=20.005s/120.000s state=NEXT_STEP updated=0/1 P=0.048218 Q=0.047167 (interface=0.048218+j0.047167 pu) |V|=0.999566 ang=-1.731988 dt=0.020s
[TX progress] t=20.505s/120.000s state=NEXT_STEP updated=0/1 P=0.046633 Q=0.045090 (interface=0.046633+j0.045090 pu) |V|=1.000107 ang=-1.752152 dt=0.020s
[TX progress] t=21.005s/120.000s state=NEXT_STEP updated=0/1 P=0.044404 Q=0.042370 (interface=0.044404+j0.042370 pu) |V|=1.001330 ang=-1.770636 dt=0.020s
[TX progress] t=21.505s/120.000s state=NEXT_STEP updated=0/1 P=0.044179 Q=0.042066 (interface=0.044179+j0.042066 pu) |V|=1.001381 ang=-1.788589 dt=0.020s
[TX progress] t=22.005s/120.000s state=NEXT_STEP updated=0/1 P=0.045734 Q=0.044129 (interface=0.045734+j0.044129 pu) |V|=1.000621 ang=-1.805588 dt=0.020s
[TX progress] t=22.505s/120.000s state=NEXT_STEP updated=0/1 P=0.042546 Q=0.040220 (interface=0.042546+j0.040220 pu) |V|=1.002081 ang=-1.820856 dt=0.020s
[TX progress] t=23.005s/120.000s state=NEXT_STEP updated=0/1 P=0.043912 Q=0.041832 (interface=0.043912+j0.041832 pu) |V|=1.001434 ang=-1.836484 dt=0.020s
[TX progress] t=23.505s/120.000s state=NEXT_STEP updated=0/1 P=0.042368 Q=0.039934 (interface=0.042368+j0.039934 pu) |V|=1.002230 ang=-1.851167 dt=0.020s
[TX progress] t=24.005s/120.000s state=NEXT_STEP updated=0/1 P=0.042199 Q=0.039733 (interface=0.042199+j0.039733 pu) |V|=1.002296 ang=-1.865683 dt=0.020s
[TX progress] t=24.505s/120.000s state=NEXT_STEP updated=0/1 P=0.042718 Q=0.040441 (interface=0.042718+j0.040441 pu) |V|=1.001973 ang=-1.879738 dt=0.020s
[TX progress] t=25.005s/120.000s state=NEXT_STEP updated=0/1 P=0.042620 Q=0.040388 (interface=0.042620+j0.040388 pu) |V|=1.001946 ang=-1.892955 dt=0.020s
[TX progress] t=25.505s/120.000s state=NEXT_STEP updated=0/1 P=0.042383 Q=0.040148 (interface=0.042383+j0.040148 pu) |V|=1.002014 ang=-1.905373 dt=0.020s
[TX progress] t=26.005s/120.000s state=NEXT_STEP updated=0/1 P=0.041844 Q=0.039412 (interface=0.041844+j0.039412 pu) |V|=1.002319 ang=-1.916788 dt=0.020s
[TX progress] t=26.505s/120.000s state=NEXT_STEP updated=0/1 P=0.041548 Q=0.039032 (interface=0.041548+j0.039032 pu) |V|=1.002409 ang=-1.927333 dt=0.020s
[TX progress] t=27.005s/120.000s state=NEXT_STEP updated=0/1 P=0.041257 Q=0.038661 (interface=0.041257+j0.038661 pu) |V|=1.002529 ang=-1.937114 dt=0.020s
[TX progress] t=27.505s/120.000s state=NEXT_STEP updated=0/1 P=0.040971 Q=0.038296 (interface=0.040971+j0.038296 pu) |V|=1.002652 ang=-1.946316 dt=0.020s
[TX progress] t=28.005s/120.000s state=NEXT_STEP updated=0/1 P=0.040689 Q=0.037938 (interface=0.040689+j0.037938 pu) |V|=1.002776 ang=-1.955020 dt=0.020s
[TX progress] t=28.505s/120.000s state=NEXT_STEP updated=0/1 P=0.040440 Q=0.037610 (interface=0.040440+j0.037610 pu) |V|=1.002882 ang=-1.963277 dt=0.020s
[TX progress] t=29.005s/120.000s state=NEXT_STEP updated=0/1 P=0.040219 Q=0.037309 (interface=0.040219+j0.037309 pu) |V|=1.002977 ang=-1.971135 dt=0.020s
[TX progress] t=29.505s/120.000s state=NEXT_STEP updated=0/1 P=0.040000 Q=0.037013 (interface=0.040000+j0.037013 pu) |V|=1.003076 ang=-1.978636 dt=0.020s
[TX progress] t=30.005s/120.000s state=NEXT_STEP updated=0/1 P=0.039783 Q=0.036719 (interface=0.039783+j0.036719 pu) |V|=1.003176 ang=-1.985798 dt=0.020s
[TX progress] t=30.505s/120.000s state=NEXT_STEP updated=0/1 P=0.039567 Q=0.036429 (interface=0.039567+j0.036429 pu) |V|=1.003276 ang=-1.992614 dt=0.020s
[TX progress] t=31.005s/120.000s state=NEXT_STEP updated=0/1 P=0.039354 Q=0.036143 (interface=0.039354+j0.036143 pu) |V|=1.003376 ang=-1.999066 dt=0.020s
[TX progress] t=31.505s/120.000s state=NEXT_STEP updated=0/1 P=0.039141 Q=0.035859 (interface=0.039141+j0.035859 pu) |V|=1.003475 ang=-2.005139 dt=0.020s
[TX progress] t=32.005s/120.000s state=NEXT_STEP updated=0/1 P=0.038930 Q=0.035579 (interface=0.038930+j0.035579 pu) |V|=1.003575 ang=-2.010816 dt=0.020s
[TX progress] t=32.505s/120.000s state=NEXT_STEP updated=0/1 P=0.038721 Q=0.035301 (interface=0.038721+j0.035301 pu) |V|=1.003673 ang=-2.016087 dt=0.020s
[TX progress] t=33.005s/120.000s state=NEXT_STEP updated=0/1 P=0.038282 Q=0.034646 (interface=0.038282+j0.034646 pu) |V|=1.003971 ang=-2.020740 dt=0.020s
[TX progress] t=33.505s/120.000s state=NEXT_STEP updated=0/1 P=0.038083 Q=0.034368 (interface=0.038083+j0.034368 pu) |V|=1.004027 ang=-2.024790 dt=0.020s
[TX progress] t=34.005s/120.000s state=NEXT_STEP updated=0/1 P=0.037886 Q=0.034095 (interface=0.037886+j0.034095 pu) |V|=1.004114 ang=-2.028242 dt=0.020s
[TX progress] t=34.505s/120.000s state=NEXT_STEP updated=0/1 P=0.037689 Q=0.033826 (interface=0.037689+j0.033826 pu) |V|=1.004204 ang=-2.031247 dt=0.020s
[TX progress] t=35.005s/120.000s state=NEXT_STEP updated=0/1 P=0.037490 Q=0.033558 (interface=0.037490+j0.033558 pu) |V|=1.004297 ang=-2.033868 dt=0.020s
[TX progress] t=35.505s/120.000s state=NEXT_STEP updated=0/1 P=0.036849 Q=0.032524 (interface=0.036849+j0.032524 pu) |V|=1.004810 ang=-2.035964 dt=0.020s
[TX progress] t=36.005s/120.000s state=NEXT_STEP updated=0/1 P=0.036387 Q=0.031776 (interface=0.036387+j0.031776 pu) |V|=1.005106 ang=-2.037278 dt=0.020s
[TX progress] t=36.505s/120.000s state=NEXT_STEP updated=0/1 P=0.036211 Q=0.031502 (interface=0.036211+j0.031502 pu) |V|=1.005089 ang=-2.037576 dt=0.020s
[TX progress] t=37.005s/120.000s state=NEXT_STEP updated=0/1 P=0.036039 Q=0.031237 (interface=0.036039+j0.031237 pu) |V|=1.005143 ang=-2.036985 dt=0.020s
[TX progress] t=37.505s/120.000s state=NEXT_STEP updated=0/1 P=0.035868 Q=0.030975 (interface=0.035868+j0.030975 pu) |V|=1.005216 ang=-2.035834 dt=0.020s
[TX progress] t=38.005s/120.000s state=NEXT_STEP updated=0/1 P=0.035697 Q=0.030717 (interface=0.035697+j0.030717 pu) |V|=1.005294 ang=-2.034303 dt=0.020s
[TX progress] t=38.505s/120.000s state=NEXT_STEP updated=0/1 P=0.035527 Q=0.030463 (interface=0.035527+j0.030463 pu) |V|=1.005374 ang=-2.032483 dt=0.020s
[TX progress] t=39.005s/120.000s state=NEXT_STEP updated=0/1 P=0.035357 Q=0.030212 (interface=0.035357+j0.030212 pu) |V|=1.005454 ang=-2.030399 dt=0.020s
[TX progress] t=39.505s/120.000s state=NEXT_STEP updated=0/1 P=0.035187 Q=0.029964 (interface=0.035187+j0.029964 pu) |V|=1.005535 ang=-2.028043 dt=0.020s
[TX progress] t=40.005s/120.000s state=NEXT_STEP updated=0/1 P=0.035018 Q=0.029718 (interface=0.035018+j0.029718 pu) |V|=1.005616 ang=-2.025386 dt=0.020s
[TX progress] t=40.505s/120.000s state=NEXT_STEP updated=0/1 P=0.034848 Q=0.029476 (interface=0.034848+j0.029476 pu) |V|=1.005698 ang=-2.022397 dt=0.020s
[TX progress] t=41.005s/120.000s state=NEXT_STEP updated=0/1 P=0.034680 Q=0.029237 (interface=0.034680+j0.029237 pu) |V|=1.005779 ang=-2.019044 dt=0.020s
[TX progress] t=41.505s/120.000s state=NEXT_STEP updated=0/1 P=0.034511 Q=0.029000 (interface=0.034511+j0.029000 pu) |V|=1.005861 ang=-2.015303 dt=0.020s
[TX progress] t=42.005s/120.000s state=NEXT_STEP updated=0/1 P=0.034339 Q=0.028765 (interface=0.034339+j0.028765 pu) |V|=1.005943 ang=-2.011153 dt=0.020s
[TX progress] t=42.505s/120.000s state=NEXT_STEP updated=0/1 P=0.034165 Q=0.028532 (interface=0.034165+j0.028532 pu) |V|=1.006026 ang=-2.006578 dt=0.020s
[TX progress] t=43.005s/120.000s state=NEXT_STEP updated=0/1 P=0.033991 Q=0.028301 (interface=0.033991+j0.028301 pu) |V|=1.006108 ang=-2.001563 dt=0.020s
[TX progress] t=43.505s/120.000s state=NEXT_STEP updated=0/1 P=0.033819 Q=0.028067 (interface=0.033819+j0.028067 pu) |V|=1.006192 ang=-1.996103 dt=0.020s
[TX progress] t=44.005s/120.000s state=NEXT_STEP updated=0/1 P=0.033647 Q=0.027835 (interface=0.033647+j0.027835 pu) |V|=1.006275 ang=-1.990197 dt=0.020s
[TX progress] t=44.505s/120.000s state=NEXT_STEP updated=0/1 P=0.033473 Q=0.027604 (interface=0.033473+j0.027604 pu) |V|=1.006357 ang=-1.983847 dt=0.020s
[TX progress] t=45.005s/120.000s state=NEXT_STEP updated=0/1 P=0.033275 Q=0.027359 (interface=0.033275+j0.027359 pu) |V|=1.006451 ang=-1.977038 dt=0.020s
[TX progress] t=45.505s/120.000s state=NEXT_STEP updated=0/1 P=0.033073 Q=0.027115 (interface=0.033073+j0.027115 pu) |V|=1.006542 ang=-1.969745 dt=0.020s
[TX progress] t=46.005s/120.000s state=NEXT_STEP updated=0/1 P=0.032873 Q=0.026873 (interface=0.032873+j0.026873 pu) |V|=1.006632 ang=-1.961939 dt=0.020s
[TX progress] t=46.505s/120.000s state=NEXT_STEP updated=0/1 P=0.032673 Q=0.026633 (interface=0.032673+j0.026633 pu) |V|=1.006721 ang=-1.953608 dt=0.020s
[TX progress] t=47.005s/120.000s state=NEXT_STEP updated=0/1 P=0.032474 Q=0.026395 (interface=0.032474+j0.026395 pu) |V|=1.006809 ang=-1.944747 dt=0.020s
[TX progress] t=47.505s/120.000s state=NEXT_STEP updated=0/1 P=0.032275 Q=0.026158 (interface=0.032275+j0.026158 pu) |V|=1.006897 ang=-1.935362 dt=0.020s
[TX progress] t=48.005s/120.000s state=NEXT_STEP updated=0/1 P=0.032078 Q=0.025923 (interface=0.032078+j0.025923 pu) |V|=1.006984 ang=-1.925458 dt=0.020s
[TX progress] t=48.505s/120.000s state=NEXT_STEP updated=0/1 P=0.031881 Q=0.025689 (interface=0.031881+j0.025689 pu) |V|=1.007069 ang=-1.915041 dt=0.020s
[TX progress] t=49.005s/120.000s state=NEXT_STEP updated=0/1 P=0.031685 Q=0.025457 (interface=0.031685+j0.025457 pu) |V|=1.007154 ang=-1.904120 dt=0.020s
[TX progress] t=49.505s/120.000s state=NEXT_STEP updated=0/1 P=0.031490 Q=0.025227 (interface=0.031490+j0.025227 pu) |V|=1.007239 ang=-1.892705 dt=0.020s
[TX progress] t=50.005s/120.000s state=NEXT_STEP updated=0/1 P=0.031295 Q=0.024998 (interface=0.031295+j0.024998 pu) |V|=1.007323 ang=-1.880800 dt=0.020s
[TX progress] t=50.505s/120.000s state=NEXT_STEP updated=0/1 P=0.031101 Q=0.024771 (interface=0.031101+j0.024771 pu) |V|=1.007407 ang=-1.868410 dt=0.020s
[TX progress] t=51.005s/120.000s state=NEXT_STEP updated=0/1 P=0.030907 Q=0.024545 (interface=0.030907+j0.024545 pu) |V|=1.007490 ang=-1.855538 dt=0.020s
[TX progress] t=51.505s/120.000s state=NEXT_STEP updated=0/1 P=0.030714 Q=0.024320 (interface=0.030714+j0.024320 pu) |V|=1.007573 ang=-1.842186 dt=0.020s
[TX progress] t=52.005s/120.000s state=NEXT_STEP updated=0/1 P=0.030522 Q=0.024097 (interface=0.030522+j0.024097 pu) |V|=1.007655 ang=-1.828355 dt=0.020s
[TX progress] t=52.505s/120.000s state=NEXT_STEP updated=0/1 P=0.030329 Q=0.023876 (interface=0.030329+j0.023876 pu) |V|=1.007737 ang=-1.814046 dt=0.020s
[TX progress] t=53.005s/120.000s state=NEXT_STEP updated=0/1 P=0.030138 Q=0.023655 (interface=0.030138+j0.023655 pu) |V|=1.007818 ang=-1.799260 dt=0.020s
[TX progress] t=53.505s/120.000s state=NEXT_STEP updated=0/1 P=0.029946 Q=0.023436 (interface=0.029946+j0.023436 pu) |V|=1.007899 ang=-1.783998 dt=0.020s
[TX progress] t=54.005s/120.000s state=NEXT_STEP updated=0/1 P=0.029755 Q=0.023218 (interface=0.029755+j0.023218 pu) |V|=1.007980 ang=-1.768259 dt=0.020s
[TX progress] t=54.505s/120.000s state=NEXT_STEP updated=0/1 P=0.029564 Q=0.023002 (interface=0.029564+j0.023002 pu) |V|=1.008060 ang=-1.752043 dt=0.020s
[TX progress] t=55.005s/120.000s state=NEXT_STEP updated=0/1 P=0.029374 Q=0.022786 (interface=0.029374+j0.022786 pu) |V|=1.008140 ang=-1.735353 dt=0.020s
[TX progress] t=55.505s/120.000s state=NEXT_STEP updated=0/1 P=0.029183 Q=0.022572 (interface=0.029183+j0.022572 pu) |V|=1.008220 ang=-1.718187 dt=0.020s
[TX progress] t=56.005s/120.000s state=NEXT_STEP updated=0/1 P=0.028993 Q=0.022359 (interface=0.028993+j0.022359 pu) |V|=1.008300 ang=-1.700545 dt=0.020s
[TX progress] t=56.505s/120.000s state=NEXT_STEP updated=0/1 P=0.028803 Q=0.022147 (interface=0.028803+j0.022147 pu) |V|=1.008379 ang=-1.682429 dt=0.020s
[TX progress] t=57.005s/120.000s state=NEXT_STEP updated=0/1 P=0.028613 Q=0.021936 (interface=0.028613+j0.021936 pu) |V|=1.008458 ang=-1.663838 dt=0.020s
[TX progress] t=57.505s/120.000s state=NEXT_STEP updated=0/1 P=0.028427 Q=0.021730 (interface=0.028427+j0.021730 pu) |V|=1.008534 ang=-1.644773 dt=0.020s
[TX progress] t=58.005s/120.000s state=NEXT_STEP updated=0/1 P=0.028258 Q=0.021544 (interface=0.028258+j0.021544 pu) |V|=1.008599 ang=-1.625252 dt=0.020s
[TX progress] t=58.505s/120.000s state=NEXT_STEP updated=0/1 P=0.028091 Q=0.021359 (interface=0.028091+j0.021359 pu) |V|=1.008666 ang=-1.605296 dt=0.020s
[TX progress] t=59.005s/120.000s state=NEXT_STEP updated=0/1 P=0.027924 Q=0.021177 (interface=0.027924+j0.021177 pu) |V|=1.008733 ang=-1.584929 dt=0.020s
[TX progress] t=59.505s/120.000s state=NEXT_STEP updated=0/1 P=0.027771 Q=0.021009 (interface=0.027771+j0.021009 pu) |V|=1.008791 ang=-1.564170 dt=0.020s
[TX progress] t=60.005s/120.000s state=NEXT_STEP updated=0/1 P=0.027630 Q=0.020853 (interface=0.027630+j0.020853 pu) |V|=1.008845 ang=-1.543044 dt=0.020s
[TX progress] t=60.505s/120.000s state=NEXT_STEP updated=0/1 P=0.027490 Q=0.020700 (interface=0.027490+j0.020700 pu) |V|=1.008899 ang=-1.521579 dt=0.020s
[TX progress] t=61.005s/120.000s state=NEXT_STEP updated=0/1 P=0.027351 Q=0.020549 (interface=0.027351+j0.020549 pu) |V|=1.008954 ang=-1.499795 dt=0.020s
[TX progress] t=61.505s/120.000s state=NEXT_STEP updated=0/1 P=0.027213 Q=0.020400 (interface=0.027213+j0.020400 pu) |V|=1.009009 ang=-1.477698 dt=0.020s
[TX progress] t=62.005s/120.000s state=NEXT_STEP updated=0/1 P=0.027076 Q=0.020252 (interface=0.027076+j0.020252 pu) |V|=1.009063 ang=-1.455288 dt=0.020s
[TX progress] t=62.505s/120.000s state=NEXT_STEP updated=0/1 P=0.026940 Q=0.020107 (interface=0.026940+j0.020107 pu) |V|=1.009117 ang=-1.432565 dt=0.020s
[TX progress] t=63.005s/120.000s state=NEXT_STEP updated=0/1 P=0.026873 Q=0.020034 (interface=0.026873+j0.020034 pu) |V|=1.009128 ang=-1.409567 dt=0.020s
[TX progress] t=63.505s/120.000s state=NEXT_STEP updated=0/1 P=0.026816 Q=0.019973 (interface=0.026816+j0.019973 pu) |V|=1.009141 ang=-1.386363 dt=0.020s
[TX progress] t=64.005s/120.000s state=NEXT_STEP updated=0/1 P=0.026813 Q=0.021130 (interface=0.026813+j0.021130 pu) |V|=1.008604 ang=-1.363042 dt=0.020s
[TX progress] t=64.505s/120.000s state=NEXT_STEP updated=0/1 P=0.026802 Q=0.021116 (interface=0.026802+j0.021116 pu) |V|=1.008707 ang=-1.339678 dt=0.020s
[TX progress] t=65.005s/120.000s state=NEXT_STEP updated=0/1 P=0.026790 Q=0.021101 (interface=0.026790+j0.021101 pu) |V|=1.008766 ang=-1.316457 dt=0.020s
[TX progress] t=65.505s/120.000s state=NEXT_STEP updated=0/1 P=0.026777 Q=0.021086 (interface=0.026777+j0.021086 pu) |V|=1.008786 ang=-1.293364 dt=0.020s
[TX progress] t=66.005s/120.000s state=NEXT_STEP updated=0/1 P=0.026764 Q=0.021069 (interface=0.026764+j0.021069 pu) |V|=1.008799 ang=-1.270355 dt=0.020s
[TX progress] t=66.505s/120.000s state=NEXT_STEP updated=0/1 P=0.026751 Q=0.021053 (interface=0.026751+j0.021053 pu) |V|=1.008809 ang=-1.247394 dt=0.020s
[TX progress] t=67.005s/120.000s state=NEXT_STEP updated=0/1 P=0.026738 Q=0.021037 (interface=0.026738+j0.021037 pu) |V|=1.008819 ang=-1.224448 dt=0.020s
[TX progress] t=67.505s/120.000s state=NEXT_STEP updated=0/1 P=0.026724 Q=0.021020 (interface=0.026724+j0.021020 pu) |V|=1.008829 ang=-1.201495 dt=0.020s
[TX progress] t=68.005s/120.000s state=NEXT_STEP updated=0/1 P=0.026711 Q=0.021004 (interface=0.026711+j0.021004 pu) |V|=1.008838 ang=-1.178514 dt=0.020s
[TX progress] t=68.505s/120.000s state=NEXT_STEP updated=0/1 P=0.026697 Q=0.020987 (interface=0.026697+j0.020987 pu) |V|=1.008846 ang=-1.155496 dt=0.020s
[TX progress] t=69.005s/120.000s state=NEXT_STEP updated=0/1 P=0.026683 Q=0.020970 (interface=0.026683+j0.020970 pu) |V|=1.008854 ang=-1.132435 dt=0.020s
[TX progress] t=69.505s/120.000s state=NEXT_STEP updated=0/1 P=0.026670 Q=0.020954 (interface=0.026670+j0.020954 pu) |V|=1.008861 ang=-1.109330 dt=0.020s
[TX progress] t=70.005s/120.000s state=NEXT_STEP updated=0/1 P=0.026656 Q=0.020937 (interface=0.026656+j0.020937 pu) |V|=1.008868 ang=-1.086183 dt=0.020s
[TX progress] t=70.505s/120.000s state=NEXT_STEP updated=0/1 P=0.026642 Q=0.020920 (interface=0.026642+j0.020920 pu) |V|=1.008875 ang=-1.062994 dt=0.020s
[TX progress] t=71.005s/120.000s state=NEXT_STEP updated=0/1 P=0.026628 Q=0.020902 (interface=0.026628+j0.020902 pu) |V|=1.008882 ang=-1.039765 dt=0.020s
[TX progress] t=71.505s/120.000s state=NEXT_STEP updated=0/1 P=0.026614 Q=0.020885 (interface=0.026614+j0.020885 pu) |V|=1.008888 ang=-1.016498 dt=0.020s
[TX progress] t=72.005s/120.000s state=NEXT_STEP updated=0/1 P=0.026600 Q=0.020868 (interface=0.026600+j0.020868 pu) |V|=1.008895 ang=-0.993194 dt=0.020s
[TX progress] t=72.505s/120.000s state=NEXT_STEP updated=0/1 P=0.026585 Q=0.020851 (interface=0.026585+j0.020851 pu) |V|=1.008901 ang=-0.969853 dt=0.020s
[TX progress] t=73.005s/120.000s state=NEXT_STEP updated=0/1 P=0.026571 Q=0.020833 (interface=0.026571+j0.020833 pu) |V|=1.008907 ang=-0.946477 dt=0.020s
[TX progress] t=73.505s/120.000s state=NEXT_STEP updated=0/1 P=0.026557 Q=0.020815 (interface=0.026557+j0.020815 pu) |V|=1.008914 ang=-0.923065 dt=0.020s
[TX progress] t=74.005s/120.000s state=NEXT_STEP updated=0/1 P=0.026542 Q=0.020798 (interface=0.026542+j0.020798 pu) |V|=1.008920 ang=-0.899617 dt=0.020s
[TX progress] t=74.505s/120.000s state=NEXT_STEP updated=0/1 P=0.026528 Q=0.020780 (interface=0.026528+j0.020780 pu) |V|=1.008927 ang=-0.876133 dt=0.020s
[TX progress] t=75.005s/120.000s state=NEXT_STEP updated=0/1 P=0.026513 Q=0.020762 (interface=0.026513+j0.020762 pu) |V|=1.008933 ang=-0.852613 dt=0.020s
[TX progress] t=75.505s/120.000s state=NEXT_STEP updated=0/1 P=0.026498 Q=0.020744 (interface=0.026498+j0.020744 pu) |V|=1.008940 ang=-0.829056 dt=0.020s
[TX progress] t=76.005s/120.000s state=NEXT_STEP updated=0/1 P=0.026484 Q=0.020726 (interface=0.026484+j0.020726 pu) |V|=1.008946 ang=-0.805463 dt=0.020s
[TX progress] t=76.505s/120.000s state=NEXT_STEP updated=0/1 P=0.026469 Q=0.020708 (interface=0.026469+j0.020708 pu) |V|=1.008953 ang=-0.781832 dt=0.020s
[TX progress] t=77.005s/120.000s state=NEXT_STEP updated=0/1 P=0.026454 Q=0.020689 (interface=0.026454+j0.020689 pu) |V|=1.008960 ang=-0.758164 dt=0.020s
[TX progress] t=77.505s/120.000s state=NEXT_STEP updated=0/1 P=0.026439 Q=0.020671 (interface=0.026439+j0.020671 pu) |V|=1.008967 ang=-0.734458 dt=0.020s
[TX progress] t=78.005s/120.000s state=NEXT_STEP updated=0/1 P=0.026424 Q=0.020652 (interface=0.026424+j0.020652 pu) |V|=1.008973 ang=-0.710714 dt=0.020s
[TX progress] t=78.505s/120.000s state=NEXT_STEP updated=0/1 P=0.026408 Q=0.020633 (interface=0.026408+j0.020633 pu) |V|=1.008980 ang=-0.686932 dt=0.020s
[TX progress] t=79.005s/120.000s state=NEXT_STEP updated=0/1 P=0.026393 Q=0.020615 (interface=0.026393+j0.020615 pu) |V|=1.008987 ang=-0.663111 dt=0.020s
[TX progress] t=79.505s/120.000s state=NEXT_STEP updated=0/1 P=0.026378 Q=0.020595 (interface=0.026378+j0.020595 pu) |V|=1.008994 ang=-0.639252 dt=0.020s
[TX progress] t=80.005s/120.000s state=NEXT_STEP updated=0/1 P=0.026362 Q=0.020576 (interface=0.026362+j0.020576 pu) |V|=1.009001 ang=-0.615353 dt=0.020s
[TX progress] t=80.505s/120.000s state=NEXT_STEP updated=0/1 P=0.026346 Q=0.020556 (interface=0.026346+j0.020556 pu) |V|=1.009009 ang=-0.591415 dt=0.020s
[TX progress] t=81.005s/120.000s state=NEXT_STEP updated=0/1 P=0.026331 Q=0.020536 (interface=0.026331+j0.020536 pu) |V|=1.009016 ang=-0.567438 dt=0.020s
[TX progress] t=81.505s/120.000s state=NEXT_STEP updated=0/1 P=0.026315 Q=0.020517 (interface=0.026315+j0.020517 pu) |V|=1.009023 ang=-0.543421 dt=0.020s
[TX progress] t=82.005s/120.000s state=NEXT_STEP updated=0/1 P=0.026299 Q=0.020497 (interface=0.026299+j0.020497 pu) |V|=1.009030 ang=-0.519363 dt=0.020s
[TX progress] t=82.505s/120.000s state=NEXT_STEP updated=0/1 P=0.026282 Q=0.020476 (interface=0.026282+j0.020476 pu) |V|=1.009038 ang=-0.495265 dt=0.020s
[TX progress] t=83.005s/120.000s state=NEXT_STEP updated=0/1 P=0.026266 Q=0.020456 (interface=0.026266+j0.020456 pu) |V|=1.009045 ang=-0.471126 dt=0.020s
[TX progress] t=83.505s/120.000s state=NEXT_STEP updated=0/1 P=0.026250 Q=0.020435 (interface=0.026250+j0.020435 pu) |V|=1.009053 ang=-0.446946 dt=0.020s
[TX progress] t=84.005s/120.000s state=NEXT_STEP updated=0/1 P=0.026233 Q=0.020415 (interface=0.026233+j0.020415 pu) |V|=1.009060 ang=-0.422724 dt=0.020s
[TX progress] t=84.505s/120.000s state=NEXT_STEP updated=0/1 P=0.026217 Q=0.020394 (interface=0.026217+j0.020394 pu) |V|=1.009068 ang=-0.398461 dt=0.020s
[TX progress] t=85.005s/120.000s state=NEXT_STEP updated=0/1 P=0.026200 Q=0.020373 (interface=0.026200+j0.020373 pu) |V|=1.009076 ang=-0.374155 dt=0.020s
[TX progress] t=85.505s/120.000s state=NEXT_STEP updated=0/1 P=0.026183 Q=0.020352 (interface=0.026183+j0.020352 pu) |V|=1.009084 ang=-0.349806 dt=0.020s
[TX progress] t=86.005s/120.000s state=NEXT_STEP updated=0/1 P=0.026166 Q=0.020330 (interface=0.026166+j0.020330 pu) |V|=1.009091 ang=-0.325414 dt=0.020s
[TX progress] t=86.505s/120.000s state=NEXT_STEP updated=0/1 P=0.026148 Q=0.020309 (interface=0.026148+j0.020309 pu) |V|=1.009099 ang=-0.300979 dt=0.020s
[TX progress] t=87.005s/120.000s state=NEXT_STEP updated=0/1 P=0.026131 Q=0.020287 (interface=0.026131+j0.020287 pu) |V|=1.009107 ang=-0.276500 dt=0.020s
[TX progress] t=87.505s/120.000s state=NEXT_STEP updated=0/1 P=0.026113 Q=0.020265 (interface=0.026113+j0.020265 pu) |V|=1.009115 ang=-0.251977 dt=0.020s
[TX progress] t=88.005s/120.000s state=NEXT_STEP updated=0/1 P=0.026095 Q=0.020243 (interface=0.026095+j0.020243 pu) |V|=1.009123 ang=-0.227409 dt=0.020s
[TX progress] t=88.505s/120.000s state=NEXT_STEP updated=0/1 P=0.026078 Q=0.020221 (interface=0.026078+j0.020221 pu) |V|=1.009132 ang=-0.202797 dt=0.020s
[TX progress] t=89.005s/120.000s state=NEXT_STEP updated=0/1 P=0.026059 Q=0.020198 (interface=0.026059+j0.020198 pu) |V|=1.009140 ang=-0.178139 dt=0.020s
[TX progress] t=89.505s/120.000s state=NEXT_STEP updated=0/1 P=0.026041 Q=0.020175 (interface=0.026041+j0.020175 pu) |V|=1.009148 ang=-0.153435 dt=0.020s
[TX progress] t=90.005s/120.000s state=NEXT_STEP updated=0/1 P=0.026023 Q=0.020152 (interface=0.026023+j0.020152 pu) |V|=1.009157 ang=-0.128685 dt=0.020s
[TX progress] t=90.505s/120.000s state=NEXT_STEP updated=0/1 P=0.026004 Q=0.020129 (interface=0.026004+j0.020129 pu) |V|=1.009165 ang=-0.103888 dt=0.020s
[TX progress] t=91.005s/120.000s state=NEXT_STEP updated=0/1 P=0.025985 Q=0.020106 (interface=0.025985+j0.020106 pu) |V|=1.009174 ang=-0.079044 dt=0.020s
[TX progress] t=91.505s/120.000s state=NEXT_STEP updated=0/1 P=0.025966 Q=0.020082 (interface=0.025966+j0.020082 pu) |V|=1.009182 ang=-0.054152 dt=0.020s
[TX progress] t=92.005s/120.000s state=NEXT_STEP updated=0/1 P=0.025947 Q=0.020059 (interface=0.025947+j0.020059 pu) |V|=1.009191 ang=-0.029212 dt=0.020s
[TX progress] t=92.505s/120.000s state=NEXT_STEP updated=0/1 P=0.025928 Q=0.020035 (interface=0.025928+j0.020035 pu) |V|=1.009200 ang=-0.004224 dt=0.020s
[TX progress] t=93.005s/120.000s state=NEXT_STEP updated=0/1 P=0.025909 Q=0.020011 (interface=0.025909+j0.020011 pu) |V|=1.009209 ang=0.020813 dt=0.020s
[TX progress] t=93.505s/120.000s state=NEXT_STEP updated=0/1 P=0.025889 Q=0.019986 (interface=0.025889+j0.019986 pu) |V|=1.009218 ang=0.045900 dt=0.020s
[TX progress] t=94.005s/120.000s state=NEXT_STEP updated=0/1 P=0.025869 Q=0.019962 (interface=0.025869+j0.019962 pu) |V|=1.009227 ang=0.071036 dt=0.020s
[TX progress] t=94.505s/120.000s state=NEXT_STEP updated=0/1 P=0.025849 Q=0.019937 (interface=0.025849+j0.019937 pu) |V|=1.009236 ang=0.096224 dt=0.020s
[TX progress] t=95.005s/120.000s state=NEXT_STEP updated=0/1 P=0.025238 Q=0.018928 (interface=0.025238+j0.018928 pu) |V|=1.009766 ang=0.121674 dt=0.020s
[TX progress] t=95.505s/120.000s state=NEXT_STEP updated=0/1 P=0.025066 Q=0.018608 (interface=0.025066+j0.018608 pu) |V|=1.009869 ang=0.147679 dt=0.020s
[TX progress] t=96.005s/120.000s state=NEXT_STEP updated=0/1 P=0.025061 Q=0.018546 (interface=0.025061+j0.018546 pu) |V|=1.009792 ang=0.174559 dt=0.020s
[TX progress] t=96.505s/120.000s state=NEXT_STEP updated=0/1 P=0.025055 Q=0.018485 (interface=0.025055+j0.018485 pu) |V|=1.009779 ang=0.202111 dt=0.020s
[TX progress] t=97.005s/120.000s state=NEXT_STEP updated=0/1 P=0.025048 Q=0.018425 (interface=0.025048+j0.018425 pu) |V|=1.009781 ang=0.229950 dt=0.020s
[TX progress] t=97.505s/120.000s state=NEXT_STEP updated=0/1 P=0.025039 Q=0.018366 (interface=0.025039+j0.018366 pu) |V|=1.009788 ang=0.257845 dt=0.020s
[TX progress] t=98.005s/120.000s state=NEXT_STEP updated=0/1 P=0.025028 Q=0.018307 (interface=0.025028+j0.018307 pu) |V|=1.009797 ang=0.285658 dt=0.020s
[TX progress] t=98.505s/120.000s state=NEXT_STEP updated=0/1 P=0.025015 Q=0.018248 (interface=0.025015+j0.018248 pu) |V|=1.009808 ang=0.313336 dt=0.020s
[TX progress] t=99.005s/120.000s state=NEXT_STEP updated=0/1 P=0.025001 Q=0.018189 (interface=0.025001+j0.018189 pu) |V|=1.009820 ang=0.340881 dt=0.020s
[TX progress] t=99.505s/120.000s state=NEXT_STEP updated=0/1 P=0.024985 Q=0.018131 (interface=0.024985+j0.018131 pu) |V|=1.009834 ang=0.368327 dt=0.020s
[TX progress] t=100.005s/120.000s state=NEXT_STEP updated=0/1 P=0.024967 Q=0.018073 (interface=0.024967+j0.018073 pu) |V|=1.009849 ang=0.395719 dt=0.020s
[TX progress] t=100.505s/120.000s state=NEXT_STEP updated=0/1 P=0.024948 Q=0.018015 (interface=0.024948+j0.018015 pu) |V|=1.009865 ang=0.423103 dt=0.020s
[TX progress] t=101.005s/120.000s state=NEXT_STEP updated=0/1 P=0.024927 Q=0.017957 (interface=0.024927+j0.017957 pu) |V|=1.009882 ang=0.450513 dt=0.020s
[TX progress] t=101.505s/120.000s state=NEXT_STEP updated=0/1 P=0.024905 Q=0.017899 (interface=0.024905+j0.017899 pu) |V|=1.009899 ang=0.477973 dt=0.020s
[TX progress] t=102.005s/120.000s state=NEXT_STEP updated=0/1 P=0.024881 Q=0.017841 (interface=0.024881+j0.017841 pu) |V|=1.009917 ang=0.505496 dt=0.020s
[TX progress] t=102.505s/120.000s state=NEXT_STEP updated=0/1 P=0.024856 Q=0.017783 (interface=0.024856+j0.017783 pu) |V|=1.009935 ang=0.533092 dt=0.020s
[TX progress] t=103.005s/120.000s state=NEXT_STEP updated=0/1 P=0.024830 Q=0.017726 (interface=0.024830+j0.017726 pu) |V|=1.009954 ang=0.560766 dt=0.020s
[TX progress] t=103.505s/120.000s state=NEXT_STEP updated=0/1 P=0.024803 Q=0.017668 (interface=0.024803+j0.017668 pu) |V|=1.009972 ang=0.588521 dt=0.020s
[TX progress] t=104.005s/120.000s state=NEXT_STEP updated=0/1 P=0.024774 Q=0.017610 (interface=0.024774+j0.017610 pu) |V|=1.009991 ang=0.616358 dt=0.020s
[TX progress] t=104.505s/120.000s state=NEXT_STEP updated=0/1 P=0.024744 Q=0.017552 (interface=0.024744+j0.017552 pu) |V|=1.010011 ang=0.644279 dt=0.020s
[TX progress] t=105.005s/120.000s state=NEXT_STEP updated=0/1 P=0.024704 Q=0.017492 (interface=0.024704+j0.017492 pu) |V|=1.010033 ang=0.672287 dt=0.020s
[TX progress] t=105.505s/120.000s state=NEXT_STEP updated=0/1 P=0.024648 Q=0.017425 (interface=0.024648+j0.017425 pu) |V|=1.010060 ang=0.700407 dt=0.020s
[TX progress] t=106.005s/120.000s state=NEXT_STEP updated=0/1 P=0.024589 Q=0.017357 (interface=0.024589+j0.017357 pu) |V|=1.010087 ang=0.728664 dt=0.020s
[TX progress] t=106.505s/120.000s state=NEXT_STEP updated=0/1 P=0.024529 Q=0.017288 (interface=0.024529+j0.017288 pu) |V|=1.010114 ang=0.757085 dt=0.020s
[TX progress] t=107.005s/120.000s state=NEXT_STEP updated=0/1 P=0.024468 Q=0.017220 (interface=0.024468+j0.017220 pu) |V|=1.010140 ang=0.785682 dt=0.020s
[TX progress] t=107.505s/120.000s state=NEXT_STEP updated=0/1 P=0.024407 Q=0.017150 (interface=0.024407+j0.017150 pu) |V|=1.010167 ang=0.814459 dt=0.020s
[TX progress] t=108.005s/120.000s state=NEXT_STEP updated=0/1 P=0.024346 Q=0.017080 (interface=0.024346+j0.017080 pu) |V|=1.010193 ang=0.843414 dt=0.020s
[TX progress] t=108.505s/120.000s state=NEXT_STEP updated=0/1 P=0.024284 Q=0.017010 (interface=0.024284+j0.017010 pu) |V|=1.010220 ang=0.872545 dt=0.020s
[TX progress] t=109.005s/120.000s state=NEXT_STEP updated=0/1 P=0.024221 Q=0.016939 (interface=0.024221+j0.016939 pu) |V|=1.010247 ang=0.901846 dt=0.020s
[TX progress] t=109.505s/120.000s state=NEXT_STEP updated=0/1 P=0.024158 Q=0.016868 (interface=0.024158+j0.016868 pu) |V|=1.010274 ang=0.931315 dt=0.020s
[TX progress] t=110.005s/120.000s state=NEXT_STEP updated=0/1 P=0.024094 Q=0.016796 (interface=0.024094+j0.016796 pu) |V|=1.010301 ang=0.960950 dt=0.020s
[TX progress] t=110.505s/120.000s state=NEXT_STEP updated=0/1 P=0.024029 Q=0.016724 (interface=0.024029+j0.016724 pu) |V|=1.010328 ang=0.990748 dt=0.020s
[TX progress] t=111.005s/120.000s state=NEXT_STEP updated=0/1 P=0.023964 Q=0.016652 (interface=0.023964+j0.016652 pu) |V|=1.010356 ang=1.020710 dt=0.020s
[TX progress] t=111.505s/120.000s state=NEXT_STEP updated=0/1 P=0.023899 Q=0.016577 (interface=0.023899+j0.016577 pu) |V|=1.010384 ang=1.050837 dt=0.020s
[TX progress] t=112.005s/120.000s state=NEXT_STEP updated=0/1 P=0.023832 Q=0.016501 (interface=0.023832+j0.016501 pu) |V|=1.010412 ang=1.081129 dt=0.020s
[TX progress] t=112.505s/120.000s state=NEXT_STEP updated=0/1 P=0.023765 Q=0.016425 (interface=0.023765+j0.016425 pu) |V|=1.010441 ang=1.111588 dt=0.020s
[TX progress] t=113.005s/120.000s state=NEXT_STEP updated=0/1 P=0.023697 Q=0.016347 (interface=0.023697+j0.016347 pu) |V|=1.010470 ang=1.142216 dt=0.020s
[TX progress] t=113.505s/120.000s state=NEXT_STEP updated=0/1 P=0.023628 Q=0.016269 (interface=0.023628+j0.016269 pu) |V|=1.010500 ang=1.173017 dt=0.020s
[TX progress] t=114.005s/120.000s state=NEXT_STEP updated=0/1 P=0.023558 Q=0.016190 (interface=0.023558+j0.016190 pu) |V|=1.010530 ang=1.203992 dt=0.020s
[TX progress] t=114.505s/120.000s state=NEXT_STEP updated=0/1 P=0.023487 Q=0.016110 (interface=0.023487+j0.016110 pu) |V|=1.010560 ang=1.235144 dt=0.020s
[TX progress] t=115.005s/120.000s state=NEXT_STEP updated=0/1 P=0.023416 Q=0.016030 (interface=0.023416+j0.016030 pu) |V|=1.010590 ang=1.266475 dt=0.020s
[TX progress] t=115.505s/120.000s state=NEXT_STEP updated=0/1 P=0.023343 Q=0.015948 (interface=0.023343+j0.015948 pu) |V|=1.010621 ang=1.297989 dt=0.020s
[TX progress] t=116.005s/120.000s state=NEXT_STEP updated=0/1 P=0.023269 Q=0.015866 (interface=0.023269+j0.015866 pu) |V|=1.010652 ang=1.329687 dt=0.020s
[TX progress] t=116.505s/120.000s state=NEXT_STEP updated=0/1 P=0.023195 Q=0.015783 (interface=0.023195+j0.015783 pu) |V|=1.010683 ang=1.361573 dt=0.020s
[TX progress] t=117.005s/120.000s state=NEXT_STEP updated=0/1 P=0.023119 Q=0.015699 (interface=0.023119+j0.015699 pu) |V|=1.010715 ang=1.393649 dt=0.020s
[TX progress] t=117.505s/120.000s state=NEXT_STEP updated=0/1 P=0.023043 Q=0.015613 (interface=0.023043+j0.015613 pu) |V|=1.010748 ang=1.425917 dt=0.020s
[TX progress] t=118.005s/120.000s state=NEXT_STEP updated=0/1 P=0.022965 Q=0.015527 (interface=0.022965+j0.015527 pu) |V|=1.010780 ang=1.458381 dt=0.020s
[TX progress] t=118.505s/120.000s state=NEXT_STEP updated=0/1 P=0.022886 Q=0.015440 (interface=0.022886+j0.015440 pu) |V|=1.010813 ang=1.491044 dt=0.020s
[TX progress] t=119.005s/120.000s state=NEXT_STEP updated=0/1 P=0.022806 Q=0.015352 (interface=0.022806+j0.015352 pu) |V|=1.010847 ang=1.523908 dt=0.020s
[TX progress] t=119.505s/120.000s state=NEXT_STEP updated=0/1 P=0.022724 Q=0.015262 (interface=0.022724+j0.015262 pu) |V|=1.010881 ang=1.556977 dt=0.020s
[TX progress] t=120.000s/120.000s state=NEXT_STEP updated=0/1 P=0.022642 Q=0.015171 (interface=0.022642+j0.015171 pu) |V|=1.010916 ang=1.589920 dt=0.020s
Transmission: saved timeseries CSV to /home/teng/benchmark_118_10_8500_Andes_OpenDSS/transmission_timeseries.csv
Transmission: saved alert CSV to /home/teng/benchmark_118_10_8500_Andes_OpenDSS/bus14_fidvr_alerts.csv
[TX ALERT SUMMARY] Bus 14 |V| Alert.1 Fault Alert: triggered at t=1.005s, V=0.4377 pu (normalized=0.4340 pu). normalized drop=0.566 pu from 1.000 pu over 0.005 s (ref=1.009 pu)
[TX ALERT SUMMARY] Bus 14 |V| Alert.2 Air Conditioner Stall Alert: not triggered.
[TX ALERT SUMMARY] Bus 14 |V| Alert.3 Overvoltage Alert: not triggered.
Transmission: Finished.
