Transmission: HELICS interfaces created.
Transmission config: case=/home/teng/benchmark_118_10_8500_Andes_OpenDSS/ieee14_fault.xlsx interface_bus=14 feeders=1 interface_base=100.000 MVA broker=tcp://127.0.0.1:23406 voltage_topic=TxInterfaceVoltage uninterruptible=False
Transmission base alignment: interface_base=100.000 MVA, andes_base=100.000 MVA, interface_to_system_scale=1.000000
Transmission embedded workbook events: disabled
Transmission disturbance: 3-phase bus fault on bus 14 at t=1.000s for 0.080s (rf=0, xf=0.3)
Transmission primary disturbance: bus fault at bus 14 from t=1.000s to t=1.080s
Transmission: co-simulation step schedule = constant 0.020s
Transmission: entered HELICS initialization mode.
[TX init 01] updated=1/1 P=0.035948 Q=0.016954 (interface=0.035948+j0.016954 pu) |V|=1.008734 ang=-0.177451 dV=1.431e-02 dS=inf
[TX init 02] updated=1/1 P=0.035880 Q=0.017161 (interface=0.035880+j0.017161 pu) |V|=1.008695 ang=-0.177410 dV=5.669e-05 dS=2.182e-04
[TX init 03] updated=1/1 P=0.035845 Q=0.017285 (interface=0.035845+j0.017285 pu) |V|=1.008671 ang=-0.177388 dV=3.268e-05 dS=1.283e-04
[TX init 04] updated=1/1 P=0.035846 Q=0.017286 (interface=0.035846+j0.017286 pu) |V|=1.008671 ang=-0.177388 dV=5.173e-07 dS=1.860e-06
[TX init 05] updated=1/1 P=0.035846 Q=0.017287 (interface=0.035846+j0.017287 pu) |V|=1.008670 ang=-0.177388 dV=1.230e-07 dS=5.216e-07
[TX init 06] updated=0/1 P=0.035846 Q=0.017287 (interface=0.035846+j0.017287 pu) |V|=1.008670 ang=-0.177388 dV=0.000e+00 dS=0.000e+00
Transmission: initialization handshake converged.
/home/teng/miniforge3/envs/cosim/lib/python3.12/site-packages/andes/routines/tds.py:370: RuntimeWarning: invalid value encountered in scalar divide
  perc = round((dae.t - config.t0) / (config.tf - config.t0) * 100, 2)
Interface bus 14 initial voltage: 0.992842-0.177989j
Interface bus 14 initial voltage mag: 1.008670
Interface bus 14 initial voltage angle: -0.177388
DistLoad p0=0.035846, q0=0.017287
Transmission: target simulation time = 120.000 s
[TX progress] t=0.500s/120.000s state=NEXT_STEP updated=0/1 P=0.035846 Q=0.017287 (interface=0.035846+j0.017287 pu) |V|=1.008670 ang=-0.177388 dt=0.020s
<Fault Fault_Interface>: Applying fault on Bus (idx=14) at t=1.0 sec.
[TX progress] t=1.000s/120.000s state=NEXT_STEP updated=0/1 P=0.035846 Q=0.017287 (interface=0.035846+j0.017287 pu) |V|=1.008670 ang=-0.177389 dt=0.020s
[TX ALERT] t=1.020s Alert.1 Fault Alert V=0.410574 pu | normalized drop=0.593 pu from 1.000 pu over 0.020 s (ref=1.009 pu)
<Fault Fault_Interface>: Clearing fault on Bus (idx=14) at t=1.08 sec.
[TX progress] t=1.500s/120.000s state=NEXT_STEP updated=1/1 P=0.065977 Q=0.068176 (interface=0.065977+j0.068176 pu) |V|=1.011087 ang=-0.227564 dt=0.020s
[TX progress] t=2.000s/120.000s state=NEXT_STEP updated=1/1 P=0.062104 Q=0.063315 (interface=0.062104+j0.063315 pu) |V|=0.996222 ang=-0.324213 dt=0.020s
[TX progress] t=2.500s/120.000s state=NEXT_STEP updated=1/1 P=0.061482 Q=0.062612 (interface=0.061482+j0.062612 pu) |V|=0.993484 ang=-0.407528 dt=0.020s
[TX progress] t=3.000s/120.000s state=NEXT_STEP updated=1/1 P=0.061278 Q=0.062384 (interface=0.061278+j0.062384 pu) |V|=0.992309 ang=-0.484464 dt=0.020s
[TX progress] t=3.500s/120.000s state=NEXT_STEP updated=1/1 P=0.061317 Q=0.062427 (interface=0.061317+j0.062427 pu) |V|=0.992577 ang=-0.552066 dt=0.020s
[TX progress] t=4.000s/120.000s state=NEXT_STEP updated=1/1 P=0.061351 Q=0.062465 (interface=0.061351+j0.062465 pu) |V|=0.992759 ang=-0.613601 dt=0.020s
[TX progress] t=4.500s/120.000s state=NEXT_STEP updated=1/1 P=0.061385 Q=0.062503 (interface=0.061385+j0.062503 pu) |V|=0.992951 ang=-0.670065 dt=0.020s
[TX progress] t=5.000s/120.000s state=NEXT_STEP updated=1/1 P=0.061316 Q=0.062420 (interface=0.061316+j0.062420 pu) |V|=0.993159 ang=-0.723362 dt=0.020s
[TX progress] t=5.500s/120.000s state=NEXT_STEP updated=1/1 P=0.061071 Q=0.062137 (interface=0.061071+j0.062137 pu) |V|=0.993422 ang=-0.774531 dt=0.020s
[TX progress] t=6.000s/120.000s state=NEXT_STEP updated=1/1 P=0.060723 Q=0.061733 (interface=0.060723+j0.061733 pu) |V|=0.993693 ang=-0.824299 dt=0.020s
[TX progress] t=6.500s/120.000s state=NEXT_STEP updated=1/1 P=0.060021 Q=0.060729 (interface=0.060021+j0.060729 pu) |V|=0.994262 ang=-0.872783 dt=0.020s
[TX progress] t=7.000s/120.000s state=NEXT_STEP updated=1/1 P=0.059467 Q=0.060068 (interface=0.059467+j0.060068 pu) |V|=0.994527 ang=-0.919978 dt=0.020s
[TX progress] t=7.500s/120.000s state=NEXT_STEP updated=1/1 P=0.058728 Q=0.059125 (interface=0.058728+j0.059125 pu) |V|=0.994958 ang=-0.965611 dt=0.020s
[TX progress] t=8.000s/120.000s state=NEXT_STEP updated=1/1 P=0.057929 Q=0.058098 (interface=0.057929+j0.058098 pu) |V|=0.995399 ang=-1.009579 dt=0.020s
[TX progress] t=8.500s/120.000s state=NEXT_STEP updated=1/1 P=0.057136 Q=0.057084 (interface=0.057136+j0.057084 pu) |V|=0.995803 ang=-1.051734 dt=0.020s
[TX progress] t=9.000s/120.000s state=NEXT_STEP updated=1/1 P=0.056351 Q=0.056087 (interface=0.056351+j0.056087 pu) |V|=0.996187 ang=-1.092029 dt=0.020s
[TX progress] t=9.500s/120.000s state=NEXT_STEP updated=1/1 P=0.055577 Q=0.055108 (interface=0.055577+j0.055108 pu) |V|=0.996555 ang=-1.130502 dt=0.020s
[TX progress] t=10.000s/120.000s state=NEXT_STEP updated=1/1 P=0.054812 Q=0.054147 (interface=0.054812+j0.054147 pu) |V|=0.996912 ang=-1.167233 dt=0.020s
[TX progress] t=10.500s/120.000s state=NEXT_STEP updated=1/1 P=0.053860 Q=0.052820 (interface=0.053860+j0.052820 pu) |V|=0.997478 ang=-1.202203 dt=0.020s
[TX progress] t=11.000s/120.000s state=NEXT_STEP updated=1/1 P=0.053120 Q=0.051893 (interface=0.053120+j0.051893 pu) |V|=0.997765 ang=-1.235457 dt=0.020s
[TX progress] t=11.500s/120.000s state=NEXT_STEP updated=1/1 P=0.052394 Q=0.050989 (interface=0.052394+j0.050989 pu) |V|=0.998073 ang=-1.266989 dt=0.020s
[TX progress] t=12.000s/120.000s state=NEXT_STEP updated=1/1 P=0.051680 Q=0.050104 (interface=0.051680+j0.050104 pu) |V|=0.998386 ang=-1.296987 dt=0.020s
[TX progress] t=12.500s/120.000s state=NEXT_STEP updated=1/1 P=0.050978 Q=0.049237 (interface=0.050978+j0.049237 pu) |V|=0.998696 ang=-1.325575 dt=0.020s
[TX progress] t=13.000s/120.000s state=NEXT_STEP updated=1/1 P=0.050286 Q=0.048386 (interface=0.050286+j0.048386 pu) |V|=0.999000 ang=-1.352825 dt=0.020s
[TX progress] t=13.500s/120.000s state=NEXT_STEP updated=1/1 P=0.049604 Q=0.047553 (interface=0.049604+j0.047553 pu) |V|=0.999300 ang=-1.378775 dt=0.020s
[TX progress] t=14.000s/120.000s state=NEXT_STEP updated=1/1 P=0.048933 Q=0.046735 (interface=0.048933+j0.046735 pu) |V|=0.999594 ang=-1.403446 dt=0.020s
[TX progress] t=14.500s/120.000s state=NEXT_STEP updated=1/1 P=0.048271 Q=0.045933 (interface=0.048271+j0.045933 pu) |V|=0.999883 ang=-1.426848 dt=0.020s
[TX progress] t=15.000s/120.000s state=NEXT_STEP updated=1/1 P=0.058253 Q=0.060750 (interface=0.058253+j0.060750 pu) |V|=0.992352 ang=-1.456291 dt=0.020s
[TX progress] t=15.500s/120.000s state=NEXT_STEP updated=1/1 P=0.045113 Q=0.041965 (interface=0.045113+j0.041965 pu) |V|=1.002946 ang=-1.485958 dt=0.020s
[TX progress] t=16.000s/120.000s state=NEXT_STEP updated=1/1 P=0.052217 Q=0.051817 (interface=0.052217+j0.051817 pu) |V|=0.996999 ang=-1.521421 dt=0.020s
[TX progress] t=16.500s/120.000s state=NEXT_STEP updated=1/1 P=0.050894 Q=0.050062 (interface=0.050894+j0.050062 pu) |V|=0.997790 ang=-1.552922 dt=0.020s
[TX progress] t=17.000s/120.000s state=NEXT_STEP updated=1/1 P=0.049712 Q=0.048700 (interface=0.049712+j0.048700 pu) |V|=0.998657 ang=-1.585216 dt=0.020s
[TX progress] t=17.500s/120.000s state=NEXT_STEP updated=1/1 P=0.054320 Q=0.055461 (interface=0.054320+j0.055461 pu) |V|=0.995905 ang=-1.619606 dt=0.020s
[TX progress] t=18.000s/120.000s state=NEXT_STEP updated=1/1 P=0.050699 Q=0.050323 (interface=0.050699+j0.050323 pu) |V|=0.998149 ang=-1.651776 dt=0.020s
[TX progress] t=18.500s/120.000s state=NEXT_STEP updated=1/1 P=0.049821 Q=0.049250 (interface=0.049821+j0.049250 pu) |V|=0.998611 ang=-1.682888 dt=0.020s
[TX progress] t=19.000s/120.000s state=NEXT_STEP updated=1/1 P=0.052308 Q=0.052944 (interface=0.052308+j0.052944 pu) |V|=0.997014 ang=-1.712647 dt=0.020s
[TX progress] t=19.500s/120.000s state=NEXT_STEP updated=1/1 P=0.048729 Q=0.047940 (interface=0.048729+j0.047940 pu) |V|=0.999135 ang=-1.739060 dt=0.020s
[TX progress] t=20.000s/120.000s state=NEXT_STEP updated=1/1 P=0.047769 Q=0.046902 (interface=0.047769+j0.046902 pu) |V|=0.999622 ang=-1.763794 dt=0.020s
[TX progress] t=20.500s/120.000s state=NEXT_STEP updated=1/1 P=0.047262 Q=0.046304 (interface=0.047262+j0.046304 pu) |V|=0.999861 ang=-1.786762 dt=0.020s
[TX progress] t=21.000s/120.000s state=NEXT_STEP updated=1/1 P=0.045526 Q=0.044228 (interface=0.045526+j0.044228 pu) |V|=1.000848 ang=-1.807699 dt=0.020s
[TX progress] t=21.500s/120.000s state=NEXT_STEP updated=1/1 P=0.046270 Q=0.045160 (interface=0.046270+j0.045160 pu) |V|=1.000263 ang=-1.827786 dt=0.020s
[TX progress] t=22.000s/120.000s state=NEXT_STEP updated=1/1 P=0.044560 Q=0.043136 (interface=0.044560+j0.043136 pu) |V|=1.001247 ang=-1.845575 dt=0.020s
[TX progress] t=22.500s/120.000s state=NEXT_STEP updated=1/1 P=0.044187 Q=0.042771 (interface=0.044187+j0.042771 pu) |V|=1.001301 ang=-1.862178 dt=0.020s
[TX progress] t=23.000s/120.000s state=NEXT_STEP updated=1/1 P=0.043893 Q=0.042348 (interface=0.043893+j0.042348 pu) |V|=1.001449 ang=-1.877139 dt=0.020s
[TX progress] t=23.500s/120.000s state=NEXT_STEP updated=1/1 P=0.043914 Q=0.041941 (interface=0.043914+j0.041941 pu) |V|=1.001470 ang=-1.890918 dt=0.020s
[TX progress] t=24.000s/120.000s state=NEXT_STEP updated=1/1 P=0.043647 Q=0.041577 (interface=0.043647+j0.041577 pu) |V|=1.001522 ang=-1.904079 dt=0.020s
[TX progress] t=24.500s/120.000s state=NEXT_STEP updated=1/1 P=0.042960 Q=0.040650 (interface=0.042960+j0.040650 pu) |V|=1.001940 ang=-1.916863 dt=0.020s
[TX progress] t=25.000s/120.000s state=NEXT_STEP updated=1/1 P=0.042544 Q=0.040141 (interface=0.042544+j0.040141 pu) |V|=1.002091 ang=-1.929156 dt=0.020s
[TX progress] t=25.500s/120.000s state=NEXT_STEP updated=1/1 P=0.042138 Q=0.039646 (interface=0.042138+j0.039646 pu) |V|=1.002233 ang=-1.940670 dt=0.020s
[TX progress] t=26.000s/120.000s state=NEXT_STEP updated=1/1 P=0.041741 Q=0.039162 (interface=0.041741+j0.039162 pu) |V|=1.002394 ang=-1.951415 dt=0.020s
[TX progress] t=26.500s/120.000s state=NEXT_STEP updated=1/1 P=0.041394 Q=0.038727 (interface=0.041394+j0.038727 pu) |V|=1.002531 ang=-1.961448 dt=0.020s
[TX progress] t=27.000s/120.000s state=NEXT_STEP updated=1/1 P=0.041082 Q=0.038325 (interface=0.041082+j0.038325 pu) |V|=1.002658 ang=-1.970844 dt=0.020s
[TX progress] t=27.500s/120.000s state=NEXT_STEP updated=1/1 P=0.040774 Q=0.037929 (interface=0.040774+j0.037929 pu) |V|=1.002790 ang=-1.979676 dt=0.020s
[TX progress] t=28.000s/120.000s state=NEXT_STEP updated=1/1 P=0.040469 Q=0.037538 (interface=0.040469+j0.037538 pu) |V|=1.002923 ang=-1.987985 dt=0.020s
[TX progress] t=28.500s/120.000s state=NEXT_STEP updated=1/1 P=0.040168 Q=0.037153 (interface=0.040168+j0.037153 pu) |V|=1.003056 ang=-1.995779 dt=0.020s
[TX progress] t=29.000s/120.000s state=NEXT_STEP updated=1/1 P=0.039879 Q=0.036781 (interface=0.039879+j0.036781 pu) |V|=1.003185 ang=-2.003054 dt=0.020s
[TX progress] t=29.500s/120.000s state=NEXT_STEP updated=1/1 P=0.039633 Q=0.036449 (interface=0.039633+j0.036449 pu) |V|=1.003290 ang=-2.009835 dt=0.020s
[TX progress] t=30.000s/120.000s state=NEXT_STEP updated=1/1 P=0.039389 Q=0.036121 (interface=0.039389+j0.036121 pu) |V|=1.003401 ang=-2.016153 dt=0.020s
[TX progress] t=30.500s/120.000s state=NEXT_STEP updated=1/1 P=0.039146 Q=0.035796 (interface=0.039146+j0.035796 pu) |V|=1.003514 ang=-2.022036 dt=0.020s
[TX progress] t=31.000s/120.000s state=NEXT_STEP updated=1/1 P=0.038904 Q=0.035473 (interface=0.038904+j0.035473 pu) |V|=1.003627 ang=-2.027492 dt=0.020s
[TX progress] t=31.500s/120.000s state=NEXT_STEP updated=1/1 P=0.038482 Q=0.034830 (interface=0.038482+j0.034830 pu) |V|=1.003916 ang=-2.032385 dt=0.020s
[TX progress] t=32.000s/120.000s state=NEXT_STEP updated=1/1 P=0.037518 Q=0.033229 (interface=0.037518+j0.033229 pu) |V|=1.004624 ang=-2.035910 dt=0.020s
[TX progress] t=32.500s/120.000s state=NEXT_STEP updated=1/1 P=0.037289 Q=0.032881 (interface=0.037289+j0.032881 pu) |V|=1.004617 ang=-2.038211 dt=0.020s
[TX progress] t=33.000s/120.000s state=NEXT_STEP updated=1/1 P=0.036885 Q=0.032248 (interface=0.036885+j0.032248 pu) |V|=1.004866 ang=-2.039336 dt=0.020s
[TX progress] t=33.500s/120.000s state=NEXT_STEP updated=1/1 P=0.036663 Q=0.031910 (interface=0.036663+j0.031910 pu) |V|=1.004925 ang=-2.039736 dt=0.020s
[TX progress] t=34.000s/120.000s state=NEXT_STEP updated=1/1 P=0.036442 Q=0.031578 (interface=0.036442+j0.031578 pu) |V|=1.005022 ang=-2.039580 dt=0.020s
[TX progress] t=34.500s/120.000s state=NEXT_STEP updated=1/1 P=0.036220 Q=0.031249 (interface=0.036220+j0.031249 pu) |V|=1.005122 ang=-2.039071 dt=0.020s
[TX progress] t=35.000s/120.000s state=NEXT_STEP updated=1/1 P=0.035998 Q=0.030924 (interface=0.035998+j0.030924 pu) |V|=1.005227 ang=-2.038251 dt=0.020s
[TX progress] t=35.500s/120.000s state=NEXT_STEP updated=1/1 P=0.035774 Q=0.030601 (interface=0.035774+j0.030601 pu) |V|=1.005331 ang=-2.037117 dt=0.020s
[TX progress] t=36.000s/120.000s state=NEXT_STEP updated=1/1 P=0.035551 Q=0.030282 (interface=0.035551+j0.030282 pu) |V|=1.005438 ang=-2.035621 dt=0.020s
[TX progress] t=36.500s/120.000s state=NEXT_STEP updated=1/1 P=0.035326 Q=0.029962 (interface=0.035326+j0.029962 pu) |V|=1.005546 ang=-2.033713 dt=0.020s
[TX progress] t=37.000s/120.000s state=NEXT_STEP updated=1/1 P=0.035101 Q=0.029643 (interface=0.035101+j0.029643 pu) |V|=1.005655 ang=-2.031336 dt=0.020s
[TX progress] t=37.500s/120.000s state=NEXT_STEP updated=1/1 P=0.034876 Q=0.029327 (interface=0.034876+j0.029327 pu) |V|=1.005765 ang=-2.028450 dt=0.020s
[TX progress] t=38.000s/120.000s state=NEXT_STEP updated=1/1 P=0.034649 Q=0.029013 (interface=0.034649+j0.029013 pu) |V|=1.005875 ang=-2.025033 dt=0.020s
[TX progress] t=38.500s/120.000s state=NEXT_STEP updated=1/1 P=0.034421 Q=0.028700 (interface=0.034421+j0.028700 pu) |V|=1.005985 ang=-2.021063 dt=0.020s
[TX progress] t=39.000s/120.000s state=NEXT_STEP updated=1/1 P=0.034191 Q=0.028389 (interface=0.034191+j0.028389 pu) |V|=1.006096 ang=-2.016523 dt=0.020s
[TX progress] t=39.500s/120.000s state=NEXT_STEP updated=1/1 P=0.033961 Q=0.028080 (interface=0.033961+j0.028080 pu) |V|=1.006206 ang=-2.011406 dt=0.020s
[TX progress] t=40.000s/120.000s state=NEXT_STEP updated=1/1 P=0.033730 Q=0.027772 (interface=0.033730+j0.027772 pu) |V|=1.006316 ang=-2.005706 dt=0.020s
[TX progress] t=40.500s/120.000s state=NEXT_STEP updated=1/1 P=0.033493 Q=0.027464 (interface=0.033493+j0.027464 pu) |V|=1.006427 ang=-1.999417 dt=0.020s
[TX progress] t=41.000s/120.000s state=NEXT_STEP updated=1/1 P=0.033234 Q=0.027150 (interface=0.033234+j0.027150 pu) |V|=1.006546 ang=-1.992519 dt=0.020s
[TX progress] t=41.500s/120.000s state=NEXT_STEP updated=1/1 P=0.032973 Q=0.026836 (interface=0.032973+j0.026836 pu) |V|=1.006663 ang=-1.984986 dt=0.020s
[TX progress] t=42.000s/120.000s state=NEXT_STEP updated=1/1 P=0.032709 Q=0.026521 (interface=0.032709+j0.026521 pu) |V|=1.006781 ang=-1.976792 dt=0.020s
[TX progress] t=42.500s/120.000s state=NEXT_STEP updated=1/1 P=0.032441 Q=0.026206 (interface=0.032441+j0.026206 pu) |V|=1.006899 ang=-1.967918 dt=0.020s
[TX progress] t=43.000s/120.000s state=NEXT_STEP updated=1/1 P=0.032171 Q=0.025891 (interface=0.032171+j0.025891 pu) |V|=1.007017 ang=-1.958353 dt=0.020s
[TX progress] t=43.500s/120.000s state=NEXT_STEP updated=1/1 P=0.031892 Q=0.025569 (interface=0.031892+j0.025569 pu) |V|=1.007139 ang=-1.948089 dt=0.020s
[TX progress] t=44.000s/120.000s state=NEXT_STEP updated=1/1 P=0.031606 Q=0.025243 (interface=0.031606+j0.025243 pu) |V|=1.007263 ang=-1.937112 dt=0.020s
[TX progress] t=44.500s/120.000s state=NEXT_STEP updated=1/1 P=0.031318 Q=0.024916 (interface=0.031318+j0.024916 pu) |V|=1.007387 ang=-1.925406 dt=0.020s
[TX progress] t=45.000s/120.000s state=NEXT_STEP updated=1/1 P=0.031028 Q=0.024588 (interface=0.031028+j0.024588 pu) |V|=1.007513 ang=-1.912924 dt=0.020s
[TX progress] t=45.500s/120.000s state=NEXT_STEP updated=1/1 P=0.030735 Q=0.024259 (interface=0.030735+j0.024259 pu) |V|=1.007637 ang=-1.899648 dt=0.020s
[TX progress] t=46.000s/120.000s state=NEXT_STEP updated=1/1 P=0.030439 Q=0.023928 (interface=0.030439+j0.023928 pu) |V|=1.007762 ang=-1.885576 dt=0.020s
[TX progress] t=46.500s/120.000s state=NEXT_STEP updated=1/1 P=0.030140 Q=0.023596 (interface=0.030140+j0.023596 pu) |V|=1.007888 ang=-1.870715 dt=0.020s
[TX progress] t=47.000s/120.000s state=NEXT_STEP updated=1/1 P=0.029838 Q=0.023262 (interface=0.029838+j0.023262 pu) |V|=1.008015 ang=-1.855067 dt=0.020s
[TX progress] t=47.500s/120.000s state=NEXT_STEP updated=1/1 P=0.029534 Q=0.022928 (interface=0.029534+j0.022928 pu) |V|=1.008142 ang=-1.838637 dt=0.020s
[TX progress] t=48.000s/120.000s state=NEXT_STEP updated=1/1 P=0.029229 Q=0.022594 (interface=0.029229+j0.022594 pu) |V|=1.008268 ang=-1.821426 dt=0.020s
[TX progress] t=48.500s/120.000s state=NEXT_STEP updated=1/1 P=0.028920 Q=0.022258 (interface=0.028920+j0.022258 pu) |V|=1.008396 ang=-1.803433 dt=0.020s
[TX progress] t=49.000s/120.000s state=NEXT_STEP updated=1/1 P=0.028607 Q=0.021920 (interface=0.028607+j0.021920 pu) |V|=1.008525 ang=-1.784657 dt=0.020s
[TX progress] t=49.500s/120.000s state=NEXT_STEP updated=1/1 P=0.028289 Q=0.021579 (interface=0.028289+j0.021579 pu) |V|=1.008655 ang=-1.765090 dt=0.020s
[TX progress] t=50.000s/120.000s state=NEXT_STEP updated=1/1 P=0.027968 Q=0.021235 (interface=0.027968+j0.021235 pu) |V|=1.008787 ang=-1.744720 dt=0.020s
[TX progress] t=50.500s/120.000s state=NEXT_STEP updated=1/1 P=0.027641 Q=0.020888 (interface=0.027641+j0.020888 pu) |V|=1.008921 ang=-1.723536 dt=0.020s
[TX progress] t=51.000s/120.000s state=NEXT_STEP updated=1/1 P=0.027309 Q=0.020538 (interface=0.027309+j0.020538 pu) |V|=1.009056 ang=-1.701524 dt=0.020s
[TX progress] t=51.500s/120.000s state=NEXT_STEP updated=1/1 P=0.026603 Q=0.019500 (interface=0.026603+j0.019500 pu) |V|=1.009552 ang=-1.678381 dt=0.020s
[TX progress] t=52.000s/120.000s state=NEXT_STEP updated=1/1 P=0.026076 Q=0.018741 (interface=0.026076+j0.018741 pu) |V|=1.009804 ang=-1.653847 dt=0.020s
[TX progress] t=52.500s/120.000s state=NEXT_STEP updated=1/1 P=0.025807 Q=0.018421 (interface=0.025807+j0.018421 pu) |V|=1.009853 ang=-1.627910 dt=0.020s
[TX progress] t=53.000s/120.000s state=NEXT_STEP updated=1/1 P=0.025535 Q=0.018102 (interface=0.025535+j0.018102 pu) |V|=1.009947 ang=-1.600853 dt=0.020s
[TX progress] t=53.500s/120.000s state=NEXT_STEP updated=1/1 P=0.025287 Q=0.017812 (interface=0.025287+j0.017812 pu) |V|=1.010036 ang=-1.572994 dt=0.020s
[TX progress] t=54.000s/120.000s state=NEXT_STEP updated=1/1 P=0.025222 Q=0.017699 (interface=0.025222+j0.017699 pu) |V|=1.010022 ang=-1.544663 dt=0.020s
[TX progress] t=54.500s/120.000s state=NEXT_STEP updated=1/1 P=0.025157 Q=0.017588 (interface=0.025157+j0.017588 pu) |V|=1.010032 ang=-1.516141 dt=0.020s
[TX progress] t=55.000s/120.000s state=NEXT_STEP updated=1/1 P=0.025091 Q=0.017477 (interface=0.025091+j0.017477 pu) |V|=1.010051 ang=-1.487670 dt=0.020s
[TX progress] t=55.500s/120.000s state=NEXT_STEP updated=1/1 P=0.025025 Q=0.017367 (interface=0.025025+j0.017367 pu) |V|=1.010075 ang=-1.459346 dt=0.020s
[TX progress] t=56.000s/120.000s state=NEXT_STEP updated=1/1 P=0.024957 Q=0.017258 (interface=0.024957+j0.017258 pu) |V|=1.010101 ang=-1.431173 dt=0.020s
[TX progress] t=56.500s/120.000s state=NEXT_STEP updated=1/1 P=0.024889 Q=0.017150 (interface=0.024889+j0.017150 pu) |V|=1.010131 ang=-1.403104 dt=0.020s
[TX progress] t=57.000s/120.000s state=NEXT_STEP updated=1/1 P=0.024820 Q=0.017042 (interface=0.024820+j0.017042 pu) |V|=1.010163 ang=-1.375075 dt=0.020s
[TX progress] t=57.500s/120.000s state=NEXT_STEP updated=1/1 P=0.024750 Q=0.016935 (interface=0.024750+j0.016935 pu) |V|=1.010196 ang=-1.347017 dt=0.020s
[TX progress] t=58.000s/120.000s state=NEXT_STEP updated=1/1 P=0.024679 Q=0.016829 (interface=0.024679+j0.016829 pu) |V|=1.010230 ang=-1.318871 dt=0.020s
[TX progress] t=58.500s/120.000s state=NEXT_STEP updated=1/1 P=0.024608 Q=0.016723 (interface=0.024608+j0.016723 pu) |V|=1.010266 ang=-1.290591 dt=0.020s
[TX progress] t=59.000s/120.000s state=NEXT_STEP updated=1/1 P=0.024536 Q=0.016617 (interface=0.024536+j0.016617 pu) |V|=1.010302 ang=-1.262146 dt=0.020s
[TX progress] t=59.500s/120.000s state=NEXT_STEP updated=1/1 P=0.024463 Q=0.016512 (interface=0.024463+j0.016512 pu) |V|=1.010338 ang=-1.233514 dt=0.020s
[TX progress] t=60.000s/120.000s state=NEXT_STEP updated=1/1 P=0.024389 Q=0.016408 (interface=0.024389+j0.016408 pu) |V|=1.010375 ang=-1.204685 dt=0.020s
[TX progress] t=60.500s/120.000s state=NEXT_STEP updated=1/1 P=0.024315 Q=0.016304 (interface=0.024315+j0.016304 pu) |V|=1.010412 ang=-1.175652 dt=0.020s
[TX progress] t=61.000s/120.000s state=NEXT_STEP updated=1/1 P=0.024228 Q=0.016195 (interface=0.024228+j0.016195 pu) |V|=1.010453 ang=-1.146408 dt=0.020s
[TX progress] t=61.500s/120.000s state=NEXT_STEP updated=1/1 P=0.024133 Q=0.016084 (interface=0.024133+j0.016084 pu) |V|=1.010496 ang=-1.116936 dt=0.020s
[TX progress] t=62.000s/120.000s state=NEXT_STEP updated=1/1 P=0.024037 Q=0.015968 (interface=0.024037+j0.015968 pu) |V|=1.010541 ang=-1.087219 dt=0.020s
[TX progress] t=62.500s/120.000s state=NEXT_STEP updated=1/1 P=0.023942 Q=0.015850 (interface=0.023942+j0.015850 pu) |V|=1.010585 ang=-1.057243 dt=0.020s
[TX progress] t=63.000s/120.000s state=NEXT_STEP updated=1/1 P=0.023846 Q=0.015732 (interface=0.023846+j0.015732 pu) |V|=1.010629 ang=-1.027005 dt=0.020s
[TX progress] t=63.500s/120.000s state=NEXT_STEP updated=1/1 P=0.023750 Q=0.015615 (interface=0.023750+j0.015615 pu) |V|=1.010673 ang=-0.996505 dt=0.020s
[TX progress] t=64.000s/120.000s state=NEXT_STEP updated=1/1 P=0.023653 Q=0.015496 (interface=0.023653+j0.015496 pu) |V|=1.010716 ang=-0.965747 dt=0.020s
[TX progress] t=64.500s/120.000s state=NEXT_STEP updated=1/1 P=0.023555 Q=0.015378 (interface=0.023555+j0.015378 pu) |V|=1.010760 ang=-0.934732 dt=0.020s
[TX progress] t=65.000s/120.000s state=NEXT_STEP updated=1/1 P=0.023457 Q=0.015259 (interface=0.023457+j0.015259 pu) |V|=1.010804 ang=-0.903465 dt=0.020s
[TX progress] t=65.500s/120.000s state=NEXT_STEP updated=1/1 P=0.023359 Q=0.015140 (interface=0.023359+j0.015140 pu) |V|=1.010848 ang=-0.871948 dt=0.020s
[TX progress] t=66.000s/120.000s state=NEXT_STEP updated=1/1 P=0.023260 Q=0.015021 (interface=0.023260+j0.015021 pu) |V|=1.010891 ang=-0.840181 dt=0.020s
[TX progress] t=66.500s/120.000s state=NEXT_STEP updated=1/1 P=0.023160 Q=0.014901 (interface=0.023160+j0.014901 pu) |V|=1.010936 ang=-0.808164 dt=0.020s
[TX progress] t=67.000s/120.000s state=NEXT_STEP updated=1/1 P=0.023060 Q=0.014781 (interface=0.023060+j0.014781 pu) |V|=1.010980 ang=-0.775896 dt=0.020s
[TX progress] t=67.500s/120.000s state=NEXT_STEP updated=1/1 P=0.022958 Q=0.014661 (interface=0.022958+j0.014661 pu) |V|=1.011024 ang=-0.743377 dt=0.020s
[TX progress] t=68.000s/120.000s state=NEXT_STEP updated=1/1 P=0.022857 Q=0.014540 (interface=0.022857+j0.014540 pu) |V|=1.011068 ang=-0.710605 dt=0.020s
[TX progress] t=68.500s/120.000s state=NEXT_STEP updated=1/1 P=0.022754 Q=0.014418 (interface=0.022754+j0.014418 pu) |V|=1.011113 ang=-0.677577 dt=0.020s
[TX progress] t=69.000s/120.000s state=NEXT_STEP updated=1/1 P=0.022651 Q=0.014296 (interface=0.022651+j0.014296 pu) |V|=1.011158 ang=-0.644292 dt=0.020s
[TX progress] t=69.500s/120.000s state=NEXT_STEP updated=1/1 P=0.022547 Q=0.014174 (interface=0.022547+j0.014174 pu) |V|=1.011203 ang=-0.610747 dt=0.020s
[TX progress] t=70.000s/120.000s state=NEXT_STEP updated=1/1 P=0.022442 Q=0.014051 (interface=0.022442+j0.014051 pu) |V|=1.011249 ang=-0.576940 dt=0.020s
[TX progress] t=70.500s/120.000s state=NEXT_STEP updated=1/1 P=0.022336 Q=0.013927 (interface=0.022336+j0.013927 pu) |V|=1.011295 ang=-0.542869 dt=0.020s
[TX progress] t=71.000s/120.000s state=NEXT_STEP updated=1/1 P=0.022229 Q=0.013803 (interface=0.022229+j0.013803 pu) |V|=1.011341 ang=-0.508531 dt=0.020s
[TX progress] t=71.500s/120.000s state=NEXT_STEP updated=1/1 P=0.022122 Q=0.013678 (interface=0.022122+j0.013678 pu) |V|=1.011387 ang=-0.473923 dt=0.020s
[TX progress] t=72.000s/120.000s state=NEXT_STEP updated=1/1 P=0.022013 Q=0.013552 (interface=0.022013+j0.013552 pu) |V|=1.011434 ang=-0.439044 dt=0.020s
[TX progress] t=72.500s/120.000s state=NEXT_STEP updated=1/1 P=0.021904 Q=0.013426 (interface=0.021904+j0.013426 pu) |V|=1.011481 ang=-0.403890 dt=0.020s
[TX progress] t=73.000s/120.000s state=NEXT_STEP updated=1/1 P=0.021793 Q=0.013298 (interface=0.021793+j0.013298 pu) |V|=1.011528 ang=-0.368459 dt=0.020s
[TX progress] t=73.500s/120.000s state=NEXT_STEP updated=1/1 P=0.021681 Q=0.013170 (interface=0.021681+j0.013170 pu) |V|=1.011576 ang=-0.332749 dt=0.020s
[TX progress] t=74.000s/120.000s state=NEXT_STEP updated=1/1 P=0.021568 Q=0.013042 (interface=0.021568+j0.013042 pu) |V|=1.011624 ang=-0.296755 dt=0.020s
[TX progress] t=74.500s/120.000s state=NEXT_STEP updated=1/1 P=0.021454 Q=0.012912 (interface=0.021454+j0.012912 pu) |V|=1.011672 ang=-0.260476 dt=0.020s
[TX progress] t=75.000s/120.000s state=NEXT_STEP updated=1/1 P=0.021347 Q=0.012790 (interface=0.021347+j0.012790 pu) |V|=1.011716 ang=-0.223912 dt=0.020s
[TX progress] t=75.500s/120.000s state=NEXT_STEP updated=1/1 P=0.021251 Q=0.012680 (interface=0.021251+j0.012680 pu) |V|=1.011754 ang=-0.187076 dt=0.020s
[TX progress] t=76.000s/120.000s state=NEXT_STEP updated=1/1 P=0.021168 Q=0.012584 (interface=0.021168+j0.012584 pu) |V|=1.011785 ang=-0.149996 dt=0.020s
[TX progress] t=76.500s/120.000s state=NEXT_STEP updated=1/1 P=0.021084 Q=0.012489 (interface=0.021084+j0.012489 pu) |V|=1.011818 ang=-0.112701 dt=0.020s
[TX progress] t=77.000s/120.000s state=NEXT_STEP updated=1/1 P=0.021001 Q=0.012393 (interface=0.021001+j0.012393 pu) |V|=1.011851 ang=-0.075213 dt=0.020s
[TX progress] t=77.500s/120.000s state=NEXT_STEP updated=1/1 P=0.020918 Q=0.012298 (interface=0.020918+j0.012298 pu) |V|=1.011885 ang=-0.037542 dt=0.020s
[TX progress] t=78.000s/120.000s state=NEXT_STEP updated=1/1 P=0.020834 Q=0.012203 (interface=0.020834+j0.012203 pu) |V|=1.011920 ang=0.000310 dt=0.020s
[TX progress] t=78.500s/120.000s state=NEXT_STEP updated=1/1 P=0.020750 Q=0.012107 (interface=0.020750+j0.012107 pu) |V|=1.011954 ang=0.038349 dt=0.020s
[TX progress] t=79.000s/120.000s state=NEXT_STEP updated=1/1 P=0.020666 Q=0.012012 (interface=0.020666+j0.012012 pu) |V|=1.011989 ang=0.076578 dt=0.020s
[TX progress] t=79.500s/120.000s state=NEXT_STEP updated=1/1 P=0.020582 Q=0.011917 (interface=0.020582+j0.011917 pu) |V|=1.012024 ang=0.115005 dt=0.020s
[TX progress] t=80.000s/120.000s state=NEXT_STEP updated=1/1 P=0.020497 Q=0.011822 (interface=0.020497+j0.011822 pu) |V|=1.012059 ang=0.153634 dt=0.020s
[TX progress] t=80.500s/120.000s state=NEXT_STEP updated=1/1 P=0.020412 Q=0.011727 (interface=0.020412+j0.011727 pu) |V|=1.012095 ang=0.192469 dt=0.020s
[TX progress] t=81.000s/120.000s state=NEXT_STEP updated=1/1 P=0.020327 Q=0.011632 (interface=0.020327+j0.011632 pu) |V|=1.012130 ang=0.231515 dt=0.020s
[TX progress] t=81.500s/120.000s state=NEXT_STEP updated=1/1 P=0.020242 Q=0.011537 (interface=0.020242+j0.011537 pu) |V|=1.012165 ang=0.270774 dt=0.020s
[TX progress] t=82.000s/120.000s state=NEXT_STEP updated=1/1 P=0.020156 Q=0.011442 (interface=0.020156+j0.011442 pu) |V|=1.012201 ang=0.310248 dt=0.020s
[TX progress] t=82.500s/120.000s state=NEXT_STEP updated=1/1 P=0.020070 Q=0.011347 (interface=0.020070+j0.011347 pu) |V|=1.012236 ang=0.349937 dt=0.020s
[TX progress] t=83.000s/120.000s state=NEXT_STEP updated=1/1 P=0.019984 Q=0.011251 (interface=0.019984+j0.011251 pu) |V|=1.012272 ang=0.389843 dt=0.020s
[TX progress] t=83.500s/120.000s state=NEXT_STEP updated=1/1 P=0.019910 Q=0.011170 (interface=0.019910+j0.011170 pu) |V|=1.012300 ang=0.429962 dt=0.020s
[TX progress] t=84.000s/120.000s state=NEXT_STEP updated=1/1 P=0.019907 Q=0.011167 (interface=0.019907+j0.011167 pu) |V|=1.012283 ang=0.470234 dt=0.020s
[TX progress] t=84.500s/120.000s state=NEXT_STEP updated=1/1 P=0.019907 Q=0.011167 (interface=0.019907+j0.011167 pu) |V|=1.012274 ang=0.510574 dt=0.020s
[TX progress] t=85.000s/120.000s state=NEXT_STEP updated=1/1 P=0.019907 Q=0.011167 (interface=0.019907+j0.011167 pu) |V|=1.012269 ang=0.550893 dt=0.020s
[TX progress] t=85.500s/120.000s state=NEXT_STEP updated=1/1 P=0.019907 Q=0.011167 (interface=0.019907+j0.011167 pu) |V|=1.012265 ang=0.591146 dt=0.020s
[TX progress] t=86.000s/120.000s state=NEXT_STEP updated=1/1 P=0.019907 Q=0.011167 (interface=0.019907+j0.011167 pu) |V|=1.012262 ang=0.631319 dt=0.020s
[TX progress] t=86.500s/120.000s state=NEXT_STEP updated=1/1 P=0.019906 Q=0.011167 (interface=0.019906+j0.011167 pu) |V|=1.012260 ang=0.671416 dt=0.020s
[TX progress] t=87.000s/120.000s state=NEXT_STEP updated=1/1 P=0.019906 Q=0.011167 (interface=0.019906+j0.011167 pu) |V|=1.012259 ang=0.711451 dt=0.020s
[TX progress] t=87.500s/120.000s state=NEXT_STEP updated=1/1 P=0.019906 Q=0.011167 (interface=0.019906+j0.011167 pu) |V|=1.012258 ang=0.751440 dt=0.020s
[TX progress] t=88.000s/120.000s state=NEXT_STEP updated=1/1 P=0.019906 Q=0.011167 (interface=0.019906+j0.011167 pu) |V|=1.012257 ang=0.791397 dt=0.020s
[TX progress] t=88.500s/120.000s state=NEXT_STEP updated=1/1 P=0.019906 Q=0.011167 (interface=0.019906+j0.011167 pu) |V|=1.012257 ang=0.831337 dt=0.020s
[TX progress] t=89.000s/120.000s state=NEXT_STEP updated=1/1 P=0.019906 Q=0.011167 (interface=0.019906+j0.011167 pu) |V|=1.012257 ang=0.871269 dt=0.020s
[TX progress] t=89.500s/120.000s state=NEXT_STEP updated=1/1 P=0.019906 Q=0.011167 (interface=0.019906+j0.011167 pu) |V|=1.012257 ang=0.911200 dt=0.020s
[TX progress] t=90.000s/120.000s state=NEXT_STEP updated=1/1 P=0.019906 Q=0.011167 (interface=0.019906+j0.011167 pu) |V|=1.012257 ang=0.951133 dt=0.020s
[TX progress] t=90.500s/120.000s state=NEXT_STEP updated=1/1 P=0.019906 Q=0.011167 (interface=0.019906+j0.011167 pu) |V|=1.012257 ang=0.991070 dt=0.020s
[TX progress] t=91.000s/120.000s state=NEXT_STEP updated=1/1 P=0.019906 Q=0.011167 (interface=0.019906+j0.011167 pu) |V|=1.012257 ang=1.031012 dt=0.020s
[TX progress] t=91.500s/120.000s state=NEXT_STEP updated=1/1 P=0.019906 Q=0.011167 (interface=0.019906+j0.011167 pu) |V|=1.012257 ang=1.070957 dt=0.020s
[TX progress] t=92.000s/120.000s state=NEXT_STEP updated=1/1 P=0.019906 Q=0.011167 (interface=0.019906+j0.011167 pu) |V|=1.012257 ang=1.110905 dt=0.020s
[TX progress] t=92.500s/120.000s state=NEXT_STEP updated=1/1 P=0.019906 Q=0.011167 (interface=0.019906+j0.011167 pu) |V|=1.012257 ang=1.150854 dt=0.020s
[TX progress] t=93.000s/120.000s state=NEXT_STEP updated=1/1 P=0.019906 Q=0.011167 (interface=0.019906+j0.011167 pu) |V|=1.012257 ang=1.190805 dt=0.020s
[TX progress] t=93.500s/120.000s state=NEXT_STEP updated=1/1 P=0.019906 Q=0.011167 (interface=0.019906+j0.011167 pu) |V|=1.012258 ang=1.230756 dt=0.020s
[TX progress] t=94.000s/120.000s state=NEXT_STEP updated=1/1 P=0.019906 Q=0.011167 (interface=0.019906+j0.011167 pu) |V|=1.012258 ang=1.270707 dt=0.020s
[TX progress] t=94.500s/120.000s state=NEXT_STEP updated=1/1 P=0.019906 Q=0.011167 (interface=0.019906+j0.011167 pu) |V|=1.012258 ang=1.310659 dt=0.020s
[TX progress] t=95.000s/120.000s state=NEXT_STEP updated=1/1 P=0.019906 Q=0.011167 (interface=0.019906+j0.011167 pu) |V|=1.012258 ang=1.350610 dt=0.020s
[TX progress] t=95.500s/120.000s state=NEXT_STEP updated=1/1 P=0.019906 Q=0.011167 (interface=0.019906+j0.011167 pu) |V|=1.012258 ang=1.390561 dt=0.020s
[TX progress] t=96.000s/120.000s state=NEXT_STEP updated=1/1 P=0.019906 Q=0.011167 (interface=0.019906+j0.011167 pu) |V|=1.012258 ang=1.430511 dt=0.020s
[TX progress] t=96.500s/120.000s state=NEXT_STEP updated=1/1 P=0.019906 Q=0.011167 (interface=0.019906+j0.011167 pu) |V|=1.012258 ang=1.470462 dt=0.020s
[TX progress] t=97.000s/120.000s state=NEXT_STEP updated=1/1 P=0.019906 Q=0.011167 (interface=0.019906+j0.011167 pu) |V|=1.012258 ang=1.510413 dt=0.020s
[TX progress] t=97.500s/120.000s state=NEXT_STEP updated=1/1 P=0.019906 Q=0.011167 (interface=0.019906+j0.011167 pu) |V|=1.012258 ang=1.550363 dt=0.020s
[TX progress] t=98.000s/120.000s state=NEXT_STEP updated=1/1 P=0.019906 Q=0.011167 (interface=0.019906+j0.011167 pu) |V|=1.012258 ang=1.590314 dt=0.020s
[TX progress] t=98.500s/120.000s state=NEXT_STEP updated=1/1 P=0.019906 Q=0.011167 (interface=0.019906+j0.011167 pu) |V|=1.012258 ang=1.630264 dt=0.020s
[TX progress] t=99.000s/120.000s state=NEXT_STEP updated=1/1 P=0.019906 Q=0.011167 (interface=0.019906+j0.011167 pu) |V|=1.012258 ang=1.670215 dt=0.020s
[TX progress] t=99.500s/120.000s state=NEXT_STEP updated=1/1 P=0.019906 Q=0.011167 (interface=0.019906+j0.011167 pu) |V|=1.012258 ang=1.710165 dt=0.020s
[TX progress] t=100.000s/120.000s state=NEXT_STEP updated=1/1 P=0.019906 Q=0.011167 (interface=0.019906+j0.011167 pu) |V|=1.012258 ang=1.750116 dt=0.020s
[TX progress] t=100.500s/120.000s state=NEXT_STEP updated=1/1 P=0.019906 Q=0.011167 (interface=0.019906+j0.011167 pu) |V|=1.012258 ang=1.790066 dt=0.020s
[TX progress] t=101.000s/120.000s state=NEXT_STEP updated=1/1 P=0.019906 Q=0.011167 (interface=0.019906+j0.011167 pu) |V|=1.012258 ang=1.830017 dt=0.020s
[TX progress] t=101.500s/120.000s state=NEXT_STEP updated=1/1 P=0.019906 Q=0.011167 (interface=0.019906+j0.011167 pu) |V|=1.012258 ang=1.869968 dt=0.020s
[TX progress] t=102.000s/120.000s state=NEXT_STEP updated=1/1 P=0.019906 Q=0.011167 (interface=0.019906+j0.011167 pu) |V|=1.012258 ang=1.909918 dt=0.020s
[TX progress] t=102.500s/120.000s state=NEXT_STEP updated=1/1 P=0.019906 Q=0.011167 (interface=0.019906+j0.011167 pu) |V|=1.012258 ang=1.949869 dt=0.020s
[TX progress] t=103.000s/120.000s state=NEXT_STEP updated=1/1 P=0.019906 Q=0.011167 (interface=0.019906+j0.011167 pu) |V|=1.012258 ang=1.989819 dt=0.020s
[TX progress] t=103.500s/120.000s state=NEXT_STEP updated=1/1 P=0.019906 Q=0.011167 (interface=0.019906+j0.011167 pu) |V|=1.012258 ang=2.029770 dt=0.020s
[TX progress] t=104.000s/120.000s state=NEXT_STEP updated=1/1 P=0.019906 Q=0.011167 (interface=0.019906+j0.011167 pu) |V|=1.012258 ang=2.069720 dt=0.020s
[TX progress] t=104.500s/120.000s state=NEXT_STEP updated=1/1 P=0.019906 Q=0.011167 (interface=0.019906+j0.011167 pu) |V|=1.012258 ang=2.109671 dt=0.020s
[TX progress] t=105.000s/120.000s state=NEXT_STEP updated=1/1 P=0.019906 Q=0.011167 (interface=0.019906+j0.011167 pu) |V|=1.012258 ang=2.149622 dt=0.020s
[TX progress] t=105.500s/120.000s state=NEXT_STEP updated=1/1 P=0.019906 Q=0.011167 (interface=0.019906+j0.011167 pu) |V|=1.012258 ang=2.189572 dt=0.020s
[TX progress] t=106.000s/120.000s state=NEXT_STEP updated=1/1 P=0.019906 Q=0.011167 (interface=0.019906+j0.011167 pu) |V|=1.012258 ang=2.229523 dt=0.020s
[TX progress] t=106.500s/120.000s state=NEXT_STEP updated=1/1 P=0.019906 Q=0.011167 (interface=0.019906+j0.011167 pu) |V|=1.012258 ang=2.269473 dt=0.020s
[TX progress] t=107.000s/120.000s state=NEXT_STEP updated=1/1 P=0.019906 Q=0.011167 (interface=0.019906+j0.011167 pu) |V|=1.012258 ang=2.309424 dt=0.020s
[TX progress] t=107.500s/120.000s state=NEXT_STEP updated=1/1 P=0.019906 Q=0.011167 (interface=0.019906+j0.011167 pu) |V|=1.012258 ang=2.349375 dt=0.020s
[TX progress] t=108.000s/120.000s state=NEXT_STEP updated=1/1 P=0.019906 Q=0.011167 (interface=0.019906+j0.011167 pu) |V|=1.012258 ang=2.389325 dt=0.020s
[TX progress] t=108.500s/120.000s state=NEXT_STEP updated=1/1 P=0.019906 Q=0.011167 (interface=0.019906+j0.011167 pu) |V|=1.012258 ang=2.429276 dt=0.020s
[TX progress] t=109.000s/120.000s state=NEXT_STEP updated=1/1 P=0.019906 Q=0.011167 (interface=0.019906+j0.011167 pu) |V|=1.012258 ang=2.469227 dt=0.020s
[TX progress] t=109.500s/120.000s state=NEXT_STEP updated=1/1 P=0.019906 Q=0.011167 (interface=0.019906+j0.011167 pu) |V|=1.012258 ang=2.509177 dt=0.020s
[TX progress] t=110.000s/120.000s state=NEXT_STEP updated=1/1 P=0.019906 Q=0.011167 (interface=0.019906+j0.011167 pu) |V|=1.012258 ang=2.549128 dt=0.020s
[TX progress] t=110.500s/120.000s state=NEXT_STEP updated=1/1 P=0.019906 Q=0.011167 (interface=0.019906+j0.011167 pu) |V|=1.012258 ang=2.589078 dt=0.020s
[TX progress] t=111.000s/120.000s state=NEXT_STEP updated=1/1 P=0.019906 Q=0.011167 (interface=0.019906+j0.011167 pu) |V|=1.012258 ang=2.629029 dt=0.020s
[TX progress] t=111.500s/120.000s state=NEXT_STEP updated=1/1 P=0.019906 Q=0.011167 (interface=0.019906+j0.011167 pu) |V|=1.012258 ang=2.668979 dt=0.020s
[TX progress] t=112.000s/120.000s state=NEXT_STEP updated=1/1 P=0.019906 Q=0.011167 (interface=0.019906+j0.011167 pu) |V|=1.012258 ang=2.708930 dt=0.020s
[TX progress] t=112.500s/120.000s state=NEXT_STEP updated=1/1 P=0.019906 Q=0.011167 (interface=0.019906+j0.011167 pu) |V|=1.012258 ang=2.748881 dt=0.020s
[TX progress] t=113.000s/120.000s state=NEXT_STEP updated=1/1 P=0.019906 Q=0.011167 (interface=0.019906+j0.011167 pu) |V|=1.012258 ang=2.788831 dt=0.020s
[TX progress] t=113.500s/120.000s state=NEXT_STEP updated=1/1 P=0.019906 Q=0.011167 (interface=0.019906+j0.011167 pu) |V|=1.012258 ang=2.828782 dt=0.020s
[TX progress] t=114.000s/120.000s state=NEXT_STEP updated=1/1 P=0.019906 Q=0.011167 (interface=0.019906+j0.011167 pu) |V|=1.012258 ang=2.868732 dt=0.020s
[TX progress] t=114.500s/120.000s state=NEXT_STEP updated=1/1 P=0.019906 Q=0.011167 (interface=0.019906+j0.011167 pu) |V|=1.012258 ang=2.908683 dt=0.020s
[TX progress] t=115.000s/120.000s state=NEXT_STEP updated=1/1 P=0.019906 Q=0.011167 (interface=0.019906+j0.011167 pu) |V|=1.012258 ang=2.948634 dt=0.020s
[TX progress] t=115.500s/120.000s state=NEXT_STEP updated=1/1 P=0.019906 Q=0.011167 (interface=0.019906+j0.011167 pu) |V|=1.012258 ang=2.988584 dt=0.020s
[TX progress] t=116.000s/120.000s state=NEXT_STEP updated=1/1 P=0.019906 Q=0.011167 (interface=0.019906+j0.011167 pu) |V|=1.012258 ang=3.028535 dt=0.020s
[TX progress] t=116.500s/120.000s state=NEXT_STEP updated=1/1 P=0.019906 Q=0.011167 (interface=0.019906+j0.011167 pu) |V|=1.012258 ang=3.068486 dt=0.020s
[TX progress] t=117.000s/120.000s state=NEXT_STEP updated=1/1 P=0.019906 Q=0.011167 (interface=0.019906+j0.011167 pu) |V|=1.012258 ang=3.108436 dt=0.020s
[TX progress] t=117.500s/120.000s state=NEXT_STEP updated=1/1 P=0.019906 Q=0.011167 (interface=0.019906+j0.011167 pu) |V|=1.012258 ang=3.148387 dt=0.020s
[TX progress] t=118.000s/120.000s state=NEXT_STEP updated=1/1 P=0.019906 Q=0.011167 (interface=0.019906+j0.011167 pu) |V|=1.012258 ang=3.188337 dt=0.020s
[TX progress] t=118.500s/120.000s state=NEXT_STEP updated=1/1 P=0.019906 Q=0.011167 (interface=0.019906+j0.011167 pu) |V|=1.012258 ang=3.228288 dt=0.020s
[TX progress] t=119.000s/120.000s state=NEXT_STEP updated=1/1 P=0.019906 Q=0.011167 (interface=0.019906+j0.011167 pu) |V|=1.012258 ang=3.268238 dt=0.020s
[TX progress] t=119.500s/120.000s state=NEXT_STEP updated=1/1 P=0.019906 Q=0.011167 (interface=0.019906+j0.011167 pu) |V|=1.012258 ang=3.308189 dt=0.020s
[TX progress] t=120.000s/120.000s state=NEXT_STEP updated=1/1 P=0.019906 Q=0.011167 (interface=0.019906+j0.011167 pu) |V|=1.012258 ang=3.348140 dt=0.020s
Transmission: saved timeseries CSV to /home/teng/benchmark_118_10_8500_Andes_OpenDSS/transmission_timeseries.csv
Transmission: saved alert CSV to /home/teng/benchmark_118_10_8500_Andes_OpenDSS/bus14_fidvr_alerts.csv
[TX ALERT SUMMARY] Bus 14 |V| Alert.1 Fault Alert: triggered at t=1.020s, V=0.4106 pu (normalized=0.4070 pu). normalized drop=0.593 pu from 1.000 pu over 0.020 s (ref=1.009 pu)
[TX ALERT SUMMARY] Bus 14 |V| Alert.2 Air Conditioner Stall Alert: not triggered.
[TX ALERT SUMMARY] Bus 14 |V| Alert.3 Overvoltage Alert: not triggered.
Transmission: Finished.
