Transmission: HELICS interfaces created.
Transmission config: case=/home/teng/benchmark_118_10_8500_Andes_OpenDSS/ieee14_fault.xlsx interface_bus=14 feeders=1 interface_base=100.000 MVA broker=tcp://127.0.0.1:23406 voltage_topic=TxInterfaceVoltage uninterruptible=False
Transmission base alignment: interface_base=100.000 MVA, andes_base=100.000 MVA, interface_to_system_scale=1.000000
Transmission embedded workbook events: disabled
Transmission disturbance: 3-phase bus fault on bus 14 at t=1.000s for 0.080s (rf=0, xf=0.3)
Transmission primary disturbance: bus fault at bus 14 from t=1.000s to t=1.080s
Transmission: co-simulation step schedule = constant 0.030s
Transmission: entered HELICS initialization mode.
[TX init 01] updated=1/1 P=0.035948 Q=0.016954 (interface=0.035948+j0.016954 pu) |V|=1.008734 ang=-0.177451 dV=1.431e-02 dS=inf
[TX init 02] updated=1/1 P=0.035880 Q=0.017161 (interface=0.035880+j0.017161 pu) |V|=1.008695 ang=-0.177410 dV=5.669e-05 dS=2.182e-04
[TX init 03] updated=1/1 P=0.035845 Q=0.017285 (interface=0.035845+j0.017285 pu) |V|=1.008671 ang=-0.177388 dV=3.268e-05 dS=1.283e-04
[TX init 04] updated=1/1 P=0.035846 Q=0.017286 (interface=0.035846+j0.017286 pu) |V|=1.008671 ang=-0.177388 dV=5.173e-07 dS=1.860e-06
[TX init 05] updated=1/1 P=0.035846 Q=0.017287 (interface=0.035846+j0.017287 pu) |V|=1.008670 ang=-0.177388 dV=1.230e-07 dS=5.216e-07
[TX init 06] updated=0/1 P=0.035846 Q=0.017287 (interface=0.035846+j0.017287 pu) |V|=1.008670 ang=-0.177388 dV=0.000e+00 dS=0.000e+00
Transmission: initialization handshake converged.
/home/teng/miniforge3/envs/cosim/lib/python3.12/site-packages/andes/routines/tds.py:370: RuntimeWarning: invalid value encountered in scalar divide
  perc = round((dae.t - config.t0) / (config.tf - config.t0) * 100, 2)
Interface bus 14 initial voltage: 0.992842-0.177989j
Interface bus 14 initial voltage mag: 1.008670
Interface bus 14 initial voltage angle: -0.177388
DistLoad p0=0.035846, q0=0.017287
Transmission: target simulation time = 120.000 s
[TX progress] t=0.510s/120.000s state=NEXT_STEP updated=1/1 P=0.035846 Q=0.017287 (interface=0.035846+j0.017287 pu) |V|=1.008670 ang=-0.177388 dt=0.030s
<Fault Fault_Interface>: Applying fault on Bus (idx=14) at t=1.0 sec.
[TX ALERT] t=1.020s Alert.1 Fault Alert V=0.410512 pu | normalized drop=0.593 pu from 1.000 pu over 0.030 s (ref=1.009 pu)
[TX progress] t=1.020s/120.000s state=NEXT_STEP updated=1/1 P=0.035846 Q=0.017287 (interface=0.035846+j0.017287 pu) |V|=0.410512 ang=-0.201500 dt=0.030s
<Fault Fault_Interface>: Clearing fault on Bus (idx=14) at t=1.08 sec.
[TX progress] t=1.500s/120.000s state=NEXT_STEP updated=1/1 P=0.035994 Q=0.017866 (interface=0.035994+j0.017866 pu) |V|=1.036732 ang=-0.203778 dt=0.030s
[TX progress] t=2.010s/120.000s state=NEXT_STEP updated=1/1 P=0.035872 Q=0.017348 (interface=0.035872+j0.017348 pu) |V|=1.014481 ang=-0.252076 dt=0.030s
[TX progress] t=2.520s/120.000s state=NEXT_STEP updated=1/1 P=0.035849 Q=0.017208 (interface=0.035849+j0.017208 pu) |V|=1.010810 ang=-0.263494 dt=0.030s
[TX progress] t=3.000s/120.000s state=NEXT_STEP updated=1/1 P=0.035839 Q=0.017173 (interface=0.035839+j0.017173 pu) |V|=1.009011 ang=-0.263905 dt=0.030s
[TX progress] t=3.510s/120.000s state=NEXT_STEP updated=1/1 P=0.035839 Q=0.017169 (interface=0.035839+j0.017169 pu) |V|=1.009007 ang=-0.257086 dt=0.030s
[TX progress] t=4.020s/120.000s state=NEXT_STEP updated=1/1 P=0.035839 Q=0.017168 (interface=0.035839+j0.017168 pu) |V|=1.008905 ang=-0.248954 dt=0.030s
[TX progress] t=4.500s/120.000s state=NEXT_STEP updated=1/1 P=0.035839 Q=0.017167 (interface=0.035839+j0.017167 pu) |V|=1.008905 ang=-0.241427 dt=0.030s
[TX progress] t=5.010s/120.000s state=NEXT_STEP updated=1/1 P=0.035838 Q=0.017167 (interface=0.035838+j0.017167 pu) |V|=1.008866 ang=-0.234932 dt=0.030s
[TX progress] t=5.520s/120.000s state=NEXT_STEP updated=1/1 P=0.035838 Q=0.017166 (interface=0.035838+j0.017166 pu) |V|=1.008833 ang=-0.230168 dt=0.030s
[TX progress] t=6.000s/120.000s state=NEXT_STEP updated=1/1 P=0.035838 Q=0.017165 (interface=0.035838+j0.017165 pu) |V|=1.008794 ang=-0.227252 dt=0.030s
[TX progress] t=6.510s/120.000s state=NEXT_STEP updated=1/1 P=0.035838 Q=0.017165 (interface=0.035838+j0.017165 pu) |V|=1.008762 ang=-0.225492 dt=0.030s
[TX progress] t=7.020s/120.000s state=NEXT_STEP updated=1/1 P=0.035838 Q=0.017164 (interface=0.035838+j0.017164 pu) |V|=1.008735 ang=-0.224741 dt=0.030s
[TX progress] t=7.500s/120.000s state=NEXT_STEP updated=1/1 P=0.035838 Q=0.017164 (interface=0.035838+j0.017164 pu) |V|=1.008717 ang=-0.224642 dt=0.030s
[TX progress] t=8.010s/120.000s state=NEXT_STEP updated=1/1 P=0.035838 Q=0.017163 (interface=0.035838+j0.017163 pu) |V|=1.008704 ang=-0.224894 dt=0.030s
[TX progress] t=8.520s/120.000s state=NEXT_STEP updated=1/1 P=0.035838 Q=0.017163 (interface=0.035838+j0.017163 pu) |V|=1.008695 ang=-0.225277 dt=0.030s
[TX progress] t=9.000s/120.000s state=NEXT_STEP updated=1/1 P=0.035838 Q=0.017163 (interface=0.035838+j0.017163 pu) |V|=1.008690 ang=-0.225631 dt=0.030s
[TX progress] t=9.510s/120.000s state=NEXT_STEP updated=1/1 P=0.035838 Q=0.017163 (interface=0.035838+j0.017163 pu) |V|=1.008688 ang=-0.225933 dt=0.030s
[TX progress] t=10.020s/120.000s state=NEXT_STEP updated=1/1 P=0.035838 Q=0.017163 (interface=0.035838+j0.017163 pu) |V|=1.008688 ang=-0.226141 dt=0.030s
[TX progress] t=10.500s/120.000s state=NEXT_STEP updated=1/1 P=0.035838 Q=0.017163 (interface=0.035838+j0.017163 pu) |V|=1.008689 ang=-0.226257 dt=0.030s
[TX progress] t=11.010s/120.000s state=NEXT_STEP updated=1/1 P=0.035838 Q=0.017163 (interface=0.035838+j0.017163 pu) |V|=1.008691 ang=-0.226314 dt=0.030s
[TX progress] t=11.520s/120.000s state=NEXT_STEP updated=1/1 P=0.035838 Q=0.017163 (interface=0.035838+j0.017163 pu) |V|=1.008693 ang=-0.226323 dt=0.030s
[TX progress] t=12.000s/120.000s state=NEXT_STEP updated=1/1 P=0.035838 Q=0.017163 (interface=0.035838+j0.017163 pu) |V|=1.008695 ang=-0.226305 dt=0.030s
[TX progress] t=12.510s/120.000s state=NEXT_STEP updated=1/1 P=0.035838 Q=0.017163 (interface=0.035838+j0.017163 pu) |V|=1.008697 ang=-0.226270 dt=0.030s
[TX progress] t=13.020s/120.000s state=NEXT_STEP updated=1/1 P=0.035838 Q=0.017163 (interface=0.035838+j0.017163 pu) |V|=1.008699 ang=-0.226227 dt=0.030s
[TX progress] t=13.500s/120.000s state=NEXT_STEP updated=1/1 P=0.035838 Q=0.017163 (interface=0.035838+j0.017163 pu) |V|=1.008701 ang=-0.226185 dt=0.030s
[TX progress] t=14.010s/120.000s state=NEXT_STEP updated=1/1 P=0.035838 Q=0.017163 (interface=0.035838+j0.017163 pu) |V|=1.008702 ang=-0.226142 dt=0.030s
[TX progress] t=14.520s/120.000s state=NEXT_STEP updated=1/1 P=0.035838 Q=0.017163 (interface=0.035838+j0.017163 pu) |V|=1.008704 ang=-0.226103 dt=0.030s
[TX progress] t=15.000s/120.000s state=NEXT_STEP updated=1/1 P=0.035838 Q=0.017163 (interface=0.035838+j0.017163 pu) |V|=1.008704 ang=-0.226071 dt=0.030s
[TX progress] t=15.510s/120.000s state=NEXT_STEP updated=1/1 P=0.035838 Q=0.017163 (interface=0.035838+j0.017163 pu) |V|=1.008705 ang=-0.226040 dt=0.030s
[TX progress] t=16.020s/120.000s state=NEXT_STEP updated=1/1 P=0.035838 Q=0.017163 (interface=0.035838+j0.017163 pu) |V|=1.008705 ang=-0.226013 dt=0.030s
[TX progress] t=16.500s/120.000s state=NEXT_STEP updated=1/1 P=0.035838 Q=0.017163 (interface=0.035838+j0.017163 pu) |V|=1.008706 ang=-0.225989 dt=0.030s
[TX progress] t=17.010s/120.000s state=NEXT_STEP updated=1/1 P=0.035838 Q=0.017163 (interface=0.035838+j0.017163 pu) |V|=1.008706 ang=-0.225965 dt=0.030s
[TX progress] t=17.520s/120.000s state=NEXT_STEP updated=1/1 P=0.035838 Q=0.017163 (interface=0.035838+j0.017163 pu) |V|=1.008706 ang=-0.225943 dt=0.030s
[TX progress] t=18.000s/120.000s state=NEXT_STEP updated=1/1 P=0.035838 Q=0.017163 (interface=0.035838+j0.017163 pu) |V|=1.008706 ang=-0.225922 dt=0.030s
[TX progress] t=18.510s/120.000s state=NEXT_STEP updated=1/1 P=0.035838 Q=0.017163 (interface=0.035838+j0.017163 pu) |V|=1.008705 ang=-0.225900 dt=0.030s
[TX progress] t=19.020s/120.000s state=NEXT_STEP updated=1/1 P=0.035838 Q=0.017163 (interface=0.035838+j0.017163 pu) |V|=1.008705 ang=-0.225878 dt=0.030s
[TX progress] t=19.500s/120.000s state=NEXT_STEP updated=1/1 P=0.035838 Q=0.017163 (interface=0.035838+j0.017163 pu) |V|=1.008705 ang=-0.225858 dt=0.030s
[TX progress] t=20.010s/120.000s state=NEXT_STEP updated=1/1 P=0.035838 Q=0.017163 (interface=0.035838+j0.017163 pu) |V|=1.008705 ang=-0.225836 dt=0.030s
[TX progress] t=20.520s/120.000s state=NEXT_STEP updated=1/1 P=0.035838 Q=0.017163 (interface=0.035838+j0.017163 pu) |V|=1.008705 ang=-0.225815 dt=0.030s
[TX progress] t=21.000s/120.000s state=NEXT_STEP updated=1/1 P=0.035838 Q=0.017163 (interface=0.035838+j0.017163 pu) |V|=1.008705 ang=-0.225795 dt=0.030s
[TX progress] t=21.510s/120.000s state=NEXT_STEP updated=1/1 P=0.035838 Q=0.017163 (interface=0.035838+j0.017163 pu) |V|=1.008705 ang=-0.225774 dt=0.030s
[TX progress] t=22.020s/120.000s state=NEXT_STEP updated=1/1 P=0.035838 Q=0.017163 (interface=0.035838+j0.017163 pu) |V|=1.008705 ang=-0.225753 dt=0.030s
[TX progress] t=22.500s/120.000s state=NEXT_STEP updated=1/1 P=0.035838 Q=0.017163 (interface=0.035838+j0.017163 pu) |V|=1.008704 ang=-0.225733 dt=0.030s
[TX progress] t=23.010s/120.000s state=NEXT_STEP updated=1/1 P=0.035838 Q=0.017163 (interface=0.035838+j0.017163 pu) |V|=1.008704 ang=-0.225712 dt=0.030s
[TX progress] t=23.520s/120.000s state=NEXT_STEP updated=1/1 P=0.035838 Q=0.017163 (interface=0.035838+j0.017163 pu) |V|=1.008704 ang=-0.225692 dt=0.030s
[TX progress] t=24.000s/120.000s state=NEXT_STEP updated=1/1 P=0.035838 Q=0.017163 (interface=0.035838+j0.017163 pu) |V|=1.008704 ang=-0.225672 dt=0.030s
[TX progress] t=24.510s/120.000s state=NEXT_STEP updated=1/1 P=0.035838 Q=0.017163 (interface=0.035838+j0.017163 pu) |V|=1.008704 ang=-0.225652 dt=0.030s
[TX progress] t=25.020s/120.000s state=NEXT_STEP updated=1/1 P=0.035838 Q=0.017163 (interface=0.035838+j0.017163 pu) |V|=1.008704 ang=-0.225632 dt=0.030s
[TX progress] t=25.500s/120.000s state=NEXT_STEP updated=1/1 P=0.035838 Q=0.017163 (interface=0.035838+j0.017163 pu) |V|=1.008704 ang=-0.225613 dt=0.030s
[TX progress] t=26.010s/120.000s state=NEXT_STEP updated=1/1 P=0.035838 Q=0.017163 (interface=0.035838+j0.017163 pu) |V|=1.008704 ang=-0.225593 dt=0.030s
[TX progress] t=26.520s/120.000s state=NEXT_STEP updated=1/1 P=0.035838 Q=0.017163 (interface=0.035838+j0.017163 pu) |V|=1.008704 ang=-0.225573 dt=0.030s
[TX progress] t=27.000s/120.000s state=NEXT_STEP updated=1/1 P=0.035838 Q=0.017163 (interface=0.035838+j0.017163 pu) |V|=1.008704 ang=-0.225554 dt=0.030s
[TX progress] t=27.510s/120.000s state=NEXT_STEP updated=1/1 P=0.035838 Q=0.017163 (interface=0.035838+j0.017163 pu) |V|=1.008704 ang=-0.225534 dt=0.030s
[TX progress] t=28.020s/120.000s state=NEXT_STEP updated=1/1 P=0.035838 Q=0.017163 (interface=0.035838+j0.017163 pu) |V|=1.008704 ang=-0.225514 dt=0.030s
[TX progress] t=28.500s/120.000s state=NEXT_STEP updated=1/1 P=0.035838 Q=0.017163 (interface=0.035838+j0.017163 pu) |V|=1.008704 ang=-0.225495 dt=0.030s
[TX progress] t=29.010s/120.000s state=NEXT_STEP updated=1/1 P=0.035838 Q=0.017163 (interface=0.035838+j0.017163 pu) |V|=1.008704 ang=-0.225475 dt=0.030s
[TX progress] t=29.520s/120.000s state=NEXT_STEP updated=1/1 P=0.035838 Q=0.017163 (interface=0.035838+j0.017163 pu) |V|=1.008704 ang=-0.225455 dt=0.030s
[TX progress] t=30.000s/120.000s state=NEXT_STEP updated=1/1 P=0.035838 Q=0.017163 (interface=0.035838+j0.017163 pu) |V|=1.008704 ang=-0.225437 dt=0.030s
[TX progress] t=30.510s/120.000s state=NEXT_STEP updated=1/1 P=0.035838 Q=0.017163 (interface=0.035838+j0.017163 pu) |V|=1.008704 ang=-0.225417 dt=0.030s
[TX progress] t=31.020s/120.000s state=NEXT_STEP updated=1/1 P=0.035838 Q=0.017163 (interface=0.035838+j0.017163 pu) |V|=1.008704 ang=-0.225397 dt=0.030s
[TX progress] t=31.500s/120.000s state=NEXT_STEP updated=1/1 P=0.035838 Q=0.017163 (interface=0.035838+j0.017163 pu) |V|=1.008704 ang=-0.225378 dt=0.030s
[TX progress] t=32.010s/120.000s state=NEXT_STEP updated=1/1 P=0.035838 Q=0.017163 (interface=0.035838+j0.017163 pu) |V|=1.008704 ang=-0.225359 dt=0.030s
[TX progress] t=32.520s/120.000s state=NEXT_STEP updated=1/1 P=0.035838 Q=0.017163 (interface=0.035838+j0.017163 pu) |V|=1.008704 ang=-0.225339 dt=0.030s
[TX progress] t=33.000s/120.000s state=NEXT_STEP updated=1/1 P=0.035838 Q=0.017163 (interface=0.035838+j0.017163 pu) |V|=1.008704 ang=-0.225320 dt=0.030s
[TX progress] t=33.510s/120.000s state=NEXT_STEP updated=1/1 P=0.035838 Q=0.017163 (interface=0.035838+j0.017163 pu) |V|=1.008704 ang=-0.225300 dt=0.030s
[TX progress] t=34.020s/120.000s state=NEXT_STEP updated=1/1 P=0.035838 Q=0.017163 (interface=0.035838+j0.017163 pu) |V|=1.008704 ang=-0.225280 dt=0.030s
[TX progress] t=34.500s/120.000s state=NEXT_STEP updated=1/1 P=0.035838 Q=0.017163 (interface=0.035838+j0.017163 pu) |V|=1.008704 ang=-0.225262 dt=0.030s
[TX progress] t=35.010s/120.000s state=NEXT_STEP updated=1/1 P=0.035838 Q=0.017163 (interface=0.035838+j0.017163 pu) |V|=1.008704 ang=-0.225242 dt=0.030s
[TX progress] t=35.520s/120.000s state=NEXT_STEP updated=1/1 P=0.035838 Q=0.017163 (interface=0.035838+j0.017163 pu) |V|=1.008704 ang=-0.225222 dt=0.030s
[TX progress] t=36.000s/120.000s state=NEXT_STEP updated=1/1 P=0.035838 Q=0.017163 (interface=0.035838+j0.017163 pu) |V|=1.008704 ang=-0.225204 dt=0.030s
[TX progress] t=36.510s/120.000s state=NEXT_STEP updated=1/1 P=0.035838 Q=0.017163 (interface=0.035838+j0.017163 pu) |V|=1.008704 ang=-0.225184 dt=0.030s
[TX progress] t=37.020s/120.000s state=NEXT_STEP updated=1/1 P=0.035838 Q=0.017163 (interface=0.035838+j0.017163 pu) |V|=1.008704 ang=-0.225164 dt=0.030s
[TX progress] t=37.500s/120.000s state=NEXT_STEP updated=1/1 P=0.035838 Q=0.017163 (interface=0.035838+j0.017163 pu) |V|=1.008704 ang=-0.225146 dt=0.030s
[TX progress] t=38.010s/120.000s state=NEXT_STEP updated=1/1 P=0.035838 Q=0.017163 (interface=0.035838+j0.017163 pu) |V|=1.008704 ang=-0.225126 dt=0.030s
[TX progress] t=38.520s/120.000s state=NEXT_STEP updated=1/1 P=0.035838 Q=0.017163 (interface=0.035838+j0.017163 pu) |V|=1.008704 ang=-0.225106 dt=0.030s
[TX progress] t=39.000s/120.000s state=NEXT_STEP updated=1/1 P=0.035838 Q=0.017163 (interface=0.035838+j0.017163 pu) |V|=1.008704 ang=-0.225087 dt=0.030s
[TX progress] t=39.510s/120.000s state=NEXT_STEP updated=1/1 P=0.035838 Q=0.017163 (interface=0.035838+j0.017163 pu) |V|=1.008704 ang=-0.225068 dt=0.030s
[TX progress] t=40.020s/120.000s state=NEXT_STEP updated=1/1 P=0.035838 Q=0.017163 (interface=0.035838+j0.017163 pu) |V|=1.008704 ang=-0.225048 dt=0.030s
[TX progress] t=40.500s/120.000s state=NEXT_STEP updated=1/1 P=0.035838 Q=0.017163 (interface=0.035838+j0.017163 pu) |V|=1.008704 ang=-0.225029 dt=0.030s
[TX progress] t=41.010s/120.000s state=NEXT_STEP updated=1/1 P=0.035838 Q=0.017163 (interface=0.035838+j0.017163 pu) |V|=1.008704 ang=-0.225010 dt=0.030s
[TX progress] t=41.520s/120.000s state=NEXT_STEP updated=1/1 P=0.035838 Q=0.017163 (interface=0.035838+j0.017163 pu) |V|=1.008704 ang=-0.224990 dt=0.030s
[TX progress] t=42.000s/120.000s state=NEXT_STEP updated=1/1 P=0.035838 Q=0.017163 (interface=0.035838+j0.017163 pu) |V|=1.008704 ang=-0.224971 dt=0.030s
[TX progress] t=42.510s/120.000s state=NEXT_STEP updated=1/1 P=0.035838 Q=0.017163 (interface=0.035838+j0.017163 pu) |V|=1.008704 ang=-0.224952 dt=0.030s
[TX progress] t=43.020s/120.000s state=NEXT_STEP updated=1/1 P=0.035838 Q=0.017163 (interface=0.035838+j0.017163 pu) |V|=1.008704 ang=-0.224932 dt=0.030s
[TX progress] t=43.500s/120.000s state=NEXT_STEP updated=1/1 P=0.035838 Q=0.017163 (interface=0.035838+j0.017163 pu) |V|=1.008704 ang=-0.224913 dt=0.030s
[TX progress] t=44.010s/120.000s state=NEXT_STEP updated=1/1 P=0.035838 Q=0.017163 (interface=0.035838+j0.017163 pu) |V|=1.008704 ang=-0.224893 dt=0.030s
[TX progress] t=44.520s/120.000s state=NEXT_STEP updated=1/1 P=0.035838 Q=0.017163 (interface=0.035838+j0.017163 pu) |V|=1.008704 ang=-0.224874 dt=0.030s
[TX progress] t=45.000s/120.000s state=NEXT_STEP updated=1/1 P=0.035838 Q=0.017163 (interface=0.035838+j0.017163 pu) |V|=1.008704 ang=-0.224855 dt=0.030s
[TX progress] t=45.510s/120.000s state=NEXT_STEP updated=1/1 P=0.035838 Q=0.017163 (interface=0.035838+j0.017163 pu) |V|=1.008704 ang=-0.224835 dt=0.030s
[TX progress] t=46.020s/120.000s state=NEXT_STEP updated=1/1 P=0.035838 Q=0.017163 (interface=0.035838+j0.017163 pu) |V|=1.008704 ang=-0.224816 dt=0.030s
[TX progress] t=46.500s/120.000s state=NEXT_STEP updated=1/1 P=0.035838 Q=0.017163 (interface=0.035838+j0.017163 pu) |V|=1.008704 ang=-0.224797 dt=0.030s
[TX progress] t=47.010s/120.000s state=NEXT_STEP updated=1/1 P=0.035838 Q=0.017163 (interface=0.035838+j0.017163 pu) |V|=1.008704 ang=-0.224777 dt=0.030s
[TX progress] t=47.520s/120.000s state=NEXT_STEP updated=1/1 P=0.035838 Q=0.017163 (interface=0.035838+j0.017163 pu) |V|=1.008704 ang=-0.224758 dt=0.030s
[TX progress] t=48.000s/120.000s state=NEXT_STEP updated=1/1 P=0.035838 Q=0.017163 (interface=0.035838+j0.017163 pu) |V|=1.008704 ang=-0.224739 dt=0.030s
[TX progress] t=48.510s/120.000s state=NEXT_STEP updated=1/1 P=0.035838 Q=0.017163 (interface=0.035838+j0.017163 pu) |V|=1.008704 ang=-0.224719 dt=0.030s
[TX progress] t=49.020s/120.000s state=NEXT_STEP updated=1/1 P=0.035838 Q=0.017163 (interface=0.035838+j0.017163 pu) |V|=1.008704 ang=-0.224700 dt=0.030s
[TX progress] t=49.500s/120.000s state=NEXT_STEP updated=1/1 P=0.035838 Q=0.017163 (interface=0.035838+j0.017163 pu) |V|=1.008704 ang=-0.224681 dt=0.030s
[TX progress] t=50.010s/120.000s state=NEXT_STEP updated=1/1 P=0.035838 Q=0.017163 (interface=0.035838+j0.017163 pu) |V|=1.008704 ang=-0.224661 dt=0.030s
[TX progress] t=50.520s/120.000s state=NEXT_STEP updated=1/1 P=0.035838 Q=0.017163 (interface=0.035838+j0.017163 pu) |V|=1.008704 ang=-0.224642 dt=0.030s
[TX progress] t=51.000s/120.000s state=NEXT_STEP updated=1/1 P=0.035838 Q=0.017163 (interface=0.035838+j0.017163 pu) |V|=1.008704 ang=-0.224623 dt=0.030s
[TX progress] t=51.510s/120.000s state=NEXT_STEP updated=1/1 P=0.035838 Q=0.017163 (interface=0.035838+j0.017163 pu) |V|=1.008704 ang=-0.224603 dt=0.030s
[TX progress] t=52.020s/120.000s state=NEXT_STEP updated=1/1 P=0.035838 Q=0.017163 (interface=0.035838+j0.017163 pu) |V|=1.008704 ang=-0.224584 dt=0.030s
[TX progress] t=52.500s/120.000s state=NEXT_STEP updated=1/1 P=0.035838 Q=0.017163 (interface=0.035838+j0.017163 pu) |V|=1.008704 ang=-0.224565 dt=0.030s
[TX progress] t=53.010s/120.000s state=NEXT_STEP updated=1/1 P=0.035838 Q=0.017163 (interface=0.035838+j0.017163 pu) |V|=1.008704 ang=-0.224545 dt=0.030s
[TX progress] t=53.520s/120.000s state=NEXT_STEP updated=1/1 P=0.035838 Q=0.017163 (interface=0.035838+j0.017163 pu) |V|=1.008704 ang=-0.224526 dt=0.030s
[TX progress] t=54.000s/120.000s state=NEXT_STEP updated=1/1 P=0.035838 Q=0.017163 (interface=0.035838+j0.017163 pu) |V|=1.008704 ang=-0.224507 dt=0.030s
[TX progress] t=54.510s/120.000s state=NEXT_STEP updated=1/1 P=0.035838 Q=0.017163 (interface=0.035838+j0.017163 pu) |V|=1.008704 ang=-0.224487 dt=0.030s
[TX progress] t=55.020s/120.000s state=NEXT_STEP updated=1/1 P=0.035838 Q=0.017163 (interface=0.035838+j0.017163 pu) |V|=1.008704 ang=-0.224468 dt=0.030s
[TX progress] t=55.500s/120.000s state=NEXT_STEP updated=1/1 P=0.035838 Q=0.017163 (interface=0.035838+j0.017163 pu) |V|=1.008704 ang=-0.224449 dt=0.030s
[TX progress] t=56.010s/120.000s state=NEXT_STEP updated=1/1 P=0.035838 Q=0.017163 (interface=0.035838+j0.017163 pu) |V|=1.008704 ang=-0.224429 dt=0.030s
[TX progress] t=56.520s/120.000s state=NEXT_STEP updated=1/1 P=0.035838 Q=0.017163 (interface=0.035838+j0.017163 pu) |V|=1.008704 ang=-0.224410 dt=0.030s
[TX progress] t=57.000s/120.000s state=NEXT_STEP updated=1/1 P=0.035838 Q=0.017163 (interface=0.035838+j0.017163 pu) |V|=1.008704 ang=-0.224391 dt=0.030s
[TX progress] t=57.510s/120.000s state=NEXT_STEP updated=1/1 P=0.035838 Q=0.017163 (interface=0.035838+j0.017163 pu) |V|=1.008704 ang=-0.224371 dt=0.030s
[TX progress] t=58.020s/120.000s state=NEXT_STEP updated=1/1 P=0.035838 Q=0.017163 (interface=0.035838+j0.017163 pu) |V|=1.008704 ang=-0.224351 dt=0.030s
[TX progress] t=58.500s/120.000s state=NEXT_STEP updated=1/1 P=0.035838 Q=0.017163 (interface=0.035838+j0.017163 pu) |V|=1.008704 ang=-0.224333 dt=0.030s
[TX progress] t=59.010s/120.000s state=NEXT_STEP updated=1/1 P=0.035838 Q=0.017163 (interface=0.035838+j0.017163 pu) |V|=1.008704 ang=-0.224313 dt=0.030s
[TX progress] t=59.520s/120.000s state=NEXT_STEP updated=1/1 P=0.035838 Q=0.017163 (interface=0.035838+j0.017163 pu) |V|=1.008704 ang=-0.224293 dt=0.030s
[TX progress] t=60.000s/120.000s state=NEXT_STEP updated=1/1 P=0.035838 Q=0.017163 (interface=0.035838+j0.017163 pu) |V|=1.008704 ang=-0.224275 dt=0.030s
[TX progress] t=60.510s/120.000s state=NEXT_STEP updated=1/1 P=0.035838 Q=0.017163 (interface=0.035838+j0.017163 pu) |V|=1.008704 ang=-0.224255 dt=0.030s
[TX progress] t=61.020s/120.000s state=NEXT_STEP updated=1/1 P=0.035838 Q=0.017163 (interface=0.035838+j0.017163 pu) |V|=1.008704 ang=-0.224235 dt=0.030s
[TX progress] t=61.500s/120.000s state=NEXT_STEP updated=1/1 P=0.035838 Q=0.017163 (interface=0.035838+j0.017163 pu) |V|=1.008704 ang=-0.224217 dt=0.030s
[TX progress] t=62.010s/120.000s state=NEXT_STEP updated=1/1 P=0.035838 Q=0.017163 (interface=0.035838+j0.017163 pu) |V|=1.008704 ang=-0.224197 dt=0.030s
[TX progress] t=62.520s/120.000s state=NEXT_STEP updated=1/1 P=0.035838 Q=0.017163 (interface=0.035838+j0.017163 pu) |V|=1.008704 ang=-0.224177 dt=0.030s
[TX progress] t=63.000s/120.000s state=NEXT_STEP updated=1/1 P=0.035838 Q=0.017163 (interface=0.035838+j0.017163 pu) |V|=1.008704 ang=-0.224159 dt=0.030s
[TX progress] t=63.510s/120.000s state=NEXT_STEP updated=1/1 P=0.035838 Q=0.017163 (interface=0.035838+j0.017163 pu) |V|=1.008704 ang=-0.224139 dt=0.030s
[TX progress] t=64.020s/120.000s state=NEXT_STEP updated=1/1 P=0.035838 Q=0.017163 (interface=0.035838+j0.017163 pu) |V|=1.008704 ang=-0.224119 dt=0.030s
[TX progress] t=64.500s/120.000s state=NEXT_STEP updated=1/1 P=0.035838 Q=0.017163 (interface=0.035838+j0.017163 pu) |V|=1.008704 ang=-0.224101 dt=0.030s
[TX progress] t=65.010s/120.000s state=NEXT_STEP updated=1/1 P=0.035838 Q=0.017163 (interface=0.035838+j0.017163 pu) |V|=1.008704 ang=-0.224081 dt=0.030s
[TX progress] t=65.520s/120.000s state=NEXT_STEP updated=1/1 P=0.035838 Q=0.017163 (interface=0.035838+j0.017163 pu) |V|=1.008704 ang=-0.224061 dt=0.030s
[TX progress] t=66.000s/120.000s state=NEXT_STEP updated=1/1 P=0.035838 Q=0.017163 (interface=0.035838+j0.017163 pu) |V|=1.008704 ang=-0.224043 dt=0.030s
[TX progress] t=66.510s/120.000s state=NEXT_STEP updated=1/1 P=0.035838 Q=0.017163 (interface=0.035838+j0.017163 pu) |V|=1.008704 ang=-0.224023 dt=0.030s
[TX progress] t=67.020s/120.000s state=NEXT_STEP updated=1/1 P=0.035838 Q=0.017163 (interface=0.035838+j0.017163 pu) |V|=1.008704 ang=-0.224003 dt=0.030s
[TX progress] t=67.500s/120.000s state=NEXT_STEP updated=1/1 P=0.035838 Q=0.017163 (interface=0.035838+j0.017163 pu) |V|=1.008704 ang=-0.223985 dt=0.030s
[TX progress] t=68.010s/120.000s state=NEXT_STEP updated=1/1 P=0.035838 Q=0.017163 (interface=0.035838+j0.017163 pu) |V|=1.008704 ang=-0.223965 dt=0.030s
[TX progress] t=68.520s/120.000s state=NEXT_STEP updated=1/1 P=0.035838 Q=0.017163 (interface=0.035838+j0.017163 pu) |V|=1.008704 ang=-0.223945 dt=0.030s
[TX progress] t=69.000s/120.000s state=NEXT_STEP updated=1/1 P=0.035838 Q=0.017163 (interface=0.035838+j0.017163 pu) |V|=1.008704 ang=-0.223927 dt=0.030s
[TX progress] t=69.510s/120.000s state=NEXT_STEP updated=1/1 P=0.035838 Q=0.017163 (interface=0.035838+j0.017163 pu) |V|=1.008704 ang=-0.223907 dt=0.030s
[TX progress] t=70.020s/120.000s state=NEXT_STEP updated=1/1 P=0.035838 Q=0.017163 (interface=0.035838+j0.017163 pu) |V|=1.008704 ang=-0.223887 dt=0.030s
[TX progress] t=70.500s/120.000s state=NEXT_STEP updated=1/1 P=0.035838 Q=0.017163 (interface=0.035838+j0.017163 pu) |V|=1.008704 ang=-0.223869 dt=0.030s
[TX progress] t=71.010s/120.000s state=NEXT_STEP updated=1/1 P=0.035838 Q=0.017163 (interface=0.035838+j0.017163 pu) |V|=1.008704 ang=-0.223849 dt=0.030s
[TX progress] t=71.520s/120.000s state=NEXT_STEP updated=1/1 P=0.035838 Q=0.017163 (interface=0.035838+j0.017163 pu) |V|=1.008704 ang=-0.223829 dt=0.030s
[TX progress] t=72.000s/120.000s state=NEXT_STEP updated=1/1 P=0.035838 Q=0.017163 (interface=0.035838+j0.017163 pu) |V|=1.008704 ang=-0.223811 dt=0.030s
[TX progress] t=72.510s/120.000s state=NEXT_STEP updated=1/1 P=0.035838 Q=0.017163 (interface=0.035838+j0.017163 pu) |V|=1.008704 ang=-0.223791 dt=0.030s
[TX progress] t=73.020s/120.000s state=NEXT_STEP updated=1/1 P=0.035838 Q=0.017163 (interface=0.035838+j0.017163 pu) |V|=1.008704 ang=-0.223771 dt=0.030s
[TX progress] t=73.500s/120.000s state=NEXT_STEP updated=1/1 P=0.035838 Q=0.017163 (interface=0.035838+j0.017163 pu) |V|=1.008704 ang=-0.223753 dt=0.030s
[TX progress] t=74.010s/120.000s state=NEXT_STEP updated=1/1 P=0.035838 Q=0.017163 (interface=0.035838+j0.017163 pu) |V|=1.008704 ang=-0.223733 dt=0.030s
[TX progress] t=74.520s/120.000s state=NEXT_STEP updated=1/1 P=0.035838 Q=0.017163 (interface=0.035838+j0.017163 pu) |V|=1.008704 ang=-0.223713 dt=0.030s
[TX progress] t=75.000s/120.000s state=NEXT_STEP updated=1/1 P=0.035838 Q=0.017163 (interface=0.035838+j0.017163 pu) |V|=1.008704 ang=-0.223694 dt=0.030s
[TX progress] t=75.510s/120.000s state=NEXT_STEP updated=1/1 P=0.035838 Q=0.017163 (interface=0.035838+j0.017163 pu) |V|=1.008704 ang=-0.223675 dt=0.030s
[TX progress] t=76.020s/120.000s state=NEXT_STEP updated=1/1 P=0.035838 Q=0.017163 (interface=0.035838+j0.017163 pu) |V|=1.008704 ang=-0.223655 dt=0.030s
[TX progress] t=76.500s/120.000s state=NEXT_STEP updated=1/1 P=0.035838 Q=0.017163 (interface=0.035838+j0.017163 pu) |V|=1.008704 ang=-0.223636 dt=0.030s
[TX progress] t=77.010s/120.000s state=NEXT_STEP updated=1/1 P=0.035838 Q=0.017163 (interface=0.035838+j0.017163 pu) |V|=1.008704 ang=-0.223617 dt=0.030s
[TX progress] t=77.520s/120.000s state=NEXT_STEP updated=1/1 P=0.035838 Q=0.017163 (interface=0.035838+j0.017163 pu) |V|=1.008704 ang=-0.223597 dt=0.030s
[TX progress] t=78.000s/120.000s state=NEXT_STEP updated=1/1 P=0.035838 Q=0.017163 (interface=0.035838+j0.017163 pu) |V|=1.008704 ang=-0.223578 dt=0.030s
[TX progress] t=78.510s/120.000s state=NEXT_STEP updated=1/1 P=0.035838 Q=0.017163 (interface=0.035838+j0.017163 pu) |V|=1.008704 ang=-0.223559 dt=0.030s
[TX progress] t=79.020s/120.000s state=NEXT_STEP updated=1/1 P=0.035838 Q=0.017163 (interface=0.035838+j0.017163 pu) |V|=1.008704 ang=-0.223539 dt=0.030s
[TX progress] t=79.500s/120.000s state=NEXT_STEP updated=1/1 P=0.035838 Q=0.017163 (interface=0.035838+j0.017163 pu) |V|=1.008704 ang=-0.223520 dt=0.030s
[TX progress] t=80.010s/120.000s state=NEXT_STEP updated=1/1 P=0.035838 Q=0.017163 (interface=0.035838+j0.017163 pu) |V|=1.008704 ang=-0.223501 dt=0.030s
[TX progress] t=80.520s/120.000s state=NEXT_STEP updated=1/1 P=0.035838 Q=0.017163 (interface=0.035838+j0.017163 pu) |V|=1.008704 ang=-0.223481 dt=0.030s
[TX progress] t=81.000s/120.000s state=NEXT_STEP updated=1/1 P=0.035838 Q=0.017163 (interface=0.035838+j0.017163 pu) |V|=1.008704 ang=-0.223462 dt=0.030s
[TX progress] t=81.510s/120.000s state=NEXT_STEP updated=1/1 P=0.035838 Q=0.017163 (interface=0.035838+j0.017163 pu) |V|=1.008704 ang=-0.223443 dt=0.030s
[TX progress] t=82.020s/120.000s state=NEXT_STEP updated=1/1 P=0.035838 Q=0.017163 (interface=0.035838+j0.017163 pu) |V|=1.008704 ang=-0.223423 dt=0.030s
[TX progress] t=82.500s/120.000s state=NEXT_STEP updated=1/1 P=0.035838 Q=0.017163 (interface=0.035838+j0.017163 pu) |V|=1.008704 ang=-0.223404 dt=0.030s
[TX progress] t=83.010s/120.000s state=NEXT_STEP updated=1/1 P=0.035838 Q=0.017163 (interface=0.035838+j0.017163 pu) |V|=1.008704 ang=-0.223385 dt=0.030s
[TX progress] t=83.520s/120.000s state=NEXT_STEP updated=1/1 P=0.035838 Q=0.017163 (interface=0.035838+j0.017163 pu) |V|=1.008704 ang=-0.223365 dt=0.030s
[TX progress] t=84.000s/120.000s state=NEXT_STEP updated=1/1 P=0.035838 Q=0.017163 (interface=0.035838+j0.017163 pu) |V|=1.008704 ang=-0.223346 dt=0.030s
[TX progress] t=84.510s/120.000s state=NEXT_STEP updated=1/1 P=0.035838 Q=0.017163 (interface=0.035838+j0.017163 pu) |V|=1.008704 ang=-0.223327 dt=0.030s
[TX progress] t=85.020s/120.000s state=NEXT_STEP updated=1/1 P=0.035838 Q=0.017163 (interface=0.035838+j0.017163 pu) |V|=1.008704 ang=-0.223307 dt=0.030s
[TX progress] t=85.500s/120.000s state=NEXT_STEP updated=1/1 P=0.035838 Q=0.017163 (interface=0.035838+j0.017163 pu) |V|=1.008704 ang=-0.223288 dt=0.030s
[TX progress] t=86.010s/120.000s state=NEXT_STEP updated=1/1 P=0.035838 Q=0.017163 (interface=0.035838+j0.017163 pu) |V|=1.008704 ang=-0.223268 dt=0.030s
[TX progress] t=86.520s/120.000s state=NEXT_STEP updated=1/1 P=0.035838 Q=0.017163 (interface=0.035838+j0.017163 pu) |V|=1.008704 ang=-0.223249 dt=0.030s
[TX progress] t=87.000s/120.000s state=NEXT_STEP updated=1/1 P=0.035838 Q=0.017163 (interface=0.035838+j0.017163 pu) |V|=1.008704 ang=-0.223230 dt=0.030s
[TX progress] t=87.510s/120.000s state=NEXT_STEP updated=1/1 P=0.035838 Q=0.017163 (interface=0.035838+j0.017163 pu) |V|=1.008704 ang=-0.223210 dt=0.030s
[TX progress] t=88.020s/120.000s state=NEXT_STEP updated=1/1 P=0.035838 Q=0.017163 (interface=0.035838+j0.017163 pu) |V|=1.008704 ang=-0.223191 dt=0.030s
[TX progress] t=88.500s/120.000s state=NEXT_STEP updated=1/1 P=0.035838 Q=0.017163 (interface=0.035838+j0.017163 pu) |V|=1.008704 ang=-0.223172 dt=0.030s
[TX progress] t=89.010s/120.000s state=NEXT_STEP updated=1/1 P=0.035838 Q=0.017163 (interface=0.035838+j0.017163 pu) |V|=1.008704 ang=-0.223152 dt=0.030s
[TX progress] t=89.520s/120.000s state=NEXT_STEP updated=1/1 P=0.035838 Q=0.017163 (interface=0.035838+j0.017163 pu) |V|=1.008704 ang=-0.223133 dt=0.030s
[TX progress] t=90.000s/120.000s state=NEXT_STEP updated=1/1 P=0.035838 Q=0.017163 (interface=0.035838+j0.017163 pu) |V|=1.008704 ang=-0.223114 dt=0.030s
[TX progress] t=90.510s/120.000s state=NEXT_STEP updated=1/1 P=0.035838 Q=0.017163 (interface=0.035838+j0.017163 pu) |V|=1.008704 ang=-0.223094 dt=0.030s
[TX progress] t=91.020s/120.000s state=NEXT_STEP updated=1/1 P=0.035838 Q=0.017163 (interface=0.035838+j0.017163 pu) |V|=1.008704 ang=-0.223075 dt=0.030s
[TX progress] t=91.500s/120.000s state=NEXT_STEP updated=1/1 P=0.035838 Q=0.017163 (interface=0.035838+j0.017163 pu) |V|=1.008704 ang=-0.223056 dt=0.030s
[TX progress] t=92.010s/120.000s state=NEXT_STEP updated=1/1 P=0.035838 Q=0.017163 (interface=0.035838+j0.017163 pu) |V|=1.008704 ang=-0.223036 dt=0.030s
[TX progress] t=92.520s/120.000s state=NEXT_STEP updated=1/1 P=0.035838 Q=0.017163 (interface=0.035838+j0.017163 pu) |V|=1.008704 ang=-0.223017 dt=0.030s
[TX progress] t=93.000s/120.000s state=NEXT_STEP updated=1/1 P=0.035838 Q=0.017163 (interface=0.035838+j0.017163 pu) |V|=1.008704 ang=-0.222998 dt=0.030s
[TX progress] t=93.510s/120.000s state=NEXT_STEP updated=1/1 P=0.035838 Q=0.017163 (interface=0.035838+j0.017163 pu) |V|=1.008704 ang=-0.222978 dt=0.030s
[TX progress] t=94.020s/120.000s state=NEXT_STEP updated=1/1 P=0.035838 Q=0.017163 (interface=0.035838+j0.017163 pu) |V|=1.008704 ang=-0.222959 dt=0.030s
[TX progress] t=94.500s/120.000s state=NEXT_STEP updated=1/1 P=0.035838 Q=0.017163 (interface=0.035838+j0.017163 pu) |V|=1.008704 ang=-0.222940 dt=0.030s
[TX progress] t=95.010s/120.000s state=NEXT_STEP updated=1/1 P=0.035838 Q=0.017163 (interface=0.035838+j0.017163 pu) |V|=1.008704 ang=-0.222920 dt=0.030s
[TX progress] t=95.520s/120.000s state=NEXT_STEP updated=1/1 P=0.035838 Q=0.017163 (interface=0.035838+j0.017163 pu) |V|=1.008704 ang=-0.222901 dt=0.030s
[TX progress] t=96.000s/120.000s state=NEXT_STEP updated=1/1 P=0.035838 Q=0.017163 (interface=0.035838+j0.017163 pu) |V|=1.008704 ang=-0.222882 dt=0.030s
[TX progress] t=96.510s/120.000s state=NEXT_STEP updated=1/1 P=0.035838 Q=0.017163 (interface=0.035838+j0.017163 pu) |V|=1.008704 ang=-0.222862 dt=0.030s
[TX progress] t=97.020s/120.000s state=NEXT_STEP updated=1/1 P=0.035838 Q=0.017163 (interface=0.035838+j0.017163 pu) |V|=1.008704 ang=-0.222842 dt=0.030s
[TX progress] t=97.500s/120.000s state=NEXT_STEP updated=1/1 P=0.035838 Q=0.017163 (interface=0.035838+j0.017163 pu) |V|=1.008704 ang=-0.222824 dt=0.030s
[TX progress] t=98.010s/120.000s state=NEXT_STEP updated=1/1 P=0.035838 Q=0.017163 (interface=0.035838+j0.017163 pu) |V|=1.008704 ang=-0.222804 dt=0.030s
[TX progress] t=98.520s/120.000s state=NEXT_STEP updated=1/1 P=0.035838 Q=0.017163 (interface=0.035838+j0.017163 pu) |V|=1.008704 ang=-0.222784 dt=0.030s
[TX progress] t=99.000s/120.000s state=NEXT_STEP updated=1/1 P=0.035838 Q=0.017163 (interface=0.035838+j0.017163 pu) |V|=1.008704 ang=-0.222766 dt=0.030s
[TX progress] t=99.510s/120.000s state=NEXT_STEP updated=1/1 P=0.035838 Q=0.017163 (interface=0.035838+j0.017163 pu) |V|=1.008704 ang=-0.222746 dt=0.030s
[TX progress] t=100.020s/120.000s state=NEXT_STEP updated=1/1 P=0.035838 Q=0.017163 (interface=0.035838+j0.017163 pu) |V|=1.008704 ang=-0.222726 dt=0.030s
[TX progress] t=100.500s/120.000s state=NEXT_STEP updated=1/1 P=0.035838 Q=0.017163 (interface=0.035838+j0.017163 pu) |V|=1.008704 ang=-0.222708 dt=0.030s
[TX progress] t=101.010s/120.000s state=NEXT_STEP updated=1/1 P=0.035838 Q=0.017163 (interface=0.035838+j0.017163 pu) |V|=1.008704 ang=-0.222688 dt=0.030s
[TX progress] t=101.520s/120.000s state=NEXT_STEP updated=1/1 P=0.035838 Q=0.017163 (interface=0.035838+j0.017163 pu) |V|=1.008704 ang=-0.222668 dt=0.030s
[TX progress] t=102.000s/120.000s state=NEXT_STEP updated=1/1 P=0.035838 Q=0.017163 (interface=0.035838+j0.017163 pu) |V|=1.008704 ang=-0.222650 dt=0.030s
[TX progress] t=102.510s/120.000s state=NEXT_STEP updated=1/1 P=0.035838 Q=0.017163 (interface=0.035838+j0.017163 pu) |V|=1.008704 ang=-0.222630 dt=0.030s
[TX progress] t=103.020s/120.000s state=NEXT_STEP updated=1/1 P=0.035838 Q=0.017163 (interface=0.035838+j0.017163 pu) |V|=1.008704 ang=-0.222610 dt=0.030s
[TX progress] t=103.500s/120.000s state=NEXT_STEP updated=1/1 P=0.035838 Q=0.017163 (interface=0.035838+j0.017163 pu) |V|=1.008704 ang=-0.222592 dt=0.030s
[TX progress] t=104.010s/120.000s state=NEXT_STEP updated=1/1 P=0.035838 Q=0.017163 (interface=0.035838+j0.017163 pu) |V|=1.008704 ang=-0.222572 dt=0.030s
[TX progress] t=104.520s/120.000s state=NEXT_STEP updated=1/1 P=0.035838 Q=0.017163 (interface=0.035838+j0.017163 pu) |V|=1.008704 ang=-0.222552 dt=0.030s
[TX progress] t=105.000s/120.000s state=NEXT_STEP updated=1/1 P=0.035838 Q=0.017163 (interface=0.035838+j0.017163 pu) |V|=1.008704 ang=-0.222534 dt=0.030s
[TX progress] t=105.510s/120.000s state=NEXT_STEP updated=1/1 P=0.035838 Q=0.017163 (interface=0.035838+j0.017163 pu) |V|=1.008704 ang=-0.222514 dt=0.030s
[TX progress] t=106.020s/120.000s state=NEXT_STEP updated=1/1 P=0.035838 Q=0.017163 (interface=0.035838+j0.017163 pu) |V|=1.008704 ang=-0.222494 dt=0.030s
[TX progress] t=106.500s/120.000s state=NEXT_STEP updated=1/1 P=0.035838 Q=0.017163 (interface=0.035838+j0.017163 pu) |V|=1.008704 ang=-0.222476 dt=0.030s
[TX progress] t=107.010s/120.000s state=NEXT_STEP updated=1/1 P=0.035838 Q=0.017163 (interface=0.035838+j0.017163 pu) |V|=1.008704 ang=-0.222456 dt=0.030s
[TX progress] t=107.520s/120.000s state=NEXT_STEP updated=1/1 P=0.035838 Q=0.017163 (interface=0.035838+j0.017163 pu) |V|=1.008704 ang=-0.222436 dt=0.030s
[TX progress] t=108.000s/120.000s state=NEXT_STEP updated=1/1 P=0.035838 Q=0.017163 (interface=0.035838+j0.017163 pu) |V|=1.008704 ang=-0.222418 dt=0.030s
[TX progress] t=108.510s/120.000s state=NEXT_STEP updated=1/1 P=0.035838 Q=0.017163 (interface=0.035838+j0.017163 pu) |V|=1.008704 ang=-0.222398 dt=0.030s
[TX progress] t=109.020s/120.000s state=NEXT_STEP updated=1/1 P=0.035838 Q=0.017163 (interface=0.035838+j0.017163 pu) |V|=1.008704 ang=-0.222378 dt=0.030s
[TX progress] t=109.500s/120.000s state=NEXT_STEP updated=1/1 P=0.035838 Q=0.017163 (interface=0.035838+j0.017163 pu) |V|=1.008704 ang=-0.222360 dt=0.030s
[TX progress] t=110.010s/120.000s state=NEXT_STEP updated=1/1 P=0.035838 Q=0.017163 (interface=0.035838+j0.017163 pu) |V|=1.008704 ang=-0.222340 dt=0.030s
[TX progress] t=110.520s/120.000s state=NEXT_STEP updated=1/1 P=0.035838 Q=0.017163 (interface=0.035838+j0.017163 pu) |V|=1.008704 ang=-0.222320 dt=0.030s
[TX progress] t=111.000s/120.000s state=NEXT_STEP updated=1/1 P=0.035838 Q=0.017163 (interface=0.035838+j0.017163 pu) |V|=1.008704 ang=-0.222302 dt=0.030s
[TX progress] t=111.510s/120.000s state=NEXT_STEP updated=1/1 P=0.035838 Q=0.017163 (interface=0.035838+j0.017163 pu) |V|=1.008704 ang=-0.222282 dt=0.030s
[TX progress] t=112.020s/120.000s state=NEXT_STEP updated=1/1 P=0.035838 Q=0.017163 (interface=0.035838+j0.017163 pu) |V|=1.008704 ang=-0.222262 dt=0.030s
[TX progress] t=112.500s/120.000s state=NEXT_STEP updated=1/1 P=0.035838 Q=0.017163 (interface=0.035838+j0.017163 pu) |V|=1.008704 ang=-0.222244 dt=0.030s
[TX progress] t=113.010s/120.000s state=NEXT_STEP updated=1/1 P=0.035838 Q=0.017163 (interface=0.035838+j0.017163 pu) |V|=1.008704 ang=-0.222224 dt=0.030s
[TX progress] t=113.520s/120.000s state=NEXT_STEP updated=1/1 P=0.035838 Q=0.017163 (interface=0.035838+j0.017163 pu) |V|=1.008704 ang=-0.222204 dt=0.030s
[TX progress] t=114.000s/120.000s state=NEXT_STEP updated=1/1 P=0.035838 Q=0.017163 (interface=0.035838+j0.017163 pu) |V|=1.008704 ang=-0.222185 dt=0.030s
[TX progress] t=114.510s/120.000s state=NEXT_STEP updated=1/1 P=0.035838 Q=0.017163 (interface=0.035838+j0.017163 pu) |V|=1.008704 ang=-0.222166 dt=0.030s
[TX progress] t=115.020s/120.000s state=NEXT_STEP updated=1/1 P=0.035838 Q=0.017163 (interface=0.035838+j0.017163 pu) |V|=1.008704 ang=-0.222146 dt=0.030s
[TX progress] t=115.500s/120.000s state=NEXT_STEP updated=1/1 P=0.035838 Q=0.017163 (interface=0.035838+j0.017163 pu) |V|=1.008704 ang=-0.222127 dt=0.030s
[TX progress] t=116.010s/120.000s state=NEXT_STEP updated=1/1 P=0.035838 Q=0.017163 (interface=0.035838+j0.017163 pu) |V|=1.008704 ang=-0.222108 dt=0.030s
[TX progress] t=116.520s/120.000s state=NEXT_STEP updated=1/1 P=0.035838 Q=0.017163 (interface=0.035838+j0.017163 pu) |V|=1.008704 ang=-0.222088 dt=0.030s
[TX progress] t=117.000s/120.000s state=NEXT_STEP updated=1/1 P=0.035838 Q=0.017163 (interface=0.035838+j0.017163 pu) |V|=1.008704 ang=-0.222069 dt=0.030s
[TX progress] t=117.510s/120.000s state=NEXT_STEP updated=1/1 P=0.035838 Q=0.017163 (interface=0.035838+j0.017163 pu) |V|=1.008704 ang=-0.222050 dt=0.030s
[TX progress] t=118.020s/120.000s state=NEXT_STEP updated=1/1 P=0.035838 Q=0.017163 (interface=0.035838+j0.017163 pu) |V|=1.008704 ang=-0.222030 dt=0.030s
[TX progress] t=118.500s/120.000s state=NEXT_STEP updated=1/1 P=0.035838 Q=0.017163 (interface=0.035838+j0.017163 pu) |V|=1.008704 ang=-0.222011 dt=0.030s
[TX progress] t=119.010s/120.000s state=NEXT_STEP updated=1/1 P=0.035838 Q=0.017163 (interface=0.035838+j0.017163 pu) |V|=1.008704 ang=-0.221992 dt=0.030s
[TX progress] t=119.520s/120.000s state=NEXT_STEP updated=1/1 P=0.035838 Q=0.017163 (interface=0.035838+j0.017163 pu) |V|=1.008704 ang=-0.221972 dt=0.030s
[TX progress] t=120.000s/120.000s state=NEXT_STEP updated=1/1 P=0.035838 Q=0.017163 (interface=0.035838+j0.017163 pu) |V|=1.008704 ang=-0.221953 dt=0.030s
Transmission: saved timeseries CSV to /home/teng/benchmark_118_10_8500_Andes_OpenDSS/transmission_timeseries.csv
Transmission: saved alert CSV to /home/teng/benchmark_118_10_8500_Andes_OpenDSS/bus14_fidvr_alerts.csv
[TX ALERT SUMMARY] Bus 14 |V| Alert.1 Fault Alert: triggered at t=1.020s, V=0.4105 pu (normalized=0.4070 pu). normalized drop=0.593 pu from 1.000 pu over 0.030 s (ref=1.009 pu)
[TX ALERT SUMMARY] Bus 14 |V| Alert.2 Air Conditioner Stall Alert: not triggered.
[TX ALERT SUMMARY] Bus 14 |V| Alert.3 Overvoltage Alert: not triggered.
Transmission: Finished.
