Transmission: HELICS interfaces created.
Transmission config: case=/home/teng/benchmark_118_10_8500_Andes_OpenDSS/FIDVR/ieee14_fault.xlsx interface_bus=14 feeders=1 interface_base=100.000 MVA broker=tcp://127.0.0.1:23406 voltage_topic=TxInterfaceVoltage uninterruptible=False output_dir=/home/teng/benchmark_118_10_8500_Andes_OpenDSS/FIDVR
Transmission base alignment: interface_base=100.000 MVA, andes_base=100.000 MVA, interface_to_system_scale=1.000000
Transmission embedded workbook events: disabled
Transmission disturbance: 3-phase bus fault on bus 14 at t=1.000s for 0.080s (rf=0, xf=0.3)
Transmission primary disturbance: bus fault at bus 14 from t=1.000s to t=1.080s
Transmission: co-simulation step schedule = 0.003s until t=1.580s, then 0.033s
Transmission: entered HELICS initialization mode.
[TX init 01] updated=1/1 P=0.035948 Q=0.016954 (interface=0.035948+j0.016954 pu) |V|=1.008734 ang=-0.177451 dV=1.431e-02 dS=inf
[TX init 02] updated=1/1 P=0.035880 Q=0.017161 (interface=0.035880+j0.017161 pu) |V|=1.008695 ang=-0.177410 dV=5.669e-05 dS=2.182e-04
[TX init 03] updated=1/1 P=0.035845 Q=0.017285 (interface=0.035845+j0.017285 pu) |V|=1.008671 ang=-0.177388 dV=3.268e-05 dS=1.283e-04
[TX init 04] updated=1/1 P=0.035846 Q=0.017286 (interface=0.035846+j0.017286 pu) |V|=1.008671 ang=-0.177388 dV=5.173e-07 dS=1.860e-06
[TX init 05] updated=1/1 P=0.035846 Q=0.017287 (interface=0.035846+j0.017287 pu) |V|=1.008670 ang=-0.177388 dV=1.230e-07 dS=5.216e-07
[TX init 06] updated=0/1 P=0.035846 Q=0.017287 (interface=0.035846+j0.017287 pu) |V|=1.008670 ang=-0.177388 dV=0.000e+00 dS=0.000e+00
Transmission: initialization handshake converged.
/home/teng/miniforge3/envs/cosim/lib/python3.12/site-packages/andes/routines/tds.py:370: RuntimeWarning: invalid value encountered in scalar divide
  perc = round((dae.t - config.t0) / (config.tf - config.t0) * 100, 2)
Interface bus 14 initial voltage: 0.992842-0.177989j
Interface bus 14 initial voltage mag: 1.008670
Interface bus 14 initial voltage angle: -0.177388
DistLoad p0=0.035846, q0=0.017287
Transmission: target simulation time = 10.000 s
[TX progress] t=0.501s/10.000s state=NEXT_STEP updated=0/1 P=0.035846 Q=0.017287 (interface=0.035846+j0.017287 pu) |V|=1.008670 ang=-0.177388 dt=0.003s
<Fault Fault_Interface>: Applying fault on Bus (idx=14) at t=1.0 sec.
[TX ALERT] t=1.002s Alert.1 Fault Alert V=0.443690 pu | normalized drop=0.560 pu from 1.000 pu over 0.009 s (ref=1.009 pu)
[TX progress] t=1.002s/10.000s state=NEXT_STEP updated=0/1 P=0.035846 Q=0.017287 (interface=0.035846+j0.017287 pu) |V|=0.443690 ang=-0.157748 dt=0.003s
<Fault Fault_Interface>: Clearing fault on Bus (idx=14) at t=1.08 sec.
[TX progress] t=1.500s/10.000s state=NEXT_STEP updated=1/1 P=0.061345 Q=0.070867 (interface=0.061345+j0.070867 pu) |V|=1.010976 ang=-0.220956 dt=0.003s
[TX progress] t=2.013s/10.000s state=NEXT_STEP updated=0/1 P=0.057822 Q=0.065753 (interface=0.057822+j0.065753 pu) |V|=0.995882 ang=-0.310391 dt=0.033s
[TX progress] t=2.517s/10.000s state=NEXT_STEP updated=0/1 P=0.057284 Q=0.065084 (interface=0.057284+j0.065084 pu) |V|=0.993441 ang=-0.382029 dt=0.033s
[TX progress] t=3.021s/10.000s state=NEXT_STEP updated=0/1 P=0.057091 Q=0.064841 (interface=0.057091+j0.064841 pu) |V|=0.992255 ang=-0.447015 dt=0.033s
[TX progress] t=3.525s/10.000s state=NEXT_STEP updated=0/1 P=0.057130 Q=0.064891 (interface=0.057130+j0.064891 pu) |V|=0.992543 ang=-0.502904 dt=0.033s
[TX progress] t=4.029s/10.000s state=NEXT_STEP updated=0/1 P=0.057159 Q=0.064927 (interface=0.057159+j0.064927 pu) |V|=0.992707 ang=-0.553618 dt=0.033s
[TX progress] t=4.500s/10.000s state=NEXT_STEP updated=1/1 P=0.057188 Q=0.064964 (interface=0.057188+j0.064964 pu) |V|=0.992880 ang=-0.597129 dt=0.033s
[TX progress] t=5.001s/10.000s state=NEXT_STEP updated=0/1 P=0.057210 Q=0.064991 (interface=0.057210+j0.064991 pu) |V|=0.993013 ang=-0.641103 dt=0.033s
[TX progress] t=5.505s/10.000s state=NEXT_STEP updated=0/1 P=0.057134 Q=0.064883 (interface=0.057134+j0.064883 pu) |V|=0.993171 ang=-0.683900 dt=0.033s
[TX progress] t=6.009s/10.000s state=NEXT_STEP updated=0/1 P=0.056932 Q=0.064611 (interface=0.056932+j0.064611 pu) |V|=0.993377 ang=-0.725951 dt=0.033s
[TX progress] t=6.513s/10.000s state=NEXT_STEP updated=0/1 P=0.056675 Q=0.064266 (interface=0.056675+j0.064266 pu) |V|=0.993573 ang=-0.767500 dt=0.033s
[TX progress] t=7.017s/10.000s state=NEXT_STEP updated=0/1 P=0.056333 Q=0.063799 (interface=0.056333+j0.063799 pu) |V|=0.993808 ang=-0.808533 dt=0.033s
[TX progress] t=7.521s/10.000s state=NEXT_STEP updated=0/1 P=0.055725 Q=0.062768 (interface=0.055725+j0.062768 pu) |V|=0.994323 ang=-0.848827 dt=0.033s
[TX progress] t=8.025s/10.000s state=NEXT_STEP updated=0/1 P=0.055251 Q=0.062101 (interface=0.055251+j0.062101 pu) |V|=0.994553 ang=-0.888150 dt=0.033s
[TX progress] t=8.529s/10.000s state=NEXT_STEP updated=0/1 P=0.054644 Q=0.061204 (interface=0.054644+j0.061204 pu) |V|=0.994918 ang=-0.926142 dt=0.033s
[TX progress] t=9.000s/10.000s state=NEXT_STEP updated=1/1 P=0.054042 Q=0.060320 (interface=0.054042+j0.060320 pu) |V|=0.995261 ang=-0.960362 dt=0.033s
[TX progress] t=9.501s/10.000s state=NEXT_STEP updated=0/1 P=0.053478 Q=0.059495 (interface=0.053478+j0.059495 pu) |V|=0.995562 ang=-0.995359 dt=0.033s
[TX progress] t=10.000s/10.000s state=NEXT_STEP updated=0/1 P=0.052887 Q=0.058635 (interface=0.052887+j0.058635 pu) |V|=0.995874 ang=-1.028773 dt=0.033s
Transmission: saved timeseries CSV to /home/teng/benchmark_118_10_8500_Andes_OpenDSS/FIDVR/transmission_timeseries.csv
Transmission: saved alert CSV to /home/teng/benchmark_118_10_8500_Andes_OpenDSS/FIDVR/bus14_fidvr_alerts.csv
[TX ALERT SUMMARY] Bus 14 |V| Alert.1 Fault Alert: triggered at t=1.002s, V=0.4437 pu (normalized=0.4399 pu). normalized drop=0.560 pu from 1.000 pu over 0.009 s (ref=1.009 pu)
[TX ALERT SUMMARY] Bus 14 |V| Alert.2 Air Conditioner Stall Alert: not triggered.
[TX ALERT SUMMARY] Bus 14 |V| Alert.3 Overvoltage Alert: not triggered.
Transmission: Finished.
